17:49:26 **** Incremental Build of configuration Debug for project Lab3 ****
make -j12 all 
arm-none-eabi-gcc "../Src/main.c" -mcpu=cortex-m3 -std=gnu11 -g3 -DSTM32 -DSTM32F1 -DSTM32F103C6Tx -DDEBUG -c -I../Inc -O0 -ffunction-sections -fdata-sections -Wall -fstack-usage -MMD -MP -MF"Src/main.d" -MT"Src/main.o" --specs=nano.specs -mfloat-abi=soft -mthumb -o "Src/main.o"
arm-none-eabi-gcc -o "Lab3.elf" @"objects.list"   -mcpu=cortex-m3 -T"D:\Embedded_System_Online_Diploma\Unit 6\Lesson 3\Lab3\STM32F103C6TX_FLASH.ld" --specs=nosys.specs -Wl,-Map="Lab3.map" -Wl,--gc-sections -static --specs=nano.specs -mfloat-abi=soft -mthumb -Wl,--start-group -lc -lm -Wl,--end-group
Finished building target: Lab3.elf
 
arm-none-eabi-objdump -h -S  Lab3.elf  > "Lab3.list"
arm-none-eabi-objcopy  -O binary  Lab3.elf  "Lab3.bin"
arm-none-eabi-size   Lab3.elf 
   text	   data	    bss	    dec	    hex	filename
    740	      8	   1568	   2316	    90c	Lab3.elf
Finished building: default.size.stdout
 
Finished building: Lab3.list
Finished building: Lab3.bin
 
 

17:49:27 Build Finished. 0 errors, 0 warnings. (took 561ms)

