Stm32F103C6_EXTI_Driver.c:45:6:ENABLE_NVIC	16	static
Stm32F103C6_EXTI_Driver.c:83:6:DISABLE_NVIC	16	static
Stm32F103C6_EXTI_Driver.c:121:6:UPDATE_EXTI	24	static
Stm32F103C6_EXTI_Driver.c:192:6:EXTI0_IRQHandler	8	static
Stm32F103C6_EXTI_Driver.c:201:6:EXTI1_IRQHandler	8	static
Stm32F103C6_EXTI_Driver.c:210:6:EXTI2_IRQHandler	8	static
Stm32F103C6_EXTI_Driver.c:218:6:EXTI3_IRQHandler	8	static
Stm32F103C6_EXTI_Driver.c:226:6:EXTI4_IRQHandler	8	static
Stm32F103C6_EXTI_Driver.c:234:6:EXTI9_5_IRQHandler	8	static
Stm32F103C6_EXTI_Driver.c:245:6:EXTI15_10_IRQHandler	8	static
Stm32F103C6_EXTI_Driver.c:274:6:EXTI_GPIO_DeInit	4	static
Stm32F103C6_EXTI_Driver.c:304:6:EXTI_GPIO_Init	16	static
Stm32F103C6_EXTI_Driver.c:320:6:EXTI__GPIO_Update	16	static
