17:40:28 **** Build of configuration Debug for project Lab1_STM32f103c6 ****
make -j12 all 
arm-none-eabi-gcc -mcpu=cortex-m3 -g3 -c -x assembler-with-cpp -MMD -MP -MF"Startup/startup_stm32f103c6ux.d" -MT"Startup/startup_stm32f103c6ux.o" --specs=nano.specs -mfloat-abi=soft -mthumb -o "Startup/startup_stm32f103c6ux.o" "../Startup/startup_stm32f103c6ux.s"
arm-none-eabi-gcc "../Src/main.c" -mcpu=cortex-m3 -std=gnu11 -g3 -DSTM32 -DSTM32F103C6Ux -DSTM32F1 -DDEBUG -c -I../Inc -O0 -ffunction-sections -fdata-sections -Wall -fstack-usage -MMD -MP -MF"Src/main.d" -MT"Src/main.o" --specs=nano.specs -mfloat-abi=soft -mthumb -o "Src/main.o"
arm-none-eabi-gcc "../Src/syscalls.c" -mcpu=cortex-m3 -std=gnu11 -g3 -DSTM32 -DSTM32F103C6Ux -DSTM32F1 -DDEBUG -c -I../Inc -O0 -ffunction-sections -fdata-sections -Wall -fstack-usage -MMD -MP -MF"Src/syscalls.d" -MT"Src/syscalls.o" --specs=nano.specs -mfloat-abi=soft -mthumb -o "Src/syscalls.o"
arm-none-eabi-gcc "../Src/sysmem.c" -mcpu=cortex-m3 -std=gnu11 -g3 -DSTM32 -DSTM32F103C6Ux -DSTM32F1 -DDEBUG -c -I../Inc -O0 -ffunction-sections -fdata-sections -Wall -fstack-usage -MMD -MP -MF"Src/sysmem.d" -MT"Src/sysmem.o" --specs=nano.specs -mfloat-abi=soft -mthumb -o "Src/sysmem.o"
arm-none-eabi-gcc -o "Lab1_STM32f103c6.elf" @"objects.list"   -mcpu=cortex-m3 -T"D:\Embedded_System_Online_Diploma\Unit 6\Lesson 4\Lab1_STM32f103c6\STM32F103C6UX_FLASH.ld" --specs=nosys.specs -Wl,-Map="Lab1_STM32f103c6.map" -Wl,--gc-sections -static --specs=nano.specs -mfloat-abi=soft -mthumb -Wl,--start-group -lc -lm -Wl,--end-group
Finished building target: Lab1_STM32f103c6.elf
 
arm-none-eabi-size   Lab1_STM32f103c6.elf 
arm-none-eabi-objdump -h -S  Lab1_STM32f103c6.elf  > "Lab1_STM32f103c6.list"
arm-none-eabi-objcopy  -O binary  Lab1_STM32f103c6.elf  "Lab1_STM32f103c6.bin"
   text	   data	    bss	    dec	    hex	filename
    756	      8	   1568	   2332	    91c	Lab1_STM32f103c6.elf
Finished building: default.size.stdout
 
Finished building: Lab1_STM32f103c6.list
Finished building: Lab1_STM32f103c6.bin
 
 
17:42:52 **** Incremental Build of configuration Debug for project Lab1_STM32f103c6 ****
make -j12 all 
arm-none-eabi-gcc "../Src/main.c" -mcpu=cortex-m3 -std=gnu11 -g3 -DSTM32 -DSTM32F103C6Ux -DSTM32F1 -DDEBUG -c -I../Inc -O0 -ffunction-sections -fdata-sections -Wall -fstack-usage -MMD -MP -MF"Src/main.d" -MT"Src/main.o" --specs=nano.specs -mfloat-abi=soft -mthumb -o "Src/main.o"
arm-none-eabi-gcc -o "Lab1_STM32f103c6.elf" @"objects.list"   -mcpu=cortex-m3 -T"D:\Embedded_System_Online_Diploma\Unit 6\Lesson 4\Lab1_STM32f103c6\STM32F103C6UX_FLASH.ld" --specs=nosys.specs -Wl,-Map="Lab1_STM32f103c6.map" -Wl,--gc-sections -static --specs=nano.specs -mfloat-abi=soft -mthumb -Wl,--start-group -lc -lm -Wl,--end-group
Finished building target: Lab1_STM32f103c6.elf
 
arm-none-eabi-objdump -h -S  Lab1_STM32f103c6.elf  > "Lab1_STM32f103c6.list"
arm-none-eabi-objcopy  -O binary  Lab1_STM32f103c6.elf  "Lab1_STM32f103c6.bin"
arm-none-eabi-size   Lab1_STM32f103c6.elf 
   text	   data	    bss	    dec	    hex	filename
    752	      8	   1568	   2328	    918	Lab1_STM32f103c6.elf
Finished building: default.size.stdout
 
Finished building: Lab1_STM32f103c6.list
Finished building: Lab1_STM32f103c6.bin
 
 
17:53:55 **** Incremental Build of configuration Debug for project Lab1_STM32f103c6 ****
make -j12 all 
arm-none-eabi-gcc "../Src/main.c" -mcpu=cortex-m3 -std=gnu11 -g3 -DSTM32 -DSTM32F103C6Ux -DSTM32F1 -DDEBUG -c -I../Inc -O0 -ffunction-sections -fdata-sections -Wall -fstack-usage -MMD -MP -MF"Src/main.d" -MT"Src/main.o" --specs=nano.specs -mfloat-abi=soft -mthumb -o "Src/main.o"
arm-none-eabi-gcc -o "Lab1_STM32f103c6.elf" @"objects.list"   -mcpu=cortex-m3 -T"D:\Embedded_System_Online_Diploma\Unit 6\Lesson 4\Lab1_STM32f103c6\STM32F103C6UX_FLASH.ld" --specs=nosys.specs -Wl,-Map="Lab1_STM32f103c6.map" -Wl,--gc-sections -static --specs=nano.specs -mfloat-abi=soft -mthumb -Wl,--start-group -lc -lm -Wl,--end-group
Finished building target: Lab1_STM32f103c6.elf
 
arm-none-eabi-objdump -h -S  Lab1_STM32f103c6.elf  > "Lab1_STM32f103c6.list"
arm-none-eabi-objcopy  -O binary  Lab1_STM32f103c6.elf  "Lab1_STM32f103c6.bin"
arm-none-eabi-size   Lab1_STM32f103c6.elf 
   text	   data	    bss	    dec	    hex	filename
    752	      8	   1568	   2328	    918	Lab1_STM32f103c6.elf
Finished building: default.size.stdout
 
Finished building: Lab1_STM32f103c6.list
Finished building: Lab1_STM32f103c6.bin
 
 
00:13:09 **** Clean-only build of configuration Debug for project Lab2_STM32f103c6 ****
make -j12 clean 
rm -rf *
 
00:13:09 **** Build of configuration Debug for project Lab2_STM32f103c6 ****
make -j12 all 
arm-none-eabi-gcc -mcpu=cortex-m3 -g3 -c -x assembler-with-cpp -MMD -MP -MF"Startup/startup_stm32f103c6ux.d" -MT"Startup/startup_stm32f103c6ux.o" --specs=nano.specs -mfloat-abi=soft -mthumb -o "Startup/startup_stm32f103c6ux.o" "../Startup/startup_stm32f103c6ux.s"
arm-none-eabi-gcc "../Src/main.c" -mcpu=cortex-m3 -std=gnu11 -g3 -DSTM32 -DSTM32F103C6Ux -DSTM32F1 -DDEBUG -c -I../Inc -O0 -ffunction-sections -fdata-sections -Wall -fstack-usage -MMD -MP -MF"Src/main.d" -MT"Src/main.o" --specs=nano.specs -mfloat-abi=soft -mthumb -o "Src/main.o"
arm-none-eabi-gcc "../Src/syscalls.c" -mcpu=cortex-m3 -std=gnu11 -g3 -DSTM32 -DSTM32F103C6Ux -DSTM32F1 -DDEBUG -c -I../Inc -O0 -ffunction-sections -fdata-sections -Wall -fstack-usage -MMD -MP -MF"Src/syscalls.d" -MT"Src/syscalls.o" --specs=nano.specs -mfloat-abi=soft -mthumb -o "Src/syscalls.o"
arm-none-eabi-gcc "../Src/sysmem.c" -mcpu=cortex-m3 -std=gnu11 -g3 -DSTM32 -DSTM32F103C6Ux -DSTM32F1 -DDEBUG -c -I../Inc -O0 -ffunction-sections -fdata-sections -Wall -fstack-usage -MMD -MP -MF"Src/sysmem.d" -MT"Src/sysmem.o" --specs=nano.specs -mfloat-abi=soft -mthumb -o "Src/sysmem.o"
arm-none-eabi-gcc -o "Lab2_STM32f103c6.elf" @"objects.list"   -mcpu=cortex-m3 -T"D:\Embedded_System_Online_Diploma\Unit 6\Lesson 4\Lab2_STM32f103c6\STM32F103C6UX_FLASH.ld" --specs=nosys.specs -Wl,-Map="Lab2_STM32f103c6.map" -Wl,--gc-sections -static --specs=nano.specs -mfloat-abi=soft -mthumb -Wl,--start-group -lc -lm -Wl,--end-group
Finished building target: Lab2_STM32f103c6.elf
 
arm-none-eabi-size   Lab2_STM32f103c6.elf 
arm-none-eabi-objdump -h -S  Lab2_STM32f103c6.elf  > "Lab2_STM32f103c6.list"
arm-none-eabi-objcopy  -O binary  Lab2_STM32f103c6.elf  "Lab2_STM32f103c6.bin"
   text	   data	    bss	    dec	    hex	filename
    752	      8	   1568	   2328	    918	Lab2_STM32f103c6.elf
Finished building: default.size.stdout
 
Finished building: Lab2_STM32f103c6.list
Finished building: Lab2_STM32f103c6.bin
 
 
