Archive member included to satisfy reference by file (symbol)

c:/st/stm32cubeide_1.4.0/stm32cubeide/plugins/com.st.stm32cube.ide.mcu.externaltools.gnu-tools-for-stm32.7-2018-q2-update.win32_1.4.0.202007081208/tools/bin/../lib/gcc/arm-none-eabi/7.3.1/../../../../arm-none-eabi/lib/thumb/v7-m\libc_nano.a(lib_a-errno.o)
                              Src/syscalls.o (__errno)
c:/st/stm32cubeide_1.4.0/stm32cubeide/plugins/com.st.stm32cube.ide.mcu.externaltools.gnu-tools-for-stm32.7-2018-q2-update.win32_1.4.0.202007081208/tools/bin/../lib/gcc/arm-none-eabi/7.3.1/../../../../arm-none-eabi/lib/thumb/v7-m\libc_nano.a(lib_a-exit.o)
                              c:/st/stm32cubeide_1.4.0/stm32cubeide/plugins/com.st.stm32cube.ide.mcu.externaltools.gnu-tools-for-stm32.7-2018-q2-update.win32_1.4.0.202007081208/tools/bin/../lib/gcc/arm-none-eabi/7.3.1/../../../../arm-none-eabi/lib/thumb/v7-m/crt0.o (exit)
c:/st/stm32cubeide_1.4.0/stm32cubeide/plugins/com.st.stm32cube.ide.mcu.externaltools.gnu-tools-for-stm32.7-2018-q2-update.win32_1.4.0.202007081208/tools/bin/../lib/gcc/arm-none-eabi/7.3.1/../../../../arm-none-eabi/lib/thumb/v7-m\libc_nano.a(lib_a-impure.o)
                              c:/st/stm32cubeide_1.4.0/stm32cubeide/plugins/com.st.stm32cube.ide.mcu.externaltools.gnu-tools-for-stm32.7-2018-q2-update.win32_1.4.0.202007081208/tools/bin/../lib/gcc/arm-none-eabi/7.3.1/../../../../arm-none-eabi/lib/thumb/v7-m\libc_nano.a(lib_a-exit.o) (_global_impure_ptr)
c:/st/stm32cubeide_1.4.0/stm32cubeide/plugins/com.st.stm32cube.ide.mcu.externaltools.gnu-tools-for-stm32.7-2018-q2-update.win32_1.4.0.202007081208/tools/bin/../lib/gcc/arm-none-eabi/7.3.1/../../../../arm-none-eabi/lib/thumb/v7-m\libc_nano.a(lib_a-init.o)
                              c:/st/stm32cubeide_1.4.0/stm32cubeide/plugins/com.st.stm32cube.ide.mcu.externaltools.gnu-tools-for-stm32.7-2018-q2-update.win32_1.4.0.202007081208/tools/bin/../lib/gcc/arm-none-eabi/7.3.1/../../../../arm-none-eabi/lib/thumb/v7-m/crt0.o (__libc_init_array)
c:/st/stm32cubeide_1.4.0/stm32cubeide/plugins/com.st.stm32cube.ide.mcu.externaltools.gnu-tools-for-stm32.7-2018-q2-update.win32_1.4.0.202007081208/tools/bin/../lib/gcc/arm-none-eabi/7.3.1/../../../../arm-none-eabi/lib/thumb/v7-m\libc_nano.a(lib_a-memset.o)
                              c:/st/stm32cubeide_1.4.0/stm32cubeide/plugins/com.st.stm32cube.ide.mcu.externaltools.gnu-tools-for-stm32.7-2018-q2-update.win32_1.4.0.202007081208/tools/bin/../lib/gcc/arm-none-eabi/7.3.1/../../../../arm-none-eabi/lib/thumb/v7-m/crt0.o (memset)

Allocating common symbols
Common symbol       size              file

PINConf             0x6               Src/main.o
GP_IRQ_CallBack     0x40              Stm32F103C6_Drivers/MCAL/EXTI/Stm32F103C6_EXTI_Driver.o

Discarded input sections

 .text          0x0000000000000000        0x0 c:/st/stm32cubeide_1.4.0/stm32cubeide/plugins/com.st.stm32cube.ide.mcu.externaltools.gnu-tools-for-stm32.7-2018-q2-update.win32_1.4.0.202007081208/tools/bin/../lib/gcc/arm-none-eabi/7.3.1/thumb/v7-m/crti.o
 .data          0x0000000000000000        0x0 c:/st/stm32cubeide_1.4.0/stm32cubeide/plugins/com.st.stm32cube.ide.mcu.externaltools.gnu-tools-for-stm32.7-2018-q2-update.win32_1.4.0.202007081208/tools/bin/../lib/gcc/arm-none-eabi/7.3.1/thumb/v7-m/crti.o
 .bss           0x0000000000000000        0x0 c:/st/stm32cubeide_1.4.0/stm32cubeide/plugins/com.st.stm32cube.ide.mcu.externaltools.gnu-tools-for-stm32.7-2018-q2-update.win32_1.4.0.202007081208/tools/bin/../lib/gcc/arm-none-eabi/7.3.1/thumb/v7-m/crti.o
 .data          0x0000000000000000        0x4 c:/st/stm32cubeide_1.4.0/stm32cubeide/plugins/com.st.stm32cube.ide.mcu.externaltools.gnu-tools-for-stm32.7-2018-q2-update.win32_1.4.0.202007081208/tools/bin/../lib/gcc/arm-none-eabi/7.3.1/thumb/v7-m/crtbegin.o
 .text          0x0000000000000000       0x74 c:/st/stm32cubeide_1.4.0/stm32cubeide/plugins/com.st.stm32cube.ide.mcu.externaltools.gnu-tools-for-stm32.7-2018-q2-update.win32_1.4.0.202007081208/tools/bin/../lib/gcc/arm-none-eabi/7.3.1/../../../../arm-none-eabi/lib/thumb/v7-m/crt0.o
 .data          0x0000000000000000        0x0 c:/st/stm32cubeide_1.4.0/stm32cubeide/plugins/com.st.stm32cube.ide.mcu.externaltools.gnu-tools-for-stm32.7-2018-q2-update.win32_1.4.0.202007081208/tools/bin/../lib/gcc/arm-none-eabi/7.3.1/../../../../arm-none-eabi/lib/thumb/v7-m/crt0.o
 .bss           0x0000000000000000        0x0 c:/st/stm32cubeide_1.4.0/stm32cubeide/plugins/com.st.stm32cube.ide.mcu.externaltools.gnu-tools-for-stm32.7-2018-q2-update.win32_1.4.0.202007081208/tools/bin/../lib/gcc/arm-none-eabi/7.3.1/../../../../arm-none-eabi/lib/thumb/v7-m/crt0.o
 .ARM.extab     0x0000000000000000        0x0 c:/st/stm32cubeide_1.4.0/stm32cubeide/plugins/com.st.stm32cube.ide.mcu.externaltools.gnu-tools-for-stm32.7-2018-q2-update.win32_1.4.0.202007081208/tools/bin/../lib/gcc/arm-none-eabi/7.3.1/../../../../arm-none-eabi/lib/thumb/v7-m/crt0.o
 .ARM.exidx     0x0000000000000000        0x8 c:/st/stm32cubeide_1.4.0/stm32cubeide/plugins/com.st.stm32cube.ide.mcu.externaltools.gnu-tools-for-stm32.7-2018-q2-update.win32_1.4.0.202007081208/tools/bin/../lib/gcc/arm-none-eabi/7.3.1/../../../../arm-none-eabi/lib/thumb/v7-m/crt0.o
 .ARM.attributes
                0x0000000000000000       0x1b c:/st/stm32cubeide_1.4.0/stm32cubeide/plugins/com.st.stm32cube.ide.mcu.externaltools.gnu-tools-for-stm32.7-2018-q2-update.win32_1.4.0.202007081208/tools/bin/../lib/gcc/arm-none-eabi/7.3.1/../../../../arm-none-eabi/lib/thumb/v7-m/crt0.o
 .group         0x0000000000000000        0xc Src/main.o
 .group         0x0000000000000000        0xc Src/main.o
 .group         0x0000000000000000        0xc Src/main.o
 .group         0x0000000000000000        0xc Src/main.o
 .group         0x0000000000000000        0xc Src/main.o
 .group         0x0000000000000000        0xc Src/main.o
 .group         0x0000000000000000        0xc Src/main.o
 .group         0x0000000000000000        0xc Src/main.o
 .group         0x0000000000000000        0xc Src/main.o
 .group         0x0000000000000000        0xc Src/main.o
 .group         0x0000000000000000        0xc Src/main.o
 .group         0x0000000000000000        0xc Src/main.o
 .group         0x0000000000000000        0xc Src/main.o
 .group         0x0000000000000000        0xc Src/main.o
 .group         0x0000000000000000        0xc Src/main.o
 .group         0x0000000000000000        0xc Src/main.o
 .group         0x0000000000000000        0xc Src/main.o
 .group         0x0000000000000000        0xc Src/main.o
 .group         0x0000000000000000        0xc Src/main.o
 .group         0x0000000000000000        0xc Src/main.o
 .group         0x0000000000000000        0xc Src/main.o
 .group         0x0000000000000000        0xc Src/main.o
 .group         0x0000000000000000        0xc Src/main.o
 .group         0x0000000000000000        0xc Src/main.o
 .group         0x0000000000000000        0xc Src/main.o
 .group         0x0000000000000000        0xc Src/main.o
 .group         0x0000000000000000        0xc Src/main.o
 .text          0x0000000000000000        0x0 Src/main.o
 .data          0x0000000000000000        0x0 Src/main.o
 .bss           0x0000000000000000        0x0 Src/main.o
 .group         0x0000000000000000        0xc Src/syscalls.o
 .group         0x0000000000000000        0xc Src/syscalls.o
 .group         0x0000000000000000        0xc Src/syscalls.o
 .group         0x0000000000000000        0xc Src/syscalls.o
 .group         0x0000000000000000        0xc Src/syscalls.o
 .group         0x0000000000000000        0xc Src/syscalls.o
 .group         0x0000000000000000        0xc Src/syscalls.o
 .group         0x0000000000000000        0xc Src/syscalls.o
 .group         0x0000000000000000        0xc Src/syscalls.o
 .group         0x0000000000000000        0xc Src/syscalls.o
 .group         0x0000000000000000        0xc Src/syscalls.o
 .group         0x0000000000000000        0xc Src/syscalls.o
 .group         0x0000000000000000        0xc Src/syscalls.o
 .group         0x0000000000000000        0xc Src/syscalls.o
 .group         0x0000000000000000        0xc Src/syscalls.o
 .group         0x0000000000000000        0xc Src/syscalls.o
 .group         0x0000000000000000        0xc Src/syscalls.o
 .group         0x0000000000000000        0xc Src/syscalls.o
 .group         0x0000000000000000        0xc Src/syscalls.o
 .group         0x0000000000000000        0xc Src/syscalls.o
 .group         0x0000000000000000        0xc Src/syscalls.o
 .group         0x0000000000000000        0xc Src/syscalls.o
 .group         0x0000000000000000        0xc Src/syscalls.o
 .group         0x0000000000000000        0xc Src/syscalls.o
 .group         0x0000000000000000        0xc Src/syscalls.o
 .group         0x0000000000000000        0xc Src/syscalls.o
 .group         0x0000000000000000        0xc Src/syscalls.o
 .group         0x0000000000000000        0xc Src/syscalls.o
 .group         0x0000000000000000        0xc Src/syscalls.o
 .group         0x0000000000000000        0xc Src/syscalls.o
 .group         0x0000000000000000        0xc Src/syscalls.o
 .group         0x0000000000000000        0xc Src/syscalls.o
 .group         0x0000000000000000        0xc Src/syscalls.o
 .group         0x0000000000000000        0xc Src/syscalls.o
 .group         0x0000000000000000        0xc Src/syscalls.o
 .group         0x0000000000000000        0xc Src/syscalls.o
 .group         0x0000000000000000        0xc Src/syscalls.o
 .group         0x0000000000000000        0xc Src/syscalls.o
 .group         0x0000000000000000        0xc Src/syscalls.o
 .group         0x0000000000000000        0xc Src/syscalls.o
 .group         0x0000000000000000        0xc Src/syscalls.o
 .group         0x0000000000000000        0xc Src/syscalls.o
 .group         0x0000000000000000        0xc Src/syscalls.o
 .group         0x0000000000000000        0xc Src/syscalls.o
 .text          0x0000000000000000        0x0 Src/syscalls.o
 .data          0x0000000000000000        0x0 Src/syscalls.o
 .bss           0x0000000000000000        0x0 Src/syscalls.o
 .bss.__env     0x0000000000000000        0x4 Src/syscalls.o
 .data.environ  0x0000000000000000        0x4 Src/syscalls.o
 .text.initialise_monitor_handles
                0x0000000000000000        0xc Src/syscalls.o
 .text._getpid  0x0000000000000000        0xe Src/syscalls.o
 .text._kill    0x0000000000000000       0x20 Src/syscalls.o
 .text._exit    0x0000000000000000       0x14 Src/syscalls.o
 .text._read    0x0000000000000000       0x3a Src/syscalls.o
 .text._write   0x0000000000000000       0x38 Src/syscalls.o
 .text._close   0x0000000000000000       0x16 Src/syscalls.o
 .text._fstat   0x0000000000000000       0x1e Src/syscalls.o
 .text._isatty  0x0000000000000000       0x14 Src/syscalls.o
 .text._lseek   0x0000000000000000       0x18 Src/syscalls.o
 .text._open    0x0000000000000000       0x1a Src/syscalls.o
 .text._wait    0x0000000000000000       0x1e Src/syscalls.o
 .text._unlink  0x0000000000000000       0x1e Src/syscalls.o
 .text._times   0x0000000000000000       0x16 Src/syscalls.o
 .text._stat    0x0000000000000000       0x1e Src/syscalls.o
 .text._link    0x0000000000000000       0x20 Src/syscalls.o
 .text._fork    0x0000000000000000       0x16 Src/syscalls.o
 .text._execve  0x0000000000000000       0x22 Src/syscalls.o
 .debug_info    0x0000000000000000     0x1038 Src/syscalls.o
 .debug_abbrev  0x0000000000000000      0x254 Src/syscalls.o
 .debug_loc     0x0000000000000000      0x5b8 Src/syscalls.o
 .debug_aranges
                0x0000000000000000       0xa8 Src/syscalls.o
 .debug_ranges  0x0000000000000000       0x98 Src/syscalls.o
 .debug_macro   0x0000000000000000      0x243 Src/syscalls.o
 .debug_macro   0x0000000000000000      0xa60 Src/syscalls.o
 .debug_macro   0x0000000000000000       0x22 Src/syscalls.o
 .debug_macro   0x0000000000000000       0x40 Src/syscalls.o
 .debug_macro   0x0000000000000000       0x18 Src/syscalls.o
 .debug_macro   0x0000000000000000       0x94 Src/syscalls.o
 .debug_macro   0x0000000000000000       0x3c Src/syscalls.o
 .debug_macro   0x0000000000000000       0x34 Src/syscalls.o
 .debug_macro   0x0000000000000000       0x57 Src/syscalls.o
 .debug_macro   0x0000000000000000      0x174 Src/syscalls.o
 .debug_macro   0x0000000000000000      0x330 Src/syscalls.o
 .debug_macro   0x0000000000000000       0x52 Src/syscalls.o
 .debug_macro   0x0000000000000000       0x1f Src/syscalls.o
 .debug_macro   0x0000000000000000       0x43 Src/syscalls.o
 .debug_macro   0x0000000000000000       0x20 Src/syscalls.o
 .debug_macro   0x0000000000000000      0x1a3 Src/syscalls.o
 .debug_macro   0x0000000000000000       0x10 Src/syscalls.o
 .debug_macro   0x0000000000000000       0x35 Src/syscalls.o
 .debug_macro   0x0000000000000000       0x10 Src/syscalls.o
 .debug_macro   0x0000000000000000       0x10 Src/syscalls.o
 .debug_macro   0x0000000000000000       0x10 Src/syscalls.o
 .debug_macro   0x0000000000000000       0x6a Src/syscalls.o
 .debug_macro   0x0000000000000000       0x1c Src/syscalls.o
 .debug_macro   0x0000000000000000       0x52 Src/syscalls.o
 .debug_macro   0x0000000000000000       0x40 Src/syscalls.o
 .debug_macro   0x0000000000000000       0x10 Src/syscalls.o
 .debug_macro   0x0000000000000000       0x40 Src/syscalls.o
 .debug_macro   0x0000000000000000       0xd7 Src/syscalls.o
 .debug_macro   0x0000000000000000       0x1c Src/syscalls.o
 .debug_macro   0x0000000000000000       0x3d Src/syscalls.o
 .debug_macro   0x0000000000000000       0x35 Src/syscalls.o
 .debug_macro   0x0000000000000000      0x122 Src/syscalls.o
 .debug_macro   0x0000000000000000       0x16 Src/syscalls.o
 .debug_macro   0x0000000000000000       0x16 Src/syscalls.o
 .debug_macro   0x0000000000000000       0x29 Src/syscalls.o
 .debug_macro   0x0000000000000000       0x10 Src/syscalls.o
 .debug_macro   0x0000000000000000      0x241 Src/syscalls.o
 .debug_macro   0x0000000000000000       0x1c Src/syscalls.o
 .debug_macro   0x0000000000000000       0x10 Src/syscalls.o
 .debug_macro   0x0000000000000000       0x10 Src/syscalls.o
 .debug_macro   0x0000000000000000       0x16 Src/syscalls.o
 .debug_macro   0x0000000000000000      0x145 Src/syscalls.o
 .debug_macro   0x0000000000000000      0x189 Src/syscalls.o
 .debug_macro   0x0000000000000000       0x16 Src/syscalls.o
 .debug_macro   0x0000000000000000       0x88 Src/syscalls.o
 .debug_line    0x0000000000000000      0x739 Src/syscalls.o
 .debug_str     0x0000000000000000     0x8880 Src/syscalls.o
 .comment       0x0000000000000000       0x7c Src/syscalls.o
 .debug_frame   0x0000000000000000      0x2ac Src/syscalls.o
 .ARM.attributes
                0x0000000000000000       0x33 Src/syscalls.o
 .group         0x0000000000000000        0xc Src/sysmem.o
 .group         0x0000000000000000        0xc Src/sysmem.o
 .group         0x0000000000000000        0xc Src/sysmem.o
 .group         0x0000000000000000        0xc Src/sysmem.o
 .group         0x0000000000000000        0xc Src/sysmem.o
 .group         0x0000000000000000        0xc Src/sysmem.o
 .group         0x0000000000000000        0xc Src/sysmem.o
 .group         0x0000000000000000        0xc Src/sysmem.o
 .group         0x0000000000000000        0xc Src/sysmem.o
 .group         0x0000000000000000        0xc Src/sysmem.o
 .group         0x0000000000000000        0xc Src/sysmem.o
 .group         0x0000000000000000        0xc Src/sysmem.o
 .group         0x0000000000000000        0xc Src/sysmem.o
 .group         0x0000000000000000        0xc Src/sysmem.o
 .group         0x0000000000000000        0xc Src/sysmem.o
 .group         0x0000000000000000        0xc Src/sysmem.o
 .group         0x0000000000000000        0xc Src/sysmem.o
 .group         0x0000000000000000        0xc Src/sysmem.o
 .group         0x0000000000000000        0xc Src/sysmem.o
 .text          0x0000000000000000        0x0 Src/sysmem.o
 .data          0x0000000000000000        0x0 Src/sysmem.o
 .bss           0x0000000000000000        0x0 Src/sysmem.o
 .bss.__sbrk_heap_end
                0x0000000000000000        0x4 Src/sysmem.o
 .text._sbrk    0x0000000000000000       0x6c Src/sysmem.o
 .debug_info    0x0000000000000000      0xa7c Src/sysmem.o
 .debug_abbrev  0x0000000000000000      0x18e Src/sysmem.o
 .debug_loc     0x0000000000000000       0x50 Src/sysmem.o
 .debug_aranges
                0x0000000000000000       0x20 Src/sysmem.o
 .debug_ranges  0x0000000000000000       0x10 Src/sysmem.o
 .debug_macro   0x0000000000000000       0xee Src/sysmem.o
 .debug_macro   0x0000000000000000      0xa60 Src/sysmem.o
 .debug_macro   0x0000000000000000       0x10 Src/sysmem.o
 .debug_macro   0x0000000000000000       0x22 Src/sysmem.o
 .debug_macro   0x0000000000000000       0x40 Src/sysmem.o
 .debug_macro   0x0000000000000000       0x18 Src/sysmem.o
 .debug_macro   0x0000000000000000       0x94 Src/sysmem.o
 .debug_macro   0x0000000000000000       0x3c Src/sysmem.o
 .debug_macro   0x0000000000000000       0x34 Src/sysmem.o
 .debug_macro   0x0000000000000000      0x174 Src/sysmem.o
 .debug_macro   0x0000000000000000       0x57 Src/sysmem.o
 .debug_macro   0x0000000000000000       0x52 Src/sysmem.o
 .debug_macro   0x0000000000000000       0x1f Src/sysmem.o
 .debug_macro   0x0000000000000000       0x43 Src/sysmem.o
 .debug_macro   0x0000000000000000       0x20 Src/sysmem.o
 .debug_macro   0x0000000000000000      0x1a3 Src/sysmem.o
 .debug_macro   0x0000000000000000      0x23b Src/sysmem.o
 .debug_macro   0x0000000000000000       0xef Src/sysmem.o
 .debug_macro   0x0000000000000000       0x6a Src/sysmem.o
 .debug_macro   0x0000000000000000      0x1df Src/sysmem.o
 .debug_line    0x0000000000000000      0x4c2 Src/sysmem.o
 .debug_str     0x0000000000000000     0x5f4e Src/sysmem.o
 .comment       0x0000000000000000       0x7c Src/sysmem.o
 .debug_frame   0x0000000000000000       0x34 Src/sysmem.o
 .ARM.attributes
                0x0000000000000000       0x33 Src/sysmem.o
 .text          0x0000000000000000       0x14 Startup/startup_stm32f103c6tx.o
 .data          0x0000000000000000        0x0 Startup/startup_stm32f103c6tx.o
 .bss           0x0000000000000000        0x0 Startup/startup_stm32f103c6tx.o
 .group         0x0000000000000000        0xc Stm32F103C6_Drivers/HAL/KEYPAD_DRIVER/KEYPAD.o
 .group         0x0000000000000000        0xc Stm32F103C6_Drivers/HAL/KEYPAD_DRIVER/KEYPAD.o
 .group         0x0000000000000000        0xc Stm32F103C6_Drivers/HAL/KEYPAD_DRIVER/KEYPAD.o
 .group         0x0000000000000000        0xc Stm32F103C6_Drivers/HAL/KEYPAD_DRIVER/KEYPAD.o
 .group         0x0000000000000000        0xc Stm32F103C6_Drivers/HAL/KEYPAD_DRIVER/KEYPAD.o
 .group         0x0000000000000000        0xc Stm32F103C6_Drivers/HAL/KEYPAD_DRIVER/KEYPAD.o
 .group         0x0000000000000000        0xc Stm32F103C6_Drivers/HAL/KEYPAD_DRIVER/KEYPAD.o
 .group         0x0000000000000000        0xc Stm32F103C6_Drivers/HAL/KEYPAD_DRIVER/KEYPAD.o
 .group         0x0000000000000000        0xc Stm32F103C6_Drivers/HAL/KEYPAD_DRIVER/KEYPAD.o
 .group         0x0000000000000000        0xc Stm32F103C6_Drivers/HAL/KEYPAD_DRIVER/KEYPAD.o
 .group         0x0000000000000000        0xc Stm32F103C6_Drivers/HAL/KEYPAD_DRIVER/KEYPAD.o
 .group         0x0000000000000000        0xc Stm32F103C6_Drivers/HAL/KEYPAD_DRIVER/KEYPAD.o
 .group         0x0000000000000000        0xc Stm32F103C6_Drivers/HAL/KEYPAD_DRIVER/KEYPAD.o
 .group         0x0000000000000000        0xc Stm32F103C6_Drivers/HAL/KEYPAD_DRIVER/KEYPAD.o
 .group         0x0000000000000000        0xc Stm32F103C6_Drivers/HAL/KEYPAD_DRIVER/KEYPAD.o
 .group         0x0000000000000000        0xc Stm32F103C6_Drivers/HAL/KEYPAD_DRIVER/KEYPAD.o
 .group         0x0000000000000000        0xc Stm32F103C6_Drivers/HAL/KEYPAD_DRIVER/KEYPAD.o
 .group         0x0000000000000000        0xc Stm32F103C6_Drivers/HAL/KEYPAD_DRIVER/KEYPAD.o
 .group         0x0000000000000000        0xc Stm32F103C6_Drivers/HAL/KEYPAD_DRIVER/KEYPAD.o
 .group         0x0000000000000000        0xc Stm32F103C6_Drivers/HAL/KEYPAD_DRIVER/KEYPAD.o
 .group         0x0000000000000000        0xc Stm32F103C6_Drivers/HAL/KEYPAD_DRIVER/KEYPAD.o
 .group         0x0000000000000000        0xc Stm32F103C6_Drivers/HAL/KEYPAD_DRIVER/KEYPAD.o
 .group         0x0000000000000000        0xc Stm32F103C6_Drivers/HAL/KEYPAD_DRIVER/KEYPAD.o
 .group         0x0000000000000000        0xc Stm32F103C6_Drivers/HAL/KEYPAD_DRIVER/KEYPAD.o
 .group         0x0000000000000000        0xc Stm32F103C6_Drivers/HAL/KEYPAD_DRIVER/KEYPAD.o
 .text          0x0000000000000000        0x0 Stm32F103C6_Drivers/HAL/KEYPAD_DRIVER/KEYPAD.o
 .data          0x0000000000000000        0x0 Stm32F103C6_Drivers/HAL/KEYPAD_DRIVER/KEYPAD.o
 .bss           0x0000000000000000        0x0 Stm32F103C6_Drivers/HAL/KEYPAD_DRIVER/KEYPAD.o
 .data.Keypad_Row
                0x0000000000000000       0x10 Stm32F103C6_Drivers/HAL/KEYPAD_DRIVER/KEYPAD.o
 .data.Keypad_Col
                0x0000000000000000       0x10 Stm32F103C6_Drivers/HAL/KEYPAD_DRIVER/KEYPAD.o
 .text.Keypad_init
                0x0000000000000000       0x98 Stm32F103C6_Drivers/HAL/KEYPAD_DRIVER/KEYPAD.o
 .text.Keypad_getkey
                0x0000000000000000      0x194 Stm32F103C6_Drivers/HAL/KEYPAD_DRIVER/KEYPAD.o
 .debug_info    0x0000000000000000      0xaf6 Stm32F103C6_Drivers/HAL/KEYPAD_DRIVER/KEYPAD.o
 .debug_abbrev  0x0000000000000000      0x1aa Stm32F103C6_Drivers/HAL/KEYPAD_DRIVER/KEYPAD.o
 .debug_loc     0x0000000000000000       0x7c Stm32F103C6_Drivers/HAL/KEYPAD_DRIVER/KEYPAD.o
 .debug_aranges
                0x0000000000000000       0x28 Stm32F103C6_Drivers/HAL/KEYPAD_DRIVER/KEYPAD.o
 .debug_ranges  0x0000000000000000       0x18 Stm32F103C6_Drivers/HAL/KEYPAD_DRIVER/KEYPAD.o
 .debug_macro   0x0000000000000000      0x148 Stm32F103C6_Drivers/HAL/KEYPAD_DRIVER/KEYPAD.o
 .debug_macro   0x0000000000000000      0xa60 Stm32F103C6_Drivers/HAL/KEYPAD_DRIVER/KEYPAD.o
 .debug_macro   0x0000000000000000       0x18 Stm32F103C6_Drivers/HAL/KEYPAD_DRIVER/KEYPAD.o
 .debug_macro   0x0000000000000000       0x22 Stm32F103C6_Drivers/HAL/KEYPAD_DRIVER/KEYPAD.o
 .debug_macro   0x0000000000000000       0x40 Stm32F103C6_Drivers/HAL/KEYPAD_DRIVER/KEYPAD.o
 .debug_macro   0x0000000000000000       0x94 Stm32F103C6_Drivers/HAL/KEYPAD_DRIVER/KEYPAD.o
 .debug_macro   0x0000000000000000       0x3c Stm32F103C6_Drivers/HAL/KEYPAD_DRIVER/KEYPAD.o
 .debug_macro   0x0000000000000000       0x34 Stm32F103C6_Drivers/HAL/KEYPAD_DRIVER/KEYPAD.o
 .debug_macro   0x0000000000000000       0x16 Stm32F103C6_Drivers/HAL/KEYPAD_DRIVER/KEYPAD.o
 .debug_macro   0x0000000000000000      0x10e Stm32F103C6_Drivers/HAL/KEYPAD_DRIVER/KEYPAD.o
 .debug_macro   0x0000000000000000       0x8d Stm32F103C6_Drivers/HAL/KEYPAD_DRIVER/KEYPAD.o
 .debug_macro   0x0000000000000000       0x57 Stm32F103C6_Drivers/HAL/KEYPAD_DRIVER/KEYPAD.o
 .debug_macro   0x0000000000000000       0x52 Stm32F103C6_Drivers/HAL/KEYPAD_DRIVER/KEYPAD.o
 .debug_macro   0x0000000000000000       0x1f Stm32F103C6_Drivers/HAL/KEYPAD_DRIVER/KEYPAD.o
 .debug_macro   0x0000000000000000       0x43 Stm32F103C6_Drivers/HAL/KEYPAD_DRIVER/KEYPAD.o
 .debug_macro   0x0000000000000000       0x20 Stm32F103C6_Drivers/HAL/KEYPAD_DRIVER/KEYPAD.o
 .debug_macro   0x0000000000000000      0x1a3 Stm32F103C6_Drivers/HAL/KEYPAD_DRIVER/KEYPAD.o
 .debug_macro   0x0000000000000000      0x330 Stm32F103C6_Drivers/HAL/KEYPAD_DRIVER/KEYPAD.o
 .debug_macro   0x0000000000000000       0x16 Stm32F103C6_Drivers/HAL/KEYPAD_DRIVER/KEYPAD.o
 .debug_macro   0x0000000000000000       0x29 Stm32F103C6_Drivers/HAL/KEYPAD_DRIVER/KEYPAD.o
 .debug_macro   0x0000000000000000       0xef Stm32F103C6_Drivers/HAL/KEYPAD_DRIVER/KEYPAD.o
 .debug_macro   0x0000000000000000       0x6a Stm32F103C6_Drivers/HAL/KEYPAD_DRIVER/KEYPAD.o
 .debug_macro   0x0000000000000000      0x1df Stm32F103C6_Drivers/HAL/KEYPAD_DRIVER/KEYPAD.o
 .debug_macro   0x0000000000000000      0x1b0 Stm32F103C6_Drivers/HAL/KEYPAD_DRIVER/KEYPAD.o
 .debug_macro   0x0000000000000000       0xca Stm32F103C6_Drivers/HAL/KEYPAD_DRIVER/KEYPAD.o
 .debug_macro   0x0000000000000000       0x3a Stm32F103C6_Drivers/HAL/KEYPAD_DRIVER/KEYPAD.o
 .debug_line    0x0000000000000000      0x70c Stm32F103C6_Drivers/HAL/KEYPAD_DRIVER/KEYPAD.o
 .debug_str     0x0000000000000000     0x7d4a Stm32F103C6_Drivers/HAL/KEYPAD_DRIVER/KEYPAD.o
 .comment       0x0000000000000000       0x7c Stm32F103C6_Drivers/HAL/KEYPAD_DRIVER/KEYPAD.o
 .debug_frame   0x0000000000000000       0x50 Stm32F103C6_Drivers/HAL/KEYPAD_DRIVER/KEYPAD.o
 .ARM.attributes
                0x0000000000000000       0x33 Stm32F103C6_Drivers/HAL/KEYPAD_DRIVER/KEYPAD.o
 .group         0x0000000000000000        0xc Stm32F103C6_Drivers/HAL/LCD_DRIVER/LCD.o
 .group         0x0000000000000000        0xc Stm32F103C6_Drivers/HAL/LCD_DRIVER/LCD.o
 .group         0x0000000000000000        0xc Stm32F103C6_Drivers/HAL/LCD_DRIVER/LCD.o
 .group         0x0000000000000000        0xc Stm32F103C6_Drivers/HAL/LCD_DRIVER/LCD.o
 .group         0x0000000000000000        0xc Stm32F103C6_Drivers/HAL/LCD_DRIVER/LCD.o
 .group         0x0000000000000000        0xc Stm32F103C6_Drivers/HAL/LCD_DRIVER/LCD.o
 .group         0x0000000000000000        0xc Stm32F103C6_Drivers/HAL/LCD_DRIVER/LCD.o
 .group         0x0000000000000000        0xc Stm32F103C6_Drivers/HAL/LCD_DRIVER/LCD.o
 .group         0x0000000000000000        0xc Stm32F103C6_Drivers/HAL/LCD_DRIVER/LCD.o
 .group         0x0000000000000000        0xc Stm32F103C6_Drivers/HAL/LCD_DRIVER/LCD.o
 .group         0x0000000000000000        0xc Stm32F103C6_Drivers/HAL/LCD_DRIVER/LCD.o
 .group         0x0000000000000000        0xc Stm32F103C6_Drivers/HAL/LCD_DRIVER/LCD.o
 .group         0x0000000000000000        0xc Stm32F103C6_Drivers/HAL/LCD_DRIVER/LCD.o
 .group         0x0000000000000000        0xc Stm32F103C6_Drivers/HAL/LCD_DRIVER/LCD.o
 .group         0x0000000000000000        0xc Stm32F103C6_Drivers/HAL/LCD_DRIVER/LCD.o
 .group         0x0000000000000000        0xc Stm32F103C6_Drivers/HAL/LCD_DRIVER/LCD.o
 .group         0x0000000000000000        0xc Stm32F103C6_Drivers/HAL/LCD_DRIVER/LCD.o
 .group         0x0000000000000000        0xc Stm32F103C6_Drivers/HAL/LCD_DRIVER/LCD.o
 .group         0x0000000000000000        0xc Stm32F103C6_Drivers/HAL/LCD_DRIVER/LCD.o
 .group         0x0000000000000000        0xc Stm32F103C6_Drivers/HAL/LCD_DRIVER/LCD.o
 .group         0x0000000000000000        0xc Stm32F103C6_Drivers/HAL/LCD_DRIVER/LCD.o
 .group         0x0000000000000000        0xc Stm32F103C6_Drivers/HAL/LCD_DRIVER/LCD.o
 .group         0x0000000000000000        0xc Stm32F103C6_Drivers/HAL/LCD_DRIVER/LCD.o
 .group         0x0000000000000000        0xc Stm32F103C6_Drivers/HAL/LCD_DRIVER/LCD.o
 .group         0x0000000000000000        0xc Stm32F103C6_Drivers/HAL/LCD_DRIVER/LCD.o
 .group         0x0000000000000000        0xc Stm32F103C6_Drivers/HAL/LCD_DRIVER/LCD.o
 .text          0x0000000000000000        0x0 Stm32F103C6_Drivers/HAL/LCD_DRIVER/LCD.o
 .data          0x0000000000000000        0x0 Stm32F103C6_Drivers/HAL/LCD_DRIVER/LCD.o
 .bss           0x0000000000000000        0x0 Stm32F103C6_Drivers/HAL/LCD_DRIVER/LCD.o
 .debug_macro   0x0000000000000000      0xa60 Stm32F103C6_Drivers/HAL/LCD_DRIVER/LCD.o
 .debug_macro   0x0000000000000000       0x18 Stm32F103C6_Drivers/HAL/LCD_DRIVER/LCD.o
 .debug_macro   0x0000000000000000       0x22 Stm32F103C6_Drivers/HAL/LCD_DRIVER/LCD.o
 .debug_macro   0x0000000000000000       0x40 Stm32F103C6_Drivers/HAL/LCD_DRIVER/LCD.o
 .debug_macro   0x0000000000000000       0x94 Stm32F103C6_Drivers/HAL/LCD_DRIVER/LCD.o
 .debug_macro   0x0000000000000000       0x3c Stm32F103C6_Drivers/HAL/LCD_DRIVER/LCD.o
 .debug_macro   0x0000000000000000       0x34 Stm32F103C6_Drivers/HAL/LCD_DRIVER/LCD.o
 .debug_macro   0x0000000000000000       0x16 Stm32F103C6_Drivers/HAL/LCD_DRIVER/LCD.o
 .debug_macro   0x0000000000000000      0x10e Stm32F103C6_Drivers/HAL/LCD_DRIVER/LCD.o
 .debug_macro   0x0000000000000000       0x8d Stm32F103C6_Drivers/HAL/LCD_DRIVER/LCD.o
 .debug_macro   0x0000000000000000       0x57 Stm32F103C6_Drivers/HAL/LCD_DRIVER/LCD.o
 .debug_macro   0x0000000000000000       0x52 Stm32F103C6_Drivers/HAL/LCD_DRIVER/LCD.o
 .debug_macro   0x0000000000000000       0x1f Stm32F103C6_Drivers/HAL/LCD_DRIVER/LCD.o
 .debug_macro   0x0000000000000000       0x43 Stm32F103C6_Drivers/HAL/LCD_DRIVER/LCD.o
 .debug_macro   0x0000000000000000       0x20 Stm32F103C6_Drivers/HAL/LCD_DRIVER/LCD.o
 .debug_macro   0x0000000000000000      0x1a3 Stm32F103C6_Drivers/HAL/LCD_DRIVER/LCD.o
 .debug_macro   0x0000000000000000      0x330 Stm32F103C6_Drivers/HAL/LCD_DRIVER/LCD.o
 .debug_macro   0x0000000000000000       0x16 Stm32F103C6_Drivers/HAL/LCD_DRIVER/LCD.o
 .debug_macro   0x0000000000000000       0x29 Stm32F103C6_Drivers/HAL/LCD_DRIVER/LCD.o
 .debug_macro   0x0000000000000000       0xef Stm32F103C6_Drivers/HAL/LCD_DRIVER/LCD.o
 .debug_macro   0x0000000000000000       0x6a Stm32F103C6_Drivers/HAL/LCD_DRIVER/LCD.o
 .debug_macro   0x0000000000000000      0x1df Stm32F103C6_Drivers/HAL/LCD_DRIVER/LCD.o
 .debug_macro   0x0000000000000000      0x1b0 Stm32F103C6_Drivers/HAL/LCD_DRIVER/LCD.o
 .debug_macro   0x0000000000000000       0xca Stm32F103C6_Drivers/HAL/LCD_DRIVER/LCD.o
 .group         0x0000000000000000        0xc Stm32F103C6_Drivers/MCAL/EXTI/Stm32F103C6_EXTI_Driver.o
 .group         0x0000000000000000        0xc Stm32F103C6_Drivers/MCAL/EXTI/Stm32F103C6_EXTI_Driver.o
 .group         0x0000000000000000        0xc Stm32F103C6_Drivers/MCAL/EXTI/Stm32F103C6_EXTI_Driver.o
 .group         0x0000000000000000        0xc Stm32F103C6_Drivers/MCAL/EXTI/Stm32F103C6_EXTI_Driver.o
 .group         0x0000000000000000        0xc Stm32F103C6_Drivers/MCAL/EXTI/Stm32F103C6_EXTI_Driver.o
 .group         0x0000000000000000        0xc Stm32F103C6_Drivers/MCAL/EXTI/Stm32F103C6_EXTI_Driver.o
 .group         0x0000000000000000        0xc Stm32F103C6_Drivers/MCAL/EXTI/Stm32F103C6_EXTI_Driver.o
 .group         0x0000000000000000        0xc Stm32F103C6_Drivers/MCAL/EXTI/Stm32F103C6_EXTI_Driver.o
 .group         0x0000000000000000        0xc Stm32F103C6_Drivers/MCAL/EXTI/Stm32F103C6_EXTI_Driver.o
 .group         0x0000000000000000        0xc Stm32F103C6_Drivers/MCAL/EXTI/Stm32F103C6_EXTI_Driver.o
 .group         0x0000000000000000        0xc Stm32F103C6_Drivers/MCAL/EXTI/Stm32F103C6_EXTI_Driver.o
 .group         0x0000000000000000        0xc Stm32F103C6_Drivers/MCAL/EXTI/Stm32F103C6_EXTI_Driver.o
 .group         0x0000000000000000        0xc Stm32F103C6_Drivers/MCAL/EXTI/Stm32F103C6_EXTI_Driver.o
 .group         0x0000000000000000        0xc Stm32F103C6_Drivers/MCAL/EXTI/Stm32F103C6_EXTI_Driver.o
 .group         0x0000000000000000        0xc Stm32F103C6_Drivers/MCAL/EXTI/Stm32F103C6_EXTI_Driver.o
 .group         0x0000000000000000        0xc Stm32F103C6_Drivers/MCAL/EXTI/Stm32F103C6_EXTI_Driver.o
 .group         0x0000000000000000        0xc Stm32F103C6_Drivers/MCAL/EXTI/Stm32F103C6_EXTI_Driver.o
 .group         0x0000000000000000        0xc Stm32F103C6_Drivers/MCAL/EXTI/Stm32F103C6_EXTI_Driver.o
 .group         0x0000000000000000        0xc Stm32F103C6_Drivers/MCAL/EXTI/Stm32F103C6_EXTI_Driver.o
 .group         0x0000000000000000        0xc Stm32F103C6_Drivers/MCAL/EXTI/Stm32F103C6_EXTI_Driver.o
 .group         0x0000000000000000        0xc Stm32F103C6_Drivers/MCAL/EXTI/Stm32F103C6_EXTI_Driver.o
 .group         0x0000000000000000        0xc Stm32F103C6_Drivers/MCAL/EXTI/Stm32F103C6_EXTI_Driver.o
 .group         0x0000000000000000        0xc Stm32F103C6_Drivers/MCAL/EXTI/Stm32F103C6_EXTI_Driver.o
 .group         0x0000000000000000        0xc Stm32F103C6_Drivers/MCAL/EXTI/Stm32F103C6_EXTI_Driver.o
 .group         0x0000000000000000        0xc Stm32F103C6_Drivers/MCAL/EXTI/Stm32F103C6_EXTI_Driver.o
 .text          0x0000000000000000        0x0 Stm32F103C6_Drivers/MCAL/EXTI/Stm32F103C6_EXTI_Driver.o
 .data          0x0000000000000000        0x0 Stm32F103C6_Drivers/MCAL/EXTI/Stm32F103C6_EXTI_Driver.o
 .bss           0x0000000000000000        0x0 Stm32F103C6_Drivers/MCAL/EXTI/Stm32F103C6_EXTI_Driver.o
 .text.EXTI_GPIO_DeInit
                0x0000000000000000       0x94 Stm32F103C6_Drivers/MCAL/EXTI/Stm32F103C6_EXTI_Driver.o
 .text.EXTI__GPIO_Update
                0x0000000000000000       0x16 Stm32F103C6_Drivers/MCAL/EXTI/Stm32F103C6_EXTI_Driver.o
 .debug_macro   0x0000000000000000      0xa60 Stm32F103C6_Drivers/MCAL/EXTI/Stm32F103C6_EXTI_Driver.o
 .debug_macro   0x0000000000000000       0x18 Stm32F103C6_Drivers/MCAL/EXTI/Stm32F103C6_EXTI_Driver.o
 .debug_macro   0x0000000000000000       0x22 Stm32F103C6_Drivers/MCAL/EXTI/Stm32F103C6_EXTI_Driver.o
 .debug_macro   0x0000000000000000       0x40 Stm32F103C6_Drivers/MCAL/EXTI/Stm32F103C6_EXTI_Driver.o
 .debug_macro   0x0000000000000000       0x94 Stm32F103C6_Drivers/MCAL/EXTI/Stm32F103C6_EXTI_Driver.o
 .debug_macro   0x0000000000000000       0x3c Stm32F103C6_Drivers/MCAL/EXTI/Stm32F103C6_EXTI_Driver.o
 .debug_macro   0x0000000000000000       0x34 Stm32F103C6_Drivers/MCAL/EXTI/Stm32F103C6_EXTI_Driver.o
 .debug_macro   0x0000000000000000       0x16 Stm32F103C6_Drivers/MCAL/EXTI/Stm32F103C6_EXTI_Driver.o
 .debug_macro   0x0000000000000000      0x10e Stm32F103C6_Drivers/MCAL/EXTI/Stm32F103C6_EXTI_Driver.o
 .debug_macro   0x0000000000000000       0x8d Stm32F103C6_Drivers/MCAL/EXTI/Stm32F103C6_EXTI_Driver.o
 .debug_macro   0x0000000000000000       0x57 Stm32F103C6_Drivers/MCAL/EXTI/Stm32F103C6_EXTI_Driver.o
 .debug_macro   0x0000000000000000       0x52 Stm32F103C6_Drivers/MCAL/EXTI/Stm32F103C6_EXTI_Driver.o
 .debug_macro   0x0000000000000000       0x1f Stm32F103C6_Drivers/MCAL/EXTI/Stm32F103C6_EXTI_Driver.o
 .debug_macro   0x0000000000000000       0x43 Stm32F103C6_Drivers/MCAL/EXTI/Stm32F103C6_EXTI_Driver.o
 .debug_macro   0x0000000000000000       0x20 Stm32F103C6_Drivers/MCAL/EXTI/Stm32F103C6_EXTI_Driver.o
 .debug_macro   0x0000000000000000      0x1a3 Stm32F103C6_Drivers/MCAL/EXTI/Stm32F103C6_EXTI_Driver.o
 .debug_macro   0x0000000000000000      0x330 Stm32F103C6_Drivers/MCAL/EXTI/Stm32F103C6_EXTI_Driver.o
 .debug_macro   0x0000000000000000       0x16 Stm32F103C6_Drivers/MCAL/EXTI/Stm32F103C6_EXTI_Driver.o
 .debug_macro   0x0000000000000000       0x29 Stm32F103C6_Drivers/MCAL/EXTI/Stm32F103C6_EXTI_Driver.o
 .debug_macro   0x0000000000000000       0xef Stm32F103C6_Drivers/MCAL/EXTI/Stm32F103C6_EXTI_Driver.o
 .debug_macro   0x0000000000000000       0x6a Stm32F103C6_Drivers/MCAL/EXTI/Stm32F103C6_EXTI_Driver.o
 .debug_macro   0x0000000000000000      0x1df Stm32F103C6_Drivers/MCAL/EXTI/Stm32F103C6_EXTI_Driver.o
 .debug_macro   0x0000000000000000      0x1b0 Stm32F103C6_Drivers/MCAL/EXTI/Stm32F103C6_EXTI_Driver.o
 .debug_macro   0x0000000000000000       0xca Stm32F103C6_Drivers/MCAL/EXTI/Stm32F103C6_EXTI_Driver.o
 .debug_macro   0x0000000000000000      0x29b Stm32F103C6_Drivers/MCAL/EXTI/Stm32F103C6_EXTI_Driver.o
 .group         0x0000000000000000        0xc Stm32F103C6_Drivers/MCAL/GPIO/Stm32F103C6_GPIO_Driver.o
 .group         0x0000000000000000        0xc Stm32F103C6_Drivers/MCAL/GPIO/Stm32F103C6_GPIO_Driver.o
 .group         0x0000000000000000        0xc Stm32F103C6_Drivers/MCAL/GPIO/Stm32F103C6_GPIO_Driver.o
 .group         0x0000000000000000        0xc Stm32F103C6_Drivers/MCAL/GPIO/Stm32F103C6_GPIO_Driver.o
 .group         0x0000000000000000        0xc Stm32F103C6_Drivers/MCAL/GPIO/Stm32F103C6_GPIO_Driver.o
 .group         0x0000000000000000        0xc Stm32F103C6_Drivers/MCAL/GPIO/Stm32F103C6_GPIO_Driver.o
 .group         0x0000000000000000        0xc Stm32F103C6_Drivers/MCAL/GPIO/Stm32F103C6_GPIO_Driver.o
 .group         0x0000000000000000        0xc Stm32F103C6_Drivers/MCAL/GPIO/Stm32F103C6_GPIO_Driver.o
 .group         0x0000000000000000        0xc Stm32F103C6_Drivers/MCAL/GPIO/Stm32F103C6_GPIO_Driver.o
 .group         0x0000000000000000        0xc Stm32F103C6_Drivers/MCAL/GPIO/Stm32F103C6_GPIO_Driver.o
 .group         0x0000000000000000        0xc Stm32F103C6_Drivers/MCAL/GPIO/Stm32F103C6_GPIO_Driver.o
 .group         0x0000000000000000        0xc Stm32F103C6_Drivers/MCAL/GPIO/Stm32F103C6_GPIO_Driver.o
 .group         0x0000000000000000        0xc Stm32F103C6_Drivers/MCAL/GPIO/Stm32F103C6_GPIO_Driver.o
 .group         0x0000000000000000        0xc Stm32F103C6_Drivers/MCAL/GPIO/Stm32F103C6_GPIO_Driver.o
 .group         0x0000000000000000        0xc Stm32F103C6_Drivers/MCAL/GPIO/Stm32F103C6_GPIO_Driver.o
 .group         0x0000000000000000        0xc Stm32F103C6_Drivers/MCAL/GPIO/Stm32F103C6_GPIO_Driver.o
 .group         0x0000000000000000        0xc Stm32F103C6_Drivers/MCAL/GPIO/Stm32F103C6_GPIO_Driver.o
 .group         0x0000000000000000        0xc Stm32F103C6_Drivers/MCAL/GPIO/Stm32F103C6_GPIO_Driver.o
 .group         0x0000000000000000        0xc Stm32F103C6_Drivers/MCAL/GPIO/Stm32F103C6_GPIO_Driver.o
 .group         0x0000000000000000        0xc Stm32F103C6_Drivers/MCAL/GPIO/Stm32F103C6_GPIO_Driver.o
 .group         0x0000000000000000        0xc Stm32F103C6_Drivers/MCAL/GPIO/Stm32F103C6_GPIO_Driver.o
 .group         0x0000000000000000        0xc Stm32F103C6_Drivers/MCAL/GPIO/Stm32F103C6_GPIO_Driver.o
 .group         0x0000000000000000        0xc Stm32F103C6_Drivers/MCAL/GPIO/Stm32F103C6_GPIO_Driver.o
 .group         0x0000000000000000        0xc Stm32F103C6_Drivers/MCAL/GPIO/Stm32F103C6_GPIO_Driver.o
 .text          0x0000000000000000        0x0 Stm32F103C6_Drivers/MCAL/GPIO/Stm32F103C6_GPIO_Driver.o
 .data          0x0000000000000000        0x0 Stm32F103C6_Drivers/MCAL/GPIO/Stm32F103C6_GPIO_Driver.o
 .bss           0x0000000000000000        0x0 Stm32F103C6_Drivers/MCAL/GPIO/Stm32F103C6_GPIO_Driver.o
 .text.GPIO_DeInit
                0x0000000000000000       0xd4 Stm32F103C6_Drivers/MCAL/GPIO/Stm32F103C6_GPIO_Driver.o
 .text.GPIO_ReadPin
                0x0000000000000000       0x2e Stm32F103C6_Drivers/MCAL/GPIO/Stm32F103C6_GPIO_Driver.o
 .text.GPIO_ReadPort
                0x0000000000000000       0x18 Stm32F103C6_Drivers/MCAL/GPIO/Stm32F103C6_GPIO_Driver.o
 .text.GPIO_WritePort
                0x0000000000000000       0x1c Stm32F103C6_Drivers/MCAL/GPIO/Stm32F103C6_GPIO_Driver.o
 .text.GPIO_TogglePin
                0x0000000000000000       0x22 Stm32F103C6_Drivers/MCAL/GPIO/Stm32F103C6_GPIO_Driver.o
 .text.GPIO_LockPin
                0x0000000000000000       0x4e Stm32F103C6_Drivers/MCAL/GPIO/Stm32F103C6_GPIO_Driver.o
 .debug_macro   0x0000000000000000      0xa60 Stm32F103C6_Drivers/MCAL/GPIO/Stm32F103C6_GPIO_Driver.o
 .debug_macro   0x0000000000000000       0x18 Stm32F103C6_Drivers/MCAL/GPIO/Stm32F103C6_GPIO_Driver.o
 .debug_macro   0x0000000000000000       0x22 Stm32F103C6_Drivers/MCAL/GPIO/Stm32F103C6_GPIO_Driver.o
 .debug_macro   0x0000000000000000       0x40 Stm32F103C6_Drivers/MCAL/GPIO/Stm32F103C6_GPIO_Driver.o
 .debug_macro   0x0000000000000000       0x94 Stm32F103C6_Drivers/MCAL/GPIO/Stm32F103C6_GPIO_Driver.o
 .debug_macro   0x0000000000000000       0x3c Stm32F103C6_Drivers/MCAL/GPIO/Stm32F103C6_GPIO_Driver.o
 .debug_macro   0x0000000000000000       0x34 Stm32F103C6_Drivers/MCAL/GPIO/Stm32F103C6_GPIO_Driver.o
 .debug_macro   0x0000000000000000       0x16 Stm32F103C6_Drivers/MCAL/GPIO/Stm32F103C6_GPIO_Driver.o
 .debug_macro   0x0000000000000000      0x10e Stm32F103C6_Drivers/MCAL/GPIO/Stm32F103C6_GPIO_Driver.o
 .debug_macro   0x0000000000000000       0x8d Stm32F103C6_Drivers/MCAL/GPIO/Stm32F103C6_GPIO_Driver.o
 .debug_macro   0x0000000000000000       0x57 Stm32F103C6_Drivers/MCAL/GPIO/Stm32F103C6_GPIO_Driver.o
 .debug_macro   0x0000000000000000       0x52 Stm32F103C6_Drivers/MCAL/GPIO/Stm32F103C6_GPIO_Driver.o
 .debug_macro   0x0000000000000000       0x1f Stm32F103C6_Drivers/MCAL/GPIO/Stm32F103C6_GPIO_Driver.o
 .debug_macro   0x0000000000000000       0x43 Stm32F103C6_Drivers/MCAL/GPIO/Stm32F103C6_GPIO_Driver.o
 .debug_macro   0x0000000000000000       0x20 Stm32F103C6_Drivers/MCAL/GPIO/Stm32F103C6_GPIO_Driver.o
 .debug_macro   0x0000000000000000      0x1a3 Stm32F103C6_Drivers/MCAL/GPIO/Stm32F103C6_GPIO_Driver.o
 .debug_macro   0x0000000000000000      0x330 Stm32F103C6_Drivers/MCAL/GPIO/Stm32F103C6_GPIO_Driver.o
 .debug_macro   0x0000000000000000       0x16 Stm32F103C6_Drivers/MCAL/GPIO/Stm32F103C6_GPIO_Driver.o
 .debug_macro   0x0000000000000000       0x29 Stm32F103C6_Drivers/MCAL/GPIO/Stm32F103C6_GPIO_Driver.o
 .debug_macro   0x0000000000000000       0xef Stm32F103C6_Drivers/MCAL/GPIO/Stm32F103C6_GPIO_Driver.o
 .debug_macro   0x0000000000000000       0x6a Stm32F103C6_Drivers/MCAL/GPIO/Stm32F103C6_GPIO_Driver.o
 .debug_macro   0x0000000000000000      0x1df Stm32F103C6_Drivers/MCAL/GPIO/Stm32F103C6_GPIO_Driver.o
 .debug_macro   0x0000000000000000      0x1b0 Stm32F103C6_Drivers/MCAL/GPIO/Stm32F103C6_GPIO_Driver.o
 .text          0x0000000000000000        0x0 c:/st/stm32cubeide_1.4.0/stm32cubeide/plugins/com.st.stm32cube.ide.mcu.externaltools.gnu-tools-for-stm32.7-2018-q2-update.win32_1.4.0.202007081208/tools/bin/../lib/gcc/arm-none-eabi/7.3.1/../../../../arm-none-eabi/lib/thumb/v7-m\libc_nano.a(lib_a-errno.o)
 .data          0x0000000000000000        0x0 c:/st/stm32cubeide_1.4.0/stm32cubeide/plugins/com.st.stm32cube.ide.mcu.externaltools.gnu-tools-for-stm32.7-2018-q2-update.win32_1.4.0.202007081208/tools/bin/../lib/gcc/arm-none-eabi/7.3.1/../../../../arm-none-eabi/lib/thumb/v7-m\libc_nano.a(lib_a-errno.o)
 .bss           0x0000000000000000        0x0 c:/st/stm32cubeide_1.4.0/stm32cubeide/plugins/com.st.stm32cube.ide.mcu.externaltools.gnu-tools-for-stm32.7-2018-q2-update.win32_1.4.0.202007081208/tools/bin/../lib/gcc/arm-none-eabi/7.3.1/../../../../arm-none-eabi/lib/thumb/v7-m\libc_nano.a(lib_a-errno.o)
 .text.__errno  0x0000000000000000        0xc c:/st/stm32cubeide_1.4.0/stm32cubeide/plugins/com.st.stm32cube.ide.mcu.externaltools.gnu-tools-for-stm32.7-2018-q2-update.win32_1.4.0.202007081208/tools/bin/../lib/gcc/arm-none-eabi/7.3.1/../../../../arm-none-eabi/lib/thumb/v7-m\libc_nano.a(lib_a-errno.o)
 .debug_frame   0x0000000000000000       0x20 c:/st/stm32cubeide_1.4.0/stm32cubeide/plugins/com.st.stm32cube.ide.mcu.externaltools.gnu-tools-for-stm32.7-2018-q2-update.win32_1.4.0.202007081208/tools/bin/../lib/gcc/arm-none-eabi/7.3.1/../../../../arm-none-eabi/lib/thumb/v7-m\libc_nano.a(lib_a-errno.o)
 .ARM.attributes
                0x0000000000000000       0x2d c:/st/stm32cubeide_1.4.0/stm32cubeide/plugins/com.st.stm32cube.ide.mcu.externaltools.gnu-tools-for-stm32.7-2018-q2-update.win32_1.4.0.202007081208/tools/bin/../lib/gcc/arm-none-eabi/7.3.1/../../../../arm-none-eabi/lib/thumb/v7-m\libc_nano.a(lib_a-errno.o)
 .text          0x0000000000000000        0x0 c:/st/stm32cubeide_1.4.0/stm32cubeide/plugins/com.st.stm32cube.ide.mcu.externaltools.gnu-tools-for-stm32.7-2018-q2-update.win32_1.4.0.202007081208/tools/bin/../lib/gcc/arm-none-eabi/7.3.1/../../../../arm-none-eabi/lib/thumb/v7-m\libc_nano.a(lib_a-exit.o)
 .data          0x0000000000000000        0x0 c:/st/stm32cubeide_1.4.0/stm32cubeide/plugins/com.st.stm32cube.ide.mcu.externaltools.gnu-tools-for-stm32.7-2018-q2-update.win32_1.4.0.202007081208/tools/bin/../lib/gcc/arm-none-eabi/7.3.1/../../../../arm-none-eabi/lib/thumb/v7-m\libc_nano.a(lib_a-exit.o)
 .bss           0x0000000000000000        0x0 c:/st/stm32cubeide_1.4.0/stm32cubeide/plugins/com.st.stm32cube.ide.mcu.externaltools.gnu-tools-for-stm32.7-2018-q2-update.win32_1.4.0.202007081208/tools/bin/../lib/gcc/arm-none-eabi/7.3.1/../../../../arm-none-eabi/lib/thumb/v7-m\libc_nano.a(lib_a-exit.o)
 .text.exit     0x0000000000000000       0x28 c:/st/stm32cubeide_1.4.0/stm32cubeide/plugins/com.st.stm32cube.ide.mcu.externaltools.gnu-tools-for-stm32.7-2018-q2-update.win32_1.4.0.202007081208/tools/bin/../lib/gcc/arm-none-eabi/7.3.1/../../../../arm-none-eabi/lib/thumb/v7-m\libc_nano.a(lib_a-exit.o)
 .debug_frame   0x0000000000000000       0x28 c:/st/stm32cubeide_1.4.0/stm32cubeide/plugins/com.st.stm32cube.ide.mcu.externaltools.gnu-tools-for-stm32.7-2018-q2-update.win32_1.4.0.202007081208/tools/bin/../lib/gcc/arm-none-eabi/7.3.1/../../../../arm-none-eabi/lib/thumb/v7-m\libc_nano.a(lib_a-exit.o)
 .ARM.attributes
                0x0000000000000000       0x2d c:/st/stm32cubeide_1.4.0/stm32cubeide/plugins/com.st.stm32cube.ide.mcu.externaltools.gnu-tools-for-stm32.7-2018-q2-update.win32_1.4.0.202007081208/tools/bin/../lib/gcc/arm-none-eabi/7.3.1/../../../../arm-none-eabi/lib/thumb/v7-m\libc_nano.a(lib_a-exit.o)
 .text          0x0000000000000000        0x0 c:/st/stm32cubeide_1.4.0/stm32cubeide/plugins/com.st.stm32cube.ide.mcu.externaltools.gnu-tools-for-stm32.7-2018-q2-update.win32_1.4.0.202007081208/tools/bin/../lib/gcc/arm-none-eabi/7.3.1/../../../../arm-none-eabi/lib/thumb/v7-m\libc_nano.a(lib_a-impure.o)
 .data          0x0000000000000000        0x0 c:/st/stm32cubeide_1.4.0/stm32cubeide/plugins/com.st.stm32cube.ide.mcu.externaltools.gnu-tools-for-stm32.7-2018-q2-update.win32_1.4.0.202007081208/tools/bin/../lib/gcc/arm-none-eabi/7.3.1/../../../../arm-none-eabi/lib/thumb/v7-m\libc_nano.a(lib_a-impure.o)
 .bss           0x0000000000000000        0x0 c:/st/stm32cubeide_1.4.0/stm32cubeide/plugins/com.st.stm32cube.ide.mcu.externaltools.gnu-tools-for-stm32.7-2018-q2-update.win32_1.4.0.202007081208/tools/bin/../lib/gcc/arm-none-eabi/7.3.1/../../../../arm-none-eabi/lib/thumb/v7-m\libc_nano.a(lib_a-impure.o)
 .data._impure_ptr
                0x0000000000000000        0x4 c:/st/stm32cubeide_1.4.0/stm32cubeide/plugins/com.st.stm32cube.ide.mcu.externaltools.gnu-tools-for-stm32.7-2018-q2-update.win32_1.4.0.202007081208/tools/bin/../lib/gcc/arm-none-eabi/7.3.1/../../../../arm-none-eabi/lib/thumb/v7-m\libc_nano.a(lib_a-impure.o)
 .data.impure_data
                0x0000000000000000       0x60 c:/st/stm32cubeide_1.4.0/stm32cubeide/plugins/com.st.stm32cube.ide.mcu.externaltools.gnu-tools-for-stm32.7-2018-q2-update.win32_1.4.0.202007081208/tools/bin/../lib/gcc/arm-none-eabi/7.3.1/../../../../arm-none-eabi/lib/thumb/v7-m\libc_nano.a(lib_a-impure.o)
 .rodata._global_impure_ptr
                0x0000000000000000        0x4 c:/st/stm32cubeide_1.4.0/stm32cubeide/plugins/com.st.stm32cube.ide.mcu.externaltools.gnu-tools-for-stm32.7-2018-q2-update.win32_1.4.0.202007081208/tools/bin/../lib/gcc/arm-none-eabi/7.3.1/../../../../arm-none-eabi/lib/thumb/v7-m\libc_nano.a(lib_a-impure.o)
 .ARM.attributes
                0x0000000000000000       0x2d c:/st/stm32cubeide_1.4.0/stm32cubeide/plugins/com.st.stm32cube.ide.mcu.externaltools.gnu-tools-for-stm32.7-2018-q2-update.win32_1.4.0.202007081208/tools/bin/../lib/gcc/arm-none-eabi/7.3.1/../../../../arm-none-eabi/lib/thumb/v7-m\libc_nano.a(lib_a-impure.o)
 .text          0x0000000000000000        0x0 c:/st/stm32cubeide_1.4.0/stm32cubeide/plugins/com.st.stm32cube.ide.mcu.externaltools.gnu-tools-for-stm32.7-2018-q2-update.win32_1.4.0.202007081208/tools/bin/../lib/gcc/arm-none-eabi/7.3.1/../../../../arm-none-eabi/lib/thumb/v7-m\libc_nano.a(lib_a-init.o)
 .data          0x0000000000000000        0x0 c:/st/stm32cubeide_1.4.0/stm32cubeide/plugins/com.st.stm32cube.ide.mcu.externaltools.gnu-tools-for-stm32.7-2018-q2-update.win32_1.4.0.202007081208/tools/bin/../lib/gcc/arm-none-eabi/7.3.1/../../../../arm-none-eabi/lib/thumb/v7-m\libc_nano.a(lib_a-init.o)
 .bss           0x0000000000000000        0x0 c:/st/stm32cubeide_1.4.0/stm32cubeide/plugins/com.st.stm32cube.ide.mcu.externaltools.gnu-tools-for-stm32.7-2018-q2-update.win32_1.4.0.202007081208/tools/bin/../lib/gcc/arm-none-eabi/7.3.1/../../../../arm-none-eabi/lib/thumb/v7-m\libc_nano.a(lib_a-init.o)
 .text          0x0000000000000000        0x0 c:/st/stm32cubeide_1.4.0/stm32cubeide/plugins/com.st.stm32cube.ide.mcu.externaltools.gnu-tools-for-stm32.7-2018-q2-update.win32_1.4.0.202007081208/tools/bin/../lib/gcc/arm-none-eabi/7.3.1/../../../../arm-none-eabi/lib/thumb/v7-m\libc_nano.a(lib_a-memset.o)
 .data          0x0000000000000000        0x0 c:/st/stm32cubeide_1.4.0/stm32cubeide/plugins/com.st.stm32cube.ide.mcu.externaltools.gnu-tools-for-stm32.7-2018-q2-update.win32_1.4.0.202007081208/tools/bin/../lib/gcc/arm-none-eabi/7.3.1/../../../../arm-none-eabi/lib/thumb/v7-m\libc_nano.a(lib_a-memset.o)
 .bss           0x0000000000000000        0x0 c:/st/stm32cubeide_1.4.0/stm32cubeide/plugins/com.st.stm32cube.ide.mcu.externaltools.gnu-tools-for-stm32.7-2018-q2-update.win32_1.4.0.202007081208/tools/bin/../lib/gcc/arm-none-eabi/7.3.1/../../../../arm-none-eabi/lib/thumb/v7-m\libc_nano.a(lib_a-memset.o)
 .text.memset   0x0000000000000000       0x10 c:/st/stm32cubeide_1.4.0/stm32cubeide/plugins/com.st.stm32cube.ide.mcu.externaltools.gnu-tools-for-stm32.7-2018-q2-update.win32_1.4.0.202007081208/tools/bin/../lib/gcc/arm-none-eabi/7.3.1/../../../../arm-none-eabi/lib/thumb/v7-m\libc_nano.a(lib_a-memset.o)
 .debug_frame   0x0000000000000000       0x20 c:/st/stm32cubeide_1.4.0/stm32cubeide/plugins/com.st.stm32cube.ide.mcu.externaltools.gnu-tools-for-stm32.7-2018-q2-update.win32_1.4.0.202007081208/tools/bin/../lib/gcc/arm-none-eabi/7.3.1/../../../../arm-none-eabi/lib/thumb/v7-m\libc_nano.a(lib_a-memset.o)
 .ARM.attributes
                0x0000000000000000       0x2d c:/st/stm32cubeide_1.4.0/stm32cubeide/plugins/com.st.stm32cube.ide.mcu.externaltools.gnu-tools-for-stm32.7-2018-q2-update.win32_1.4.0.202007081208/tools/bin/../lib/gcc/arm-none-eabi/7.3.1/../../../../arm-none-eabi/lib/thumb/v7-m\libc_nano.a(lib_a-memset.o)
 .text          0x0000000000000000        0x0 c:/st/stm32cubeide_1.4.0/stm32cubeide/plugins/com.st.stm32cube.ide.mcu.externaltools.gnu-tools-for-stm32.7-2018-q2-update.win32_1.4.0.202007081208/tools/bin/../lib/gcc/arm-none-eabi/7.3.1/thumb/v7-m/crtend.o
 .data          0x0000000000000000        0x0 c:/st/stm32cubeide_1.4.0/stm32cubeide/plugins/com.st.stm32cube.ide.mcu.externaltools.gnu-tools-for-stm32.7-2018-q2-update.win32_1.4.0.202007081208/tools/bin/../lib/gcc/arm-none-eabi/7.3.1/thumb/v7-m/crtend.o
 .bss           0x0000000000000000        0x0 c:/st/stm32cubeide_1.4.0/stm32cubeide/plugins/com.st.stm32cube.ide.mcu.externaltools.gnu-tools-for-stm32.7-2018-q2-update.win32_1.4.0.202007081208/tools/bin/../lib/gcc/arm-none-eabi/7.3.1/thumb/v7-m/crtend.o
 .eh_frame      0x0000000000000000        0x4 c:/st/stm32cubeide_1.4.0/stm32cubeide/plugins/com.st.stm32cube.ide.mcu.externaltools.gnu-tools-for-stm32.7-2018-q2-update.win32_1.4.0.202007081208/tools/bin/../lib/gcc/arm-none-eabi/7.3.1/thumb/v7-m/crtend.o
 .ARM.attributes
                0x0000000000000000       0x2d c:/st/stm32cubeide_1.4.0/stm32cubeide/plugins/com.st.stm32cube.ide.mcu.externaltools.gnu-tools-for-stm32.7-2018-q2-update.win32_1.4.0.202007081208/tools/bin/../lib/gcc/arm-none-eabi/7.3.1/thumb/v7-m/crtend.o
 .text          0x0000000000000000        0x0 c:/st/stm32cubeide_1.4.0/stm32cubeide/plugins/com.st.stm32cube.ide.mcu.externaltools.gnu-tools-for-stm32.7-2018-q2-update.win32_1.4.0.202007081208/tools/bin/../lib/gcc/arm-none-eabi/7.3.1/thumb/v7-m/crtn.o
 .data          0x0000000000000000        0x0 c:/st/stm32cubeide_1.4.0/stm32cubeide/plugins/com.st.stm32cube.ide.mcu.externaltools.gnu-tools-for-stm32.7-2018-q2-update.win32_1.4.0.202007081208/tools/bin/../lib/gcc/arm-none-eabi/7.3.1/thumb/v7-m/crtn.o
 .bss           0x0000000000000000        0x0 c:/st/stm32cubeide_1.4.0/stm32cubeide/plugins/com.st.stm32cube.ide.mcu.externaltools.gnu-tools-for-stm32.7-2018-q2-update.win32_1.4.0.202007081208/tools/bin/../lib/gcc/arm-none-eabi/7.3.1/thumb/v7-m/crtn.o

Memory Configuration

Name             Origin             Length             Attributes
RAM              0x0000000020000000 0x0000000000002800 xrw
ROM              0x0000000008000000 0x0000000000008000 xr
*default*        0x0000000000000000 0xffffffffffffffff

Linker script and memory map

LOAD c:/st/stm32cubeide_1.4.0/stm32cubeide/plugins/com.st.stm32cube.ide.mcu.externaltools.gnu-tools-for-stm32.7-2018-q2-update.win32_1.4.0.202007081208/tools/bin/../lib/gcc/arm-none-eabi/7.3.1/thumb/v7-m/crti.o
LOAD c:/st/stm32cubeide_1.4.0/stm32cubeide/plugins/com.st.stm32cube.ide.mcu.externaltools.gnu-tools-for-stm32.7-2018-q2-update.win32_1.4.0.202007081208/tools/bin/../lib/gcc/arm-none-eabi/7.3.1/thumb/v7-m/crtbegin.o
LOAD c:/st/stm32cubeide_1.4.0/stm32cubeide/plugins/com.st.stm32cube.ide.mcu.externaltools.gnu-tools-for-stm32.7-2018-q2-update.win32_1.4.0.202007081208/tools/bin/../lib/gcc/arm-none-eabi/7.3.1/../../../../arm-none-eabi/lib/thumb/v7-m/crt0.o
LOAD Src/main.o
LOAD Src/syscalls.o
LOAD Src/sysmem.o
LOAD Startup/startup_stm32f103c6tx.o
LOAD Stm32F103C6_Drivers/HAL/KEYPAD_DRIVER/KEYPAD.o
LOAD Stm32F103C6_Drivers/HAL/LCD_DRIVER/LCD.o
LOAD Stm32F103C6_Drivers/MCAL/EXTI/Stm32F103C6_EXTI_Driver.o
LOAD Stm32F103C6_Drivers/MCAL/GPIO/Stm32F103C6_GPIO_Driver.o
START GROUP
LOAD c:/st/stm32cubeide_1.4.0/stm32cubeide/plugins/com.st.stm32cube.ide.mcu.externaltools.gnu-tools-for-stm32.7-2018-q2-update.win32_1.4.0.202007081208/tools/bin/../lib/gcc/arm-none-eabi/7.3.1/../../../../arm-none-eabi/lib/thumb/v7-m\libc_nano.a
LOAD c:/st/stm32cubeide_1.4.0/stm32cubeide/plugins/com.st.stm32cube.ide.mcu.externaltools.gnu-tools-for-stm32.7-2018-q2-update.win32_1.4.0.202007081208/tools/bin/../lib/gcc/arm-none-eabi/7.3.1/../../../../arm-none-eabi/lib/thumb/v7-m\libm.a
END GROUP
START GROUP
LOAD c:/st/stm32cubeide_1.4.0/stm32cubeide/plugins/com.st.stm32cube.ide.mcu.externaltools.gnu-tools-for-stm32.7-2018-q2-update.win32_1.4.0.202007081208/tools/bin/../lib/gcc/arm-none-eabi/7.3.1/thumb/v7-m\libgcc.a
LOAD c:/st/stm32cubeide_1.4.0/stm32cubeide/plugins/com.st.stm32cube.ide.mcu.externaltools.gnu-tools-for-stm32.7-2018-q2-update.win32_1.4.0.202007081208/tools/bin/../lib/gcc/arm-none-eabi/7.3.1/../../../../arm-none-eabi/lib/thumb/v7-m\libg_nano.a
LOAD c:/st/stm32cubeide_1.4.0/stm32cubeide/plugins/com.st.stm32cube.ide.mcu.externaltools.gnu-tools-for-stm32.7-2018-q2-update.win32_1.4.0.202007081208/tools/bin/../lib/gcc/arm-none-eabi/7.3.1/../../../../arm-none-eabi/lib/thumb/v7-m\libc_nano.a
END GROUP
START GROUP
LOAD c:/st/stm32cubeide_1.4.0/stm32cubeide/plugins/com.st.stm32cube.ide.mcu.externaltools.gnu-tools-for-stm32.7-2018-q2-update.win32_1.4.0.202007081208/tools/bin/../lib/gcc/arm-none-eabi/7.3.1/thumb/v7-m\libgcc.a
LOAD c:/st/stm32cubeide_1.4.0/stm32cubeide/plugins/com.st.stm32cube.ide.mcu.externaltools.gnu-tools-for-stm32.7-2018-q2-update.win32_1.4.0.202007081208/tools/bin/../lib/gcc/arm-none-eabi/7.3.1/../../../../arm-none-eabi/lib/thumb/v7-m\libc_nano.a
LOAD c:/st/stm32cubeide_1.4.0/stm32cubeide/plugins/com.st.stm32cube.ide.mcu.externaltools.gnu-tools-for-stm32.7-2018-q2-update.win32_1.4.0.202007081208/tools/bin/../lib/gcc/arm-none-eabi/7.3.1/../../../../arm-none-eabi/lib/thumb/v7-m\libnosys.a
END GROUP
START GROUP
LOAD c:/st/stm32cubeide_1.4.0/stm32cubeide/plugins/com.st.stm32cube.ide.mcu.externaltools.gnu-tools-for-stm32.7-2018-q2-update.win32_1.4.0.202007081208/tools/bin/../lib/gcc/arm-none-eabi/7.3.1/thumb/v7-m\libgcc.a
LOAD c:/st/stm32cubeide_1.4.0/stm32cubeide/plugins/com.st.stm32cube.ide.mcu.externaltools.gnu-tools-for-stm32.7-2018-q2-update.win32_1.4.0.202007081208/tools/bin/../lib/gcc/arm-none-eabi/7.3.1/../../../../arm-none-eabi/lib/thumb/v7-m\libc_nano.a
LOAD c:/st/stm32cubeide_1.4.0/stm32cubeide/plugins/com.st.stm32cube.ide.mcu.externaltools.gnu-tools-for-stm32.7-2018-q2-update.win32_1.4.0.202007081208/tools/bin/../lib/gcc/arm-none-eabi/7.3.1/../../../../arm-none-eabi/lib/thumb/v7-m\libnosys.a
END GROUP
LOAD c:/st/stm32cubeide_1.4.0/stm32cubeide/plugins/com.st.stm32cube.ide.mcu.externaltools.gnu-tools-for-stm32.7-2018-q2-update.win32_1.4.0.202007081208/tools/bin/../lib/gcc/arm-none-eabi/7.3.1/thumb/v7-m/crtend.o
LOAD c:/st/stm32cubeide_1.4.0/stm32cubeide/plugins/com.st.stm32cube.ide.mcu.externaltools.gnu-tools-for-stm32.7-2018-q2-update.win32_1.4.0.202007081208/tools/bin/../lib/gcc/arm-none-eabi/7.3.1/thumb/v7-m/crtn.o
                0x0000000020002800                _estack = (ORIGIN (RAM) + LENGTH (RAM))
                0x0000000000000200                _Min_Heap_Size = 0x200
                0x0000000000000400                _Min_Stack_Size = 0x400

.isr_vector     0x0000000008000000      0x130
                0x0000000008000000                . = ALIGN (0x4)
 *(.isr_vector)
 .isr_vector    0x0000000008000000      0x130 Startup/startup_stm32f103c6tx.o
                0x0000000008000000                g_pfnVectors
                0x0000000008000130                . = ALIGN (0x4)

.text           0x0000000008000130      0xdb4
                0x0000000008000130                . = ALIGN (0x4)
 *(.text)
 .text          0x0000000008000130       0x40 c:/st/stm32cubeide_1.4.0/stm32cubeide/plugins/com.st.stm32cube.ide.mcu.externaltools.gnu-tools-for-stm32.7-2018-q2-update.win32_1.4.0.202007081208/tools/bin/../lib/gcc/arm-none-eabi/7.3.1/thumb/v7-m/crtbegin.o
 *(.text*)
 .text.main     0x0000000008000170       0x58 Src/main.o
                0x0000000008000170                main
 .text.clock_init
                0x00000000080001c8       0x34 Src/main.o
                0x00000000080001c8                clock_init
 .text.wait     0x00000000080001fc       0x38 Src/main.o
                0x00000000080001fc                wait
 .text.EXTI9_callback
                0x0000000008000234       0x24 Src/main.o
                0x0000000008000234                EXTI9_callback
 .text.Reset_Handler
                0x0000000008000258       0x50 Startup/startup_stm32f103c6tx.o
                0x0000000008000258                Reset_Handler
 .text.Default_Handler
                0x00000000080002a8        0x2 Startup/startup_stm32f103c6tx.o
                0x00000000080002a8                TIM8_TRG_COM_IRQHandler
                0x00000000080002a8                TIM8_CC_IRQHandler
                0x00000000080002a8                DebugMon_Handler
                0x00000000080002a8                TIM1_CC_IRQHandler
                0x00000000080002a8                HardFault_Handler
                0x00000000080002a8                TIM6_IRQHandler
                0x00000000080002a8                SysTick_Handler
                0x00000000080002a8                PVD_IRQHandler
                0x00000000080002a8                SDIO_IRQHandler
                0x00000000080002a8                PendSV_Handler
                0x00000000080002a8                NMI_Handler
                0x00000000080002a8                USB_HP_CAN_TX_IRQHandler
                0x00000000080002a8                I2C2_EV_IRQHandler
                0x00000000080002a8                UsageFault_Handler
                0x00000000080002a8                ADC1_2_IRQHandler
                0x00000000080002a8                SPI1_IRQHandler
                0x00000000080002a8                CAN_SCE_IRQHandler
                0x00000000080002a8                TAMPER_IRQHandler
                0x00000000080002a8                TIM8_UP_IRQHandler
                0x00000000080002a8                DMA2_Channel2_IRQHandler
                0x00000000080002a8                DMA1_Channel4_IRQHandler
                0x00000000080002a8                USART3_IRQHandler
                0x00000000080002a8                RTC_IRQHandler
                0x00000000080002a8                DMA1_Channel7_IRQHandler
                0x00000000080002a8                UART5_IRQHandler
                0x00000000080002a8                ADC3_IRQHandler
                0x00000000080002a8                TIM4_IRQHandler
                0x00000000080002a8                CAN_RX1_IRQHandler
                0x00000000080002a8                DMA2_Channel1_IRQHandler
                0x00000000080002a8                I2C1_EV_IRQHandler
                0x00000000080002a8                DMA1_Channel6_IRQHandler
                0x00000000080002a8                UART4_IRQHandler
                0x00000000080002a8                TIM3_IRQHandler
                0x00000000080002a8                RCC_IRQHandler
                0x00000000080002a8                TIM1_TRG_COM_IRQHandler
                0x00000000080002a8                DMA1_Channel1_IRQHandler
                0x00000000080002a8                Default_Handler
                0x00000000080002a8                TIM7_IRQHandler
                0x00000000080002a8                TIM5_IRQHandler
                0x00000000080002a8                SPI2_IRQHandler
                0x00000000080002a8                USB_LP_CAN_RX0_IRQHandler
                0x00000000080002a8                MemManage_Handler
                0x00000000080002a8                SVC_Handler
                0x00000000080002a8                DMA1_Channel5_IRQHandler
                0x00000000080002a8                DMA1_Channel3_IRQHandler
                0x00000000080002a8                FSMC_IRQHandler
                0x00000000080002a8                TIM1_UP_IRQHandler
                0x00000000080002a8                WWDG_IRQHandler
                0x00000000080002a8                TIM2_IRQHandler
                0x00000000080002a8                TIM1_BRK_IRQHandler
                0x00000000080002a8                RTCAlarm_IRQHandler
                0x00000000080002a8                DMA2_Channel4_5_IRQHandler
                0x00000000080002a8                USART2_IRQHandler
                0x00000000080002a8                I2C2_ER_IRQHandler
                0x00000000080002a8                DMA1_Channel2_IRQHandler
                0x00000000080002a8                TIM8_BRK_IRQHandler
                0x00000000080002a8                FLASH_IRQHandler
                0x00000000080002a8                BusFault_Handler
                0x00000000080002a8                USART1_IRQHandler
                0x00000000080002a8                SPI3_IRQHandler
                0x00000000080002a8                I2C1_ER_IRQHandler
                0x00000000080002a8                DMA2_Channel3_IRQHandler
 .text.wait_ms  0x00000000080002aa       0x38 Stm32F103C6_Drivers/HAL/LCD_DRIVER/LCD.o
                0x00000000080002aa                wait_ms
 .text.LCD_clear_screen
                0x00000000080002e2        0xe Stm32F103C6_Drivers/HAL/LCD_DRIVER/LCD.o
                0x00000000080002e2                LCD_clear_screen
 .text.LCD_kick
                0x00000000080002f0       0x2c Stm32F103C6_Drivers/HAL/LCD_DRIVER/LCD.o
                0x00000000080002f0                LCD_kick
 .text.LCD_GPIO_init
                0x000000000800031c      0x158 Stm32F103C6_Drivers/HAL/LCD_DRIVER/LCD.o
                0x000000000800031c                LCD_GPIO_init
 .text.LCD_init
                0x0000000008000474       0x3c Stm32F103C6_Drivers/HAL/LCD_DRIVER/LCD.o
                0x0000000008000474                LCD_init
 .text.LCD_WRITE_COMMAND
                0x00000000080004b0       0xe0 Stm32F103C6_Drivers/HAL/LCD_DRIVER/LCD.o
                0x00000000080004b0                LCD_WRITE_COMMAND
 .text.LCD_WRITE_CHAR
                0x0000000008000590       0xe0 Stm32F103C6_Drivers/HAL/LCD_DRIVER/LCD.o
                0x0000000008000590                LCD_WRITE_CHAR
 .text.LCD_GOTO_XY
                0x0000000008000670       0x44 Stm32F103C6_Drivers/HAL/LCD_DRIVER/LCD.o
                0x0000000008000670                LCD_GOTO_XY
 .text.LCD_WRITE_STRING
                0x00000000080006b4       0x58 Stm32F103C6_Drivers/HAL/LCD_DRIVER/LCD.o
                0x00000000080006b4                LCD_WRITE_STRING
 .text.ENABLE_NVIC
                0x000000000800070c       0xcc Stm32F103C6_Drivers/MCAL/EXTI/Stm32F103C6_EXTI_Driver.o
                0x000000000800070c                ENABLE_NVIC
 .text.DISABLE_NVIC
                0x00000000080007d8       0xcc Stm32F103C6_Drivers/MCAL/EXTI/Stm32F103C6_EXTI_Driver.o
                0x00000000080007d8                DISABLE_NVIC
 .text.UPDATE_EXTI
                0x00000000080008a4      0x1bc Stm32F103C6_Drivers/MCAL/EXTI/Stm32F103C6_EXTI_Driver.o
                0x00000000080008a4                UPDATE_EXTI
 .text.EXTI0_IRQHandler
                0x0000000008000a60       0x24 Stm32F103C6_Drivers/MCAL/EXTI/Stm32F103C6_EXTI_Driver.o
                0x0000000008000a60                EXTI0_IRQHandler
 .text.EXTI1_IRQHandler
                0x0000000008000a84       0x24 Stm32F103C6_Drivers/MCAL/EXTI/Stm32F103C6_EXTI_Driver.o
                0x0000000008000a84                EXTI1_IRQHandler
 .text.EXTI2_IRQHandler
                0x0000000008000aa8       0x24 Stm32F103C6_Drivers/MCAL/EXTI/Stm32F103C6_EXTI_Driver.o
                0x0000000008000aa8                EXTI2_IRQHandler
 .text.EXTI3_IRQHandler
                0x0000000008000acc       0x24 Stm32F103C6_Drivers/MCAL/EXTI/Stm32F103C6_EXTI_Driver.o
                0x0000000008000acc                EXTI3_IRQHandler
 .text.EXTI4_IRQHandler
                0x0000000008000af0       0x24 Stm32F103C6_Drivers/MCAL/EXTI/Stm32F103C6_EXTI_Driver.o
                0x0000000008000af0                EXTI4_IRQHandler
 .text.EXTI9_5_IRQHandler
                0x0000000008000b14       0xa8 Stm32F103C6_Drivers/MCAL/EXTI/Stm32F103C6_EXTI_Driver.o
                0x0000000008000b14                EXTI9_5_IRQHandler
 .text.EXTI15_10_IRQHandler
                0x0000000008000bbc       0xc4 Stm32F103C6_Drivers/MCAL/EXTI/Stm32F103C6_EXTI_Driver.o
                0x0000000008000bbc                EXTI15_10_IRQHandler
 .text.EXTI_GPIO_Init
                0x0000000008000c80       0x16 Stm32F103C6_Drivers/MCAL/EXTI/Stm32F103C6_EXTI_Driver.o
                0x0000000008000c80                EXTI_GPIO_Init
 .text.Get_CRLH_Position
                0x0000000008000c96       0xc6 Stm32F103C6_Drivers/MCAL/GPIO/Stm32F103C6_GPIO_Driver.o
                0x0000000008000c96                Get_CRLH_Position
 .text.GPIO_Init
                0x0000000008000d5c       0xf8 Stm32F103C6_Drivers/MCAL/GPIO/Stm32F103C6_GPIO_Driver.o
                0x0000000008000d5c                GPIO_Init
 .text.GPIO_WritePin
                0x0000000008000e54       0x2e Stm32F103C6_Drivers/MCAL/GPIO/Stm32F103C6_GPIO_Driver.o
                0x0000000008000e54                GPIO_WritePin
 *fill*         0x0000000008000e82        0x2 
 .text.__libc_init_array
                0x0000000008000e84       0x48 c:/st/stm32cubeide_1.4.0/stm32cubeide/plugins/com.st.stm32cube.ide.mcu.externaltools.gnu-tools-for-stm32.7-2018-q2-update.win32_1.4.0.202007081208/tools/bin/../lib/gcc/arm-none-eabi/7.3.1/../../../../arm-none-eabi/lib/thumb/v7-m\libc_nano.a(lib_a-init.o)
                0x0000000008000e84                __libc_init_array
 *(.glue_7)
 .glue_7        0x0000000008000ecc        0x0 linker stubs
 *(.glue_7t)
 .glue_7t       0x0000000008000ecc        0x0 linker stubs
 *(.eh_frame)
 .eh_frame      0x0000000008000ecc        0x0 c:/st/stm32cubeide_1.4.0/stm32cubeide/plugins/com.st.stm32cube.ide.mcu.externaltools.gnu-tools-for-stm32.7-2018-q2-update.win32_1.4.0.202007081208/tools/bin/../lib/gcc/arm-none-eabi/7.3.1/thumb/v7-m/crtbegin.o
 *(.init)
 .init          0x0000000008000ecc        0x4 c:/st/stm32cubeide_1.4.0/stm32cubeide/plugins/com.st.stm32cube.ide.mcu.externaltools.gnu-tools-for-stm32.7-2018-q2-update.win32_1.4.0.202007081208/tools/bin/../lib/gcc/arm-none-eabi/7.3.1/thumb/v7-m/crti.o
                0x0000000008000ecc                _init
 .init          0x0000000008000ed0        0x8 c:/st/stm32cubeide_1.4.0/stm32cubeide/plugins/com.st.stm32cube.ide.mcu.externaltools.gnu-tools-for-stm32.7-2018-q2-update.win32_1.4.0.202007081208/tools/bin/../lib/gcc/arm-none-eabi/7.3.1/thumb/v7-m/crtn.o
 *(.fini)
 .fini          0x0000000008000ed8        0x4 c:/st/stm32cubeide_1.4.0/stm32cubeide/plugins/com.st.stm32cube.ide.mcu.externaltools.gnu-tools-for-stm32.7-2018-q2-update.win32_1.4.0.202007081208/tools/bin/../lib/gcc/arm-none-eabi/7.3.1/thumb/v7-m/crti.o
                0x0000000008000ed8                _fini
 .fini          0x0000000008000edc        0x8 c:/st/stm32cubeide_1.4.0/stm32cubeide/plugins/com.st.stm32cube.ide.mcu.externaltools.gnu-tools-for-stm32.7-2018-q2-update.win32_1.4.0.202007081208/tools/bin/../lib/gcc/arm-none-eabi/7.3.1/thumb/v7-m/crtn.o
                0x0000000008000ee4                . = ALIGN (0x4)
                0x0000000008000ee4                _etext = .

.vfp11_veneer   0x0000000008000ee4        0x0
 .vfp11_veneer  0x0000000008000ee4        0x0 linker stubs

.v4_bx          0x0000000008000ee4        0x0
 .v4_bx         0x0000000008000ee4        0x0 linker stubs

.iplt           0x0000000008000ee4        0x0
 .iplt          0x0000000008000ee4        0x0 c:/st/stm32cubeide_1.4.0/stm32cubeide/plugins/com.st.stm32cube.ide.mcu.externaltools.gnu-tools-for-stm32.7-2018-q2-update.win32_1.4.0.202007081208/tools/bin/../lib/gcc/arm-none-eabi/7.3.1/thumb/v7-m/crtbegin.o

.rodata         0x0000000008000ee4       0x28
                0x0000000008000ee4                . = ALIGN (0x4)
 *(.rodata)
 .rodata        0x0000000008000ee4       0x28 Src/main.o
 *(.rodata*)
                0x0000000008000f0c                . = ALIGN (0x4)

.rel.dyn        0x0000000008000f0c        0x0
 .rel.iplt      0x0000000008000f0c        0x0 c:/st/stm32cubeide_1.4.0/stm32cubeide/plugins/com.st.stm32cube.ide.mcu.externaltools.gnu-tools-for-stm32.7-2018-q2-update.win32_1.4.0.202007081208/tools/bin/../lib/gcc/arm-none-eabi/7.3.1/thumb/v7-m/crtbegin.o

.ARM.extab      0x0000000008000f0c        0x0
                0x0000000008000f0c                . = ALIGN (0x4)
 *(.ARM.extab* .gnu.linkonce.armextab.*)
                0x0000000008000f0c                . = ALIGN (0x4)

.ARM            0x0000000008000f0c        0x0
                0x0000000008000f0c                . = ALIGN (0x4)
                0x0000000008000f0c                __exidx_start = .
 *(.ARM.exidx*)
                0x0000000008000f0c                __exidx_end = .
                0x0000000008000f0c                . = ALIGN (0x4)

.preinit_array  0x0000000008000f0c        0x0
                0x0000000008000f0c                . = ALIGN (0x4)
                0x0000000008000f0c                PROVIDE (__preinit_array_start = .)
 *(.preinit_array*)
                0x0000000008000f0c                PROVIDE (__preinit_array_end = .)
                0x0000000008000f0c                . = ALIGN (0x4)

.init_array     0x0000000008000f0c        0x4
                0x0000000008000f0c                . = ALIGN (0x4)
                0x0000000008000f0c                PROVIDE (__init_array_start = .)
 *(SORT_BY_NAME(.init_array.*))
 *(.init_array*)
 .init_array    0x0000000008000f0c        0x4 c:/st/stm32cubeide_1.4.0/stm32cubeide/plugins/com.st.stm32cube.ide.mcu.externaltools.gnu-tools-for-stm32.7-2018-q2-update.win32_1.4.0.202007081208/tools/bin/../lib/gcc/arm-none-eabi/7.3.1/thumb/v7-m/crtbegin.o
                0x0000000008000f10                PROVIDE (__init_array_end = .)
                0x0000000008000f10                . = ALIGN (0x4)

.fini_array     0x0000000008000f10        0x4
                0x0000000008000f10                . = ALIGN (0x4)
                [!provide]                        PROVIDE (__fini_array_start = .)
 *(SORT_BY_NAME(.fini_array.*))
 *(.fini_array*)
 .fini_array    0x0000000008000f10        0x4 c:/st/stm32cubeide_1.4.0/stm32cubeide/plugins/com.st.stm32cube.ide.mcu.externaltools.gnu-tools-for-stm32.7-2018-q2-update.win32_1.4.0.202007081208/tools/bin/../lib/gcc/arm-none-eabi/7.3.1/thumb/v7-m/crtbegin.o
                [!provide]                        PROVIDE (__fini_array_end = .)
                0x0000000008000f14                . = ALIGN (0x4)
                0x0000000008000f14                _sidata = LOADADDR (.data)

.data           0x0000000020000000        0x0 load address 0x0000000008000f14
                0x0000000020000000                . = ALIGN (0x4)
                0x0000000020000000                _sdata = .
 *(.data)
 *(.data*)
                0x0000000020000000                . = ALIGN (0x4)
                0x0000000020000000                _edata = .

.igot.plt       0x0000000020000000        0x0 load address 0x0000000008000f14
 .igot.plt      0x0000000020000000        0x0 c:/st/stm32cubeide_1.4.0/stm32cubeide/plugins/com.st.stm32cube.ide.mcu.externaltools.gnu-tools-for-stm32.7-2018-q2-update.win32_1.4.0.202007081208/tools/bin/../lib/gcc/arm-none-eabi/7.3.1/thumb/v7-m/crtbegin.o
                0x0000000020000000                . = ALIGN (0x4)

.bss            0x0000000020000000       0x68 load address 0x0000000008000f14
                0x0000000020000000                _sbss = .
                0x0000000020000000                __bss_start__ = _sbss
 *(.bss)
 .bss           0x0000000020000000       0x1c c:/st/stm32cubeide_1.4.0/stm32cubeide/plugins/com.st.stm32cube.ide.mcu.externaltools.gnu-tools-for-stm32.7-2018-q2-update.win32_1.4.0.202007081208/tools/bin/../lib/gcc/arm-none-eabi/7.3.1/thumb/v7-m/crtbegin.o
 *(.bss*)
 .bss.EXTI_flag
                0x000000002000001c        0x1 Src/main.o
                0x000000002000001c                EXTI_flag
 *(COMMON)
 *fill*         0x000000002000001d        0x3 
 COMMON         0x0000000020000020        0x6 Src/main.o
                0x0000000020000020                PINConf
 *fill*         0x0000000020000026        0x2 
 COMMON         0x0000000020000028       0x40 Stm32F103C6_Drivers/MCAL/EXTI/Stm32F103C6_EXTI_Driver.o
                0x0000000020000028                GP_IRQ_CallBack
                0x0000000020000068                . = ALIGN (0x4)
                0x0000000020000068                _ebss = .
                0x0000000020000068                __bss_end__ = _ebss

._user_heap_stack
                0x0000000020000068      0x600 load address 0x0000000008000f14
                0x0000000020000068                . = ALIGN (0x8)
                [!provide]                        PROVIDE (end = .)
                0x0000000020000068                PROVIDE (_end = .)
                0x0000000020000268                . = (. + _Min_Heap_Size)
 *fill*         0x0000000020000068      0x200 
                0x0000000020000668                . = (. + _Min_Stack_Size)
 *fill*         0x0000000020000268      0x400 
                0x0000000020000668                . = ALIGN (0x8)

/DISCARD/
 libc.a(*)
 libm.a(*)
 libgcc.a(*)

.ARM.attributes
                0x0000000000000000       0x29
 *(.ARM.attributes)
 .ARM.attributes
                0x0000000000000000       0x1d c:/st/stm32cubeide_1.4.0/stm32cubeide/plugins/com.st.stm32cube.ide.mcu.externaltools.gnu-tools-for-stm32.7-2018-q2-update.win32_1.4.0.202007081208/tools/bin/../lib/gcc/arm-none-eabi/7.3.1/thumb/v7-m/crti.o
 .ARM.attributes
                0x000000000000001d       0x2d c:/st/stm32cubeide_1.4.0/stm32cubeide/plugins/com.st.stm32cube.ide.mcu.externaltools.gnu-tools-for-stm32.7-2018-q2-update.win32_1.4.0.202007081208/tools/bin/../lib/gcc/arm-none-eabi/7.3.1/thumb/v7-m/crtbegin.o
 .ARM.attributes
                0x000000000000004a       0x33 Src/main.o
 .ARM.attributes
                0x000000000000007d       0x21 Startup/startup_stm32f103c6tx.o
 .ARM.attributes
                0x000000000000009e       0x33 Stm32F103C6_Drivers/HAL/LCD_DRIVER/LCD.o
 .ARM.attributes
                0x00000000000000d1       0x33 Stm32F103C6_Drivers/MCAL/EXTI/Stm32F103C6_EXTI_Driver.o
 .ARM.attributes
                0x0000000000000104       0x33 Stm32F103C6_Drivers/MCAL/GPIO/Stm32F103C6_GPIO_Driver.o
 .ARM.attributes
                0x0000000000000137       0x2d c:/st/stm32cubeide_1.4.0/stm32cubeide/plugins/com.st.stm32cube.ide.mcu.externaltools.gnu-tools-for-stm32.7-2018-q2-update.win32_1.4.0.202007081208/tools/bin/../lib/gcc/arm-none-eabi/7.3.1/../../../../arm-none-eabi/lib/thumb/v7-m\libc_nano.a(lib_a-init.o)
 .ARM.attributes
                0x0000000000000164       0x1d c:/st/stm32cubeide_1.4.0/stm32cubeide/plugins/com.st.stm32cube.ide.mcu.externaltools.gnu-tools-for-stm32.7-2018-q2-update.win32_1.4.0.202007081208/tools/bin/../lib/gcc/arm-none-eabi/7.3.1/thumb/v7-m/crtn.o
OUTPUT(Drivers.elf elf32-littlearm)

.debug_info     0x0000000000000000     0x3367
 .debug_info    0x0000000000000000      0xc6f Src/main.o
 .debug_info    0x0000000000000c6f       0x22 Startup/startup_stm32f103c6tx.o
 .debug_info    0x0000000000000c91      0xbc9 Stm32F103C6_Drivers/HAL/LCD_DRIVER/LCD.o
 .debug_info    0x000000000000185a      0xdbd Stm32F103C6_Drivers/MCAL/EXTI/Stm32F103C6_EXTI_Driver.o
 .debug_info    0x0000000000002617      0xd50 Stm32F103C6_Drivers/MCAL/GPIO/Stm32F103C6_GPIO_Driver.o

.debug_abbrev   0x0000000000000000      0x867
 .debug_abbrev  0x0000000000000000      0x1f6 Src/main.o
 .debug_abbrev  0x00000000000001f6       0x12 Startup/startup_stm32f103c6tx.o
 .debug_abbrev  0x0000000000000208      0x1f4 Stm32F103C6_Drivers/HAL/LCD_DRIVER/LCD.o
 .debug_abbrev  0x00000000000003fc      0x239 Stm32F103C6_Drivers/MCAL/EXTI/Stm32F103C6_EXTI_Driver.o
 .debug_abbrev  0x0000000000000635      0x232 Stm32F103C6_Drivers/MCAL/GPIO/Stm32F103C6_GPIO_Driver.o

.debug_loc      0x0000000000000000      0x9a0
 .debug_loc     0x0000000000000000      0x104 Src/main.o
 .debug_loc     0x0000000000000104      0x24c Stm32F103C6_Drivers/HAL/LCD_DRIVER/LCD.o
 .debug_loc     0x0000000000000350      0x320 Stm32F103C6_Drivers/MCAL/EXTI/Stm32F103C6_EXTI_Driver.o
 .debug_loc     0x0000000000000670      0x330 Stm32F103C6_Drivers/MCAL/GPIO/Stm32F103C6_GPIO_Driver.o

.debug_aranges  0x0000000000000000      0x1a0
 .debug_aranges
                0x0000000000000000       0x38 Src/main.o
 .debug_aranges
                0x0000000000000038       0x28 Startup/startup_stm32f103c6tx.o
 .debug_aranges
                0x0000000000000060       0x60 Stm32F103C6_Drivers/HAL/LCD_DRIVER/LCD.o
 .debug_aranges
                0x00000000000000c0       0x80 Stm32F103C6_Drivers/MCAL/EXTI/Stm32F103C6_EXTI_Driver.o
 .debug_aranges
                0x0000000000000140       0x60 Stm32F103C6_Drivers/MCAL/GPIO/Stm32F103C6_GPIO_Driver.o

.debug_ranges   0x0000000000000000      0x158
 .debug_ranges  0x0000000000000000       0x28 Src/main.o
 .debug_ranges  0x0000000000000028       0x20 Startup/startup_stm32f103c6tx.o
 .debug_ranges  0x0000000000000048       0x50 Stm32F103C6_Drivers/HAL/LCD_DRIVER/LCD.o
 .debug_ranges  0x0000000000000098       0x70 Stm32F103C6_Drivers/MCAL/EXTI/Stm32F103C6_EXTI_Driver.o
 .debug_ranges  0x0000000000000108       0x50 Stm32F103C6_Drivers/MCAL/GPIO/Stm32F103C6_GPIO_Driver.o

.debug_macro    0x0000000000000000     0x239d
 .debug_macro   0x0000000000000000      0x15e Src/main.o
 .debug_macro   0x000000000000015e      0xa60 Src/main.o
 .debug_macro   0x0000000000000bbe       0x18 Src/main.o
 .debug_macro   0x0000000000000bd6       0x22 Src/main.o
 .debug_macro   0x0000000000000bf8       0x40 Src/main.o
 .debug_macro   0x0000000000000c38       0x94 Src/main.o
 .debug_macro   0x0000000000000ccc       0x3c Src/main.o
 .debug_macro   0x0000000000000d08       0x34 Src/main.o
 .debug_macro   0x0000000000000d3c       0x16 Src/main.o
 .debug_macro   0x0000000000000d52      0x10e Src/main.o
 .debug_macro   0x0000000000000e60       0x8d Src/main.o
 .debug_macro   0x0000000000000eed       0x57 Src/main.o
 .debug_macro   0x0000000000000f44       0x52 Src/main.o
 .debug_macro   0x0000000000000f96       0x1f Src/main.o
 .debug_macro   0x0000000000000fb5       0x43 Src/main.o
 .debug_macro   0x0000000000000ff8       0x20 Src/main.o
 .debug_macro   0x0000000000001018      0x1a3 Src/main.o
 .debug_macro   0x00000000000011bb      0x330 Src/main.o
 .debug_macro   0x00000000000014eb       0x16 Src/main.o
 .debug_macro   0x0000000000001501       0x29 Src/main.o
 .debug_macro   0x000000000000152a       0xef Src/main.o
 .debug_macro   0x0000000000001619       0x6a Src/main.o
 .debug_macro   0x0000000000001683      0x1df Src/main.o
 .debug_macro   0x0000000000001862      0x1b0 Src/main.o
 .debug_macro   0x0000000000001a12       0xca Src/main.o
 .debug_macro   0x0000000000001adc      0x29b Src/main.o
 .debug_macro   0x0000000000001d77       0xa0 Src/main.o
 .debug_macro   0x0000000000001e17       0x40 Src/main.o
 .debug_macro   0x0000000000001e57      0x14d Stm32F103C6_Drivers/HAL/LCD_DRIVER/LCD.o
 .debug_macro   0x0000000000001fa4       0x10 Stm32F103C6_Drivers/HAL/LCD_DRIVER/LCD.o
 .debug_macro   0x0000000000001fb4       0x94 Stm32F103C6_Drivers/HAL/LCD_DRIVER/LCD.o
 .debug_macro   0x0000000000002048      0x152 Stm32F103C6_Drivers/MCAL/EXTI/Stm32F103C6_EXTI_Driver.o
 .debug_macro   0x000000000000219a      0x13f Stm32F103C6_Drivers/MCAL/GPIO/Stm32F103C6_GPIO_Driver.o
 .debug_macro   0x00000000000022d9       0xc4 Stm32F103C6_Drivers/MCAL/GPIO/Stm32F103C6_GPIO_Driver.o

.debug_line     0x0000000000000000     0x1cd5
 .debug_line    0x0000000000000000      0x68c Src/main.o
 .debug_line    0x000000000000068c       0x84 Startup/startup_stm32f103c6tx.o
 .debug_line    0x0000000000000710      0x731 Stm32F103C6_Drivers/HAL/LCD_DRIVER/LCD.o
 .debug_line    0x0000000000000e41      0x7b0 Stm32F103C6_Drivers/MCAL/EXTI/Stm32F103C6_EXTI_Driver.o
 .debug_line    0x00000000000015f1      0x6e4 Stm32F103C6_Drivers/MCAL/GPIO/Stm32F103C6_GPIO_Driver.o

.debug_str      0x0000000000000000     0x994c
 .debug_str     0x0000000000000000     0x9538 Src/main.o
                                       0x97a8 (size before relaxing)
 .debug_str     0x0000000000009538       0x31 Startup/startup_stm32f103c6tx.o
                                         0x71 (size before relaxing)
 .debug_str     0x0000000000009569       0xf5 Stm32F103C6_Drivers/HAL/LCD_DRIVER/LCD.o
                                       0x7fc2 (size before relaxing)
 .debug_str     0x000000000000965e      0x202 Stm32F103C6_Drivers/MCAL/EXTI/Stm32F103C6_EXTI_Driver.o
                                       0x9609 (size before relaxing)
 .debug_str     0x0000000000009860       0xec Stm32F103C6_Drivers/MCAL/GPIO/Stm32F103C6_GPIO_Driver.o
                                       0x7d98 (size before relaxing)

.comment        0x0000000000000000       0x7b
 .comment       0x0000000000000000       0x7b Src/main.o
                                         0x7c (size before relaxing)
 .comment       0x000000000000007b       0x7c Stm32F103C6_Drivers/HAL/LCD_DRIVER/LCD.o
 .comment       0x000000000000007b       0x7c Stm32F103C6_Drivers/MCAL/EXTI/Stm32F103C6_EXTI_Driver.o
 .comment       0x000000000000007b       0x7c Stm32F103C6_Drivers/MCAL/GPIO/Stm32F103C6_GPIO_Driver.o

.debug_frame    0x0000000000000000      0x520
 .debug_frame   0x0000000000000000       0x94 Src/main.o
 .debug_frame   0x0000000000000094      0x138 Stm32F103C6_Drivers/HAL/LCD_DRIVER/LCD.o
 .debug_frame   0x00000000000001cc      0x1b0 Stm32F103C6_Drivers/MCAL/EXTI/Stm32F103C6_EXTI_Driver.o
 .debug_frame   0x000000000000037c      0x178 Stm32F103C6_Drivers/MCAL/GPIO/Stm32F103C6_GPIO_Driver.o
 .debug_frame   0x00000000000004f4       0x2c c:/st/stm32cubeide_1.4.0/stm32cubeide/plugins/com.st.stm32cube.ide.mcu.externaltools.gnu-tools-for-stm32.7-2018-q2-update.win32_1.4.0.202007081208/tools/bin/../lib/gcc/arm-none-eabi/7.3.1/../../../../arm-none-eabi/lib/thumb/v7-m\libc_nano.a(lib_a-init.o)
