Archive member included to satisfy reference by file (symbol)

c:/st/stm32cubeide_1.4.0/stm32cubeide/plugins/com.st.stm32cube.ide.mcu.externaltools.gnu-tools-for-stm32.7-2018-q2-update.win32_1.4.0.202007081208/tools/bin/../lib/gcc/arm-none-eabi/7.3.1/../../../../arm-none-eabi/lib/thumb/v7-m\libc_nano.a(lib_a-errno.o)
                              Src/syscalls.o (__errno)
c:/st/stm32cubeide_1.4.0/stm32cubeide/plugins/com.st.stm32cube.ide.mcu.externaltools.gnu-tools-for-stm32.7-2018-q2-update.win32_1.4.0.202007081208/tools/bin/../lib/gcc/arm-none-eabi/7.3.1/../../../../arm-none-eabi/lib/thumb/v7-m\libc_nano.a(lib_a-exit.o)
                              c:/st/stm32cubeide_1.4.0/stm32cubeide/plugins/com.st.stm32cube.ide.mcu.externaltools.gnu-tools-for-stm32.7-2018-q2-update.win32_1.4.0.202007081208/tools/bin/../lib/gcc/arm-none-eabi/7.3.1/../../../../arm-none-eabi/lib/thumb/v7-m/crt0.o (exit)
c:/st/stm32cubeide_1.4.0/stm32cubeide/plugins/com.st.stm32cube.ide.mcu.externaltools.gnu-tools-for-stm32.7-2018-q2-update.win32_1.4.0.202007081208/tools/bin/../lib/gcc/arm-none-eabi/7.3.1/../../../../arm-none-eabi/lib/thumb/v7-m\libc_nano.a(lib_a-impure.o)
                              c:/st/stm32cubeide_1.4.0/stm32cubeide/plugins/com.st.stm32cube.ide.mcu.externaltools.gnu-tools-for-stm32.7-2018-q2-update.win32_1.4.0.202007081208/tools/bin/../lib/gcc/arm-none-eabi/7.3.1/../../../../arm-none-eabi/lib/thumb/v7-m\libc_nano.a(lib_a-exit.o) (_global_impure_ptr)
c:/st/stm32cubeide_1.4.0/stm32cubeide/plugins/com.st.stm32cube.ide.mcu.externaltools.gnu-tools-for-stm32.7-2018-q2-update.win32_1.4.0.202007081208/tools/bin/../lib/gcc/arm-none-eabi/7.3.1/../../../../arm-none-eabi/lib/thumb/v7-m\libc_nano.a(lib_a-init.o)
                              c:/st/stm32cubeide_1.4.0/stm32cubeide/plugins/com.st.stm32cube.ide.mcu.externaltools.gnu-tools-for-stm32.7-2018-q2-update.win32_1.4.0.202007081208/tools/bin/../lib/gcc/arm-none-eabi/7.3.1/../../../../arm-none-eabi/lib/thumb/v7-m/crt0.o (__libc_init_array)
c:/st/stm32cubeide_1.4.0/stm32cubeide/plugins/com.st.stm32cube.ide.mcu.externaltools.gnu-tools-for-stm32.7-2018-q2-update.win32_1.4.0.202007081208/tools/bin/../lib/gcc/arm-none-eabi/7.3.1/../../../../arm-none-eabi/lib/thumb/v7-m\libc_nano.a(lib_a-memset.o)
                              c:/st/stm32cubeide_1.4.0/stm32cubeide/plugins/com.st.stm32cube.ide.mcu.externaltools.gnu-tools-for-stm32.7-2018-q2-update.win32_1.4.0.202007081208/tools/bin/../lib/gcc/arm-none-eabi/7.3.1/../../../../arm-none-eabi/lib/thumb/v7-m/crt0.o (memset)

Allocating common symbols
Common symbol       size              file

PINConf             0x6               Src/main.o

Discarded input sections

 .text          0x0000000000000000        0x0 c:/st/stm32cubeide_1.4.0/stm32cubeide/plugins/com.st.stm32cube.ide.mcu.externaltools.gnu-tools-for-stm32.7-2018-q2-update.win32_1.4.0.202007081208/tools/bin/../lib/gcc/arm-none-eabi/7.3.1/thumb/v7-m/crti.o
 .data          0x0000000000000000        0x0 c:/st/stm32cubeide_1.4.0/stm32cubeide/plugins/com.st.stm32cube.ide.mcu.externaltools.gnu-tools-for-stm32.7-2018-q2-update.win32_1.4.0.202007081208/tools/bin/../lib/gcc/arm-none-eabi/7.3.1/thumb/v7-m/crti.o
 .bss           0x0000000000000000        0x0 c:/st/stm32cubeide_1.4.0/stm32cubeide/plugins/com.st.stm32cube.ide.mcu.externaltools.gnu-tools-for-stm32.7-2018-q2-update.win32_1.4.0.202007081208/tools/bin/../lib/gcc/arm-none-eabi/7.3.1/thumb/v7-m/crti.o
 .data          0x0000000000000000        0x4 c:/st/stm32cubeide_1.4.0/stm32cubeide/plugins/com.st.stm32cube.ide.mcu.externaltools.gnu-tools-for-stm32.7-2018-q2-update.win32_1.4.0.202007081208/tools/bin/../lib/gcc/arm-none-eabi/7.3.1/thumb/v7-m/crtbegin.o
 .text          0x0000000000000000       0x74 c:/st/stm32cubeide_1.4.0/stm32cubeide/plugins/com.st.stm32cube.ide.mcu.externaltools.gnu-tools-for-stm32.7-2018-q2-update.win32_1.4.0.202007081208/tools/bin/../lib/gcc/arm-none-eabi/7.3.1/../../../../arm-none-eabi/lib/thumb/v7-m/crt0.o
 .data          0x0000000000000000        0x0 c:/st/stm32cubeide_1.4.0/stm32cubeide/plugins/com.st.stm32cube.ide.mcu.externaltools.gnu-tools-for-stm32.7-2018-q2-update.win32_1.4.0.202007081208/tools/bin/../lib/gcc/arm-none-eabi/7.3.1/../../../../arm-none-eabi/lib/thumb/v7-m/crt0.o
 .bss           0x0000000000000000        0x0 c:/st/stm32cubeide_1.4.0/stm32cubeide/plugins/com.st.stm32cube.ide.mcu.externaltools.gnu-tools-for-stm32.7-2018-q2-update.win32_1.4.0.202007081208/tools/bin/../lib/gcc/arm-none-eabi/7.3.1/../../../../arm-none-eabi/lib/thumb/v7-m/crt0.o
 .ARM.extab     0x0000000000000000        0x0 c:/st/stm32cubeide_1.4.0/stm32cubeide/plugins/com.st.stm32cube.ide.mcu.externaltools.gnu-tools-for-stm32.7-2018-q2-update.win32_1.4.0.202007081208/tools/bin/../lib/gcc/arm-none-eabi/7.3.1/../../../../arm-none-eabi/lib/thumb/v7-m/crt0.o
 .ARM.exidx     0x0000000000000000        0x8 c:/st/stm32cubeide_1.4.0/stm32cubeide/plugins/com.st.stm32cube.ide.mcu.externaltools.gnu-tools-for-stm32.7-2018-q2-update.win32_1.4.0.202007081208/tools/bin/../lib/gcc/arm-none-eabi/7.3.1/../../../../arm-none-eabi/lib/thumb/v7-m/crt0.o
 .ARM.attributes
                0x0000000000000000       0x1b c:/st/stm32cubeide_1.4.0/stm32cubeide/plugins/com.st.stm32cube.ide.mcu.externaltools.gnu-tools-for-stm32.7-2018-q2-update.win32_1.4.0.202007081208/tools/bin/../lib/gcc/arm-none-eabi/7.3.1/../../../../arm-none-eabi/lib/thumb/v7-m/crt0.o
 .group         0x0000000000000000        0xc Src/main.o
 .group         0x0000000000000000        0xc Src/main.o
 .group         0x0000000000000000        0xc Src/main.o
 .group         0x0000000000000000        0xc Src/main.o
 .group         0x0000000000000000        0xc Src/main.o
 .group         0x0000000000000000        0xc Src/main.o
 .group         0x0000000000000000        0xc Src/main.o
 .group         0x0000000000000000        0xc Src/main.o
 .group         0x0000000000000000        0xc Src/main.o
 .group         0x0000000000000000        0xc Src/main.o
 .group         0x0000000000000000        0xc Src/main.o
 .group         0x0000000000000000        0xc Src/main.o
 .group         0x0000000000000000        0xc Src/main.o
 .group         0x0000000000000000        0xc Src/main.o
 .group         0x0000000000000000        0xc Src/main.o
 .group         0x0000000000000000        0xc Src/main.o
 .group         0x0000000000000000        0xc Src/main.o
 .group         0x0000000000000000        0xc Src/main.o
 .group         0x0000000000000000        0xc Src/main.o
 .group         0x0000000000000000        0xc Src/main.o
 .group         0x0000000000000000        0xc Src/main.o
 .group         0x0000000000000000        0xc Src/main.o
 .group         0x0000000000000000        0xc Src/main.o
 .group         0x0000000000000000        0xc Src/main.o
 .group         0x0000000000000000        0xc Src/main.o
 .group         0x0000000000000000        0xc Src/main.o
 .text          0x0000000000000000        0x0 Src/main.o
 .data          0x0000000000000000        0x0 Src/main.o
 .bss           0x0000000000000000        0x0 Src/main.o
 .group         0x0000000000000000        0xc Src/syscalls.o
 .group         0x0000000000000000        0xc Src/syscalls.o
 .group         0x0000000000000000        0xc Src/syscalls.o
 .group         0x0000000000000000        0xc Src/syscalls.o
 .group         0x0000000000000000        0xc Src/syscalls.o
 .group         0x0000000000000000        0xc Src/syscalls.o
 .group         0x0000000000000000        0xc Src/syscalls.o
 .group         0x0000000000000000        0xc Src/syscalls.o
 .group         0x0000000000000000        0xc Src/syscalls.o
 .group         0x0000000000000000        0xc Src/syscalls.o
 .group         0x0000000000000000        0xc Src/syscalls.o
 .group         0x0000000000000000        0xc Src/syscalls.o
 .group         0x0000000000000000        0xc Src/syscalls.o
 .group         0x0000000000000000        0xc Src/syscalls.o
 .group         0x0000000000000000        0xc Src/syscalls.o
 .group         0x0000000000000000        0xc Src/syscalls.o
 .group         0x0000000000000000        0xc Src/syscalls.o
 .group         0x0000000000000000        0xc Src/syscalls.o
 .group         0x0000000000000000        0xc Src/syscalls.o
 .group         0x0000000000000000        0xc Src/syscalls.o
 .group         0x0000000000000000        0xc Src/syscalls.o
 .group         0x0000000000000000        0xc Src/syscalls.o
 .group         0x0000000000000000        0xc Src/syscalls.o
 .group         0x0000000000000000        0xc Src/syscalls.o
 .group         0x0000000000000000        0xc Src/syscalls.o
 .group         0x0000000000000000        0xc Src/syscalls.o
 .group         0x0000000000000000        0xc Src/syscalls.o
 .group         0x0000000000000000        0xc Src/syscalls.o
 .group         0x0000000000000000        0xc Src/syscalls.o
 .group         0x0000000000000000        0xc Src/syscalls.o
 .group         0x0000000000000000        0xc Src/syscalls.o
 .group         0x0000000000000000        0xc Src/syscalls.o
 .group         0x0000000000000000        0xc Src/syscalls.o
 .group         0x0000000000000000        0xc Src/syscalls.o
 .group         0x0000000000000000        0xc Src/syscalls.o
 .group         0x0000000000000000        0xc Src/syscalls.o
 .group         0x0000000000000000        0xc Src/syscalls.o
 .group         0x0000000000000000        0xc Src/syscalls.o
 .group         0x0000000000000000        0xc Src/syscalls.o
 .group         0x0000000000000000        0xc Src/syscalls.o
 .group         0x0000000000000000        0xc Src/syscalls.o
 .group         0x0000000000000000        0xc Src/syscalls.o
 .group         0x0000000000000000        0xc Src/syscalls.o
 .group         0x0000000000000000        0xc Src/syscalls.o
 .text          0x0000000000000000        0x0 Src/syscalls.o
 .data          0x0000000000000000        0x0 Src/syscalls.o
 .bss           0x0000000000000000        0x0 Src/syscalls.o
 .bss.__env     0x0000000000000000        0x4 Src/syscalls.o
 .data.environ  0x0000000000000000        0x4 Src/syscalls.o
 .text.initialise_monitor_handles
                0x0000000000000000        0xc Src/syscalls.o
 .text._getpid  0x0000000000000000        0xe Src/syscalls.o
 .text._kill    0x0000000000000000       0x20 Src/syscalls.o
 .text._exit    0x0000000000000000       0x14 Src/syscalls.o
 .text._read    0x0000000000000000       0x3a Src/syscalls.o
 .text._write   0x0000000000000000       0x38 Src/syscalls.o
 .text._close   0x0000000000000000       0x16 Src/syscalls.o
 .text._fstat   0x0000000000000000       0x1e Src/syscalls.o
 .text._isatty  0x0000000000000000       0x14 Src/syscalls.o
 .text._lseek   0x0000000000000000       0x18 Src/syscalls.o
 .text._open    0x0000000000000000       0x1a Src/syscalls.o
 .text._wait    0x0000000000000000       0x1e Src/syscalls.o
 .text._unlink  0x0000000000000000       0x1e Src/syscalls.o
 .text._times   0x0000000000000000       0x16 Src/syscalls.o
 .text._stat    0x0000000000000000       0x1e Src/syscalls.o
 .text._link    0x0000000000000000       0x20 Src/syscalls.o
 .text._fork    0x0000000000000000       0x16 Src/syscalls.o
 .text._execve  0x0000000000000000       0x22 Src/syscalls.o
 .debug_info    0x0000000000000000     0x1038 Src/syscalls.o
 .debug_abbrev  0x0000000000000000      0x254 Src/syscalls.o
 .debug_loc     0x0000000000000000      0x5b8 Src/syscalls.o
 .debug_aranges
                0x0000000000000000       0xa8 Src/syscalls.o
 .debug_ranges  0x0000000000000000       0x98 Src/syscalls.o
 .debug_macro   0x0000000000000000      0x243 Src/syscalls.o
 .debug_macro   0x0000000000000000      0xa60 Src/syscalls.o
 .debug_macro   0x0000000000000000       0x22 Src/syscalls.o
 .debug_macro   0x0000000000000000       0x40 Src/syscalls.o
 .debug_macro   0x0000000000000000       0x18 Src/syscalls.o
 .debug_macro   0x0000000000000000       0x94 Src/syscalls.o
 .debug_macro   0x0000000000000000       0x3c Src/syscalls.o
 .debug_macro   0x0000000000000000       0x34 Src/syscalls.o
 .debug_macro   0x0000000000000000       0x57 Src/syscalls.o
 .debug_macro   0x0000000000000000      0x174 Src/syscalls.o
 .debug_macro   0x0000000000000000      0x330 Src/syscalls.o
 .debug_macro   0x0000000000000000       0x52 Src/syscalls.o
 .debug_macro   0x0000000000000000       0x1f Src/syscalls.o
 .debug_macro   0x0000000000000000       0x43 Src/syscalls.o
 .debug_macro   0x0000000000000000       0x20 Src/syscalls.o
 .debug_macro   0x0000000000000000      0x1a3 Src/syscalls.o
 .debug_macro   0x0000000000000000       0x10 Src/syscalls.o
 .debug_macro   0x0000000000000000       0x35 Src/syscalls.o
 .debug_macro   0x0000000000000000       0x10 Src/syscalls.o
 .debug_macro   0x0000000000000000       0x10 Src/syscalls.o
 .debug_macro   0x0000000000000000       0x10 Src/syscalls.o
 .debug_macro   0x0000000000000000       0x6a Src/syscalls.o
 .debug_macro   0x0000000000000000       0x1c Src/syscalls.o
 .debug_macro   0x0000000000000000       0x52 Src/syscalls.o
 .debug_macro   0x0000000000000000       0x40 Src/syscalls.o
 .debug_macro   0x0000000000000000       0x10 Src/syscalls.o
 .debug_macro   0x0000000000000000       0x40 Src/syscalls.o
 .debug_macro   0x0000000000000000       0xd7 Src/syscalls.o
 .debug_macro   0x0000000000000000       0x1c Src/syscalls.o
 .debug_macro   0x0000000000000000       0x3d Src/syscalls.o
 .debug_macro   0x0000000000000000       0x35 Src/syscalls.o
 .debug_macro   0x0000000000000000      0x122 Src/syscalls.o
 .debug_macro   0x0000000000000000       0x16 Src/syscalls.o
 .debug_macro   0x0000000000000000       0x16 Src/syscalls.o
 .debug_macro   0x0000000000000000       0x29 Src/syscalls.o
 .debug_macro   0x0000000000000000       0x10 Src/syscalls.o
 .debug_macro   0x0000000000000000      0x241 Src/syscalls.o
 .debug_macro   0x0000000000000000       0x1c Src/syscalls.o
 .debug_macro   0x0000000000000000       0x10 Src/syscalls.o
 .debug_macro   0x0000000000000000       0x10 Src/syscalls.o
 .debug_macro   0x0000000000000000       0x16 Src/syscalls.o
 .debug_macro   0x0000000000000000      0x145 Src/syscalls.o
 .debug_macro   0x0000000000000000      0x189 Src/syscalls.o
 .debug_macro   0x0000000000000000       0x16 Src/syscalls.o
 .debug_macro   0x0000000000000000       0x88 Src/syscalls.o
 .debug_line    0x0000000000000000      0x739 Src/syscalls.o
 .debug_str     0x0000000000000000     0x888b Src/syscalls.o
 .comment       0x0000000000000000       0x7c Src/syscalls.o
 .debug_frame   0x0000000000000000      0x2ac Src/syscalls.o
 .ARM.attributes
                0x0000000000000000       0x33 Src/syscalls.o
 .group         0x0000000000000000        0xc Src/sysmem.o
 .group         0x0000000000000000        0xc Src/sysmem.o
 .group         0x0000000000000000        0xc Src/sysmem.o
 .group         0x0000000000000000        0xc Src/sysmem.o
 .group         0x0000000000000000        0xc Src/sysmem.o
 .group         0x0000000000000000        0xc Src/sysmem.o
 .group         0x0000000000000000        0xc Src/sysmem.o
 .group         0x0000000000000000        0xc Src/sysmem.o
 .group         0x0000000000000000        0xc Src/sysmem.o
 .group         0x0000000000000000        0xc Src/sysmem.o
 .group         0x0000000000000000        0xc Src/sysmem.o
 .group         0x0000000000000000        0xc Src/sysmem.o
 .group         0x0000000000000000        0xc Src/sysmem.o
 .group         0x0000000000000000        0xc Src/sysmem.o
 .group         0x0000000000000000        0xc Src/sysmem.o
 .group         0x0000000000000000        0xc Src/sysmem.o
 .group         0x0000000000000000        0xc Src/sysmem.o
 .group         0x0000000000000000        0xc Src/sysmem.o
 .group         0x0000000000000000        0xc Src/sysmem.o
 .text          0x0000000000000000        0x0 Src/sysmem.o
 .data          0x0000000000000000        0x0 Src/sysmem.o
 .bss           0x0000000000000000        0x0 Src/sysmem.o
 .bss.__sbrk_heap_end
                0x0000000000000000        0x4 Src/sysmem.o
 .text._sbrk    0x0000000000000000       0x6c Src/sysmem.o
 .debug_info    0x0000000000000000      0xa7c Src/sysmem.o
 .debug_abbrev  0x0000000000000000      0x18e Src/sysmem.o
 .debug_loc     0x0000000000000000       0x50 Src/sysmem.o
 .debug_aranges
                0x0000000000000000       0x20 Src/sysmem.o
 .debug_ranges  0x0000000000000000       0x10 Src/sysmem.o
 .debug_macro   0x0000000000000000       0xee Src/sysmem.o
 .debug_macro   0x0000000000000000      0xa60 Src/sysmem.o
 .debug_macro   0x0000000000000000       0x10 Src/sysmem.o
 .debug_macro   0x0000000000000000       0x22 Src/sysmem.o
 .debug_macro   0x0000000000000000       0x40 Src/sysmem.o
 .debug_macro   0x0000000000000000       0x18 Src/sysmem.o
 .debug_macro   0x0000000000000000       0x94 Src/sysmem.o
 .debug_macro   0x0000000000000000       0x3c Src/sysmem.o
 .debug_macro   0x0000000000000000       0x34 Src/sysmem.o
 .debug_macro   0x0000000000000000      0x174 Src/sysmem.o
 .debug_macro   0x0000000000000000       0x57 Src/sysmem.o
 .debug_macro   0x0000000000000000       0x52 Src/sysmem.o
 .debug_macro   0x0000000000000000       0x1f Src/sysmem.o
 .debug_macro   0x0000000000000000       0x43 Src/sysmem.o
 .debug_macro   0x0000000000000000       0x20 Src/sysmem.o
 .debug_macro   0x0000000000000000      0x1a3 Src/sysmem.o
 .debug_macro   0x0000000000000000      0x23b Src/sysmem.o
 .debug_macro   0x0000000000000000       0xef Src/sysmem.o
 .debug_macro   0x0000000000000000       0x6a Src/sysmem.o
 .debug_macro   0x0000000000000000      0x1df Src/sysmem.o
 .debug_line    0x0000000000000000      0x4c2 Src/sysmem.o
 .debug_str     0x0000000000000000     0x5f59 Src/sysmem.o
 .comment       0x0000000000000000       0x7c Src/sysmem.o
 .debug_frame   0x0000000000000000       0x34 Src/sysmem.o
 .ARM.attributes
                0x0000000000000000       0x33 Src/sysmem.o
 .text          0x0000000000000000       0x14 Startup/startup_stm32f103c6tx.o
 .data          0x0000000000000000        0x0 Startup/startup_stm32f103c6tx.o
 .bss           0x0000000000000000        0x0 Startup/startup_stm32f103c6tx.o
 .group         0x0000000000000000        0xc Stm32F103C6_Drivers/KEYPAD_Driver/KEYPAD.o
 .group         0x0000000000000000        0xc Stm32F103C6_Drivers/KEYPAD_Driver/KEYPAD.o
 .group         0x0000000000000000        0xc Stm32F103C6_Drivers/KEYPAD_Driver/KEYPAD.o
 .group         0x0000000000000000        0xc Stm32F103C6_Drivers/KEYPAD_Driver/KEYPAD.o
 .group         0x0000000000000000        0xc Stm32F103C6_Drivers/KEYPAD_Driver/KEYPAD.o
 .group         0x0000000000000000        0xc Stm32F103C6_Drivers/KEYPAD_Driver/KEYPAD.o
 .group         0x0000000000000000        0xc Stm32F103C6_Drivers/KEYPAD_Driver/KEYPAD.o
 .group         0x0000000000000000        0xc Stm32F103C6_Drivers/KEYPAD_Driver/KEYPAD.o
 .group         0x0000000000000000        0xc Stm32F103C6_Drivers/KEYPAD_Driver/KEYPAD.o
 .group         0x0000000000000000        0xc Stm32F103C6_Drivers/KEYPAD_Driver/KEYPAD.o
 .group         0x0000000000000000        0xc Stm32F103C6_Drivers/KEYPAD_Driver/KEYPAD.o
 .group         0x0000000000000000        0xc Stm32F103C6_Drivers/KEYPAD_Driver/KEYPAD.o
 .group         0x0000000000000000        0xc Stm32F103C6_Drivers/KEYPAD_Driver/KEYPAD.o
 .group         0x0000000000000000        0xc Stm32F103C6_Drivers/KEYPAD_Driver/KEYPAD.o
 .group         0x0000000000000000        0xc Stm32F103C6_Drivers/KEYPAD_Driver/KEYPAD.o
 .group         0x0000000000000000        0xc Stm32F103C6_Drivers/KEYPAD_Driver/KEYPAD.o
 .group         0x0000000000000000        0xc Stm32F103C6_Drivers/KEYPAD_Driver/KEYPAD.o
 .group         0x0000000000000000        0xc Stm32F103C6_Drivers/KEYPAD_Driver/KEYPAD.o
 .group         0x0000000000000000        0xc Stm32F103C6_Drivers/KEYPAD_Driver/KEYPAD.o
 .group         0x0000000000000000        0xc Stm32F103C6_Drivers/KEYPAD_Driver/KEYPAD.o
 .group         0x0000000000000000        0xc Stm32F103C6_Drivers/KEYPAD_Driver/KEYPAD.o
 .group         0x0000000000000000        0xc Stm32F103C6_Drivers/KEYPAD_Driver/KEYPAD.o
 .group         0x0000000000000000        0xc Stm32F103C6_Drivers/KEYPAD_Driver/KEYPAD.o
 .group         0x0000000000000000        0xc Stm32F103C6_Drivers/KEYPAD_Driver/KEYPAD.o
 .group         0x0000000000000000        0xc Stm32F103C6_Drivers/KEYPAD_Driver/KEYPAD.o
 .text          0x0000000000000000        0x0 Stm32F103C6_Drivers/KEYPAD_Driver/KEYPAD.o
 .data          0x0000000000000000        0x0 Stm32F103C6_Drivers/KEYPAD_Driver/KEYPAD.o
 .bss           0x0000000000000000        0x0 Stm32F103C6_Drivers/KEYPAD_Driver/KEYPAD.o
 .debug_macro   0x0000000000000000      0xa60 Stm32F103C6_Drivers/KEYPAD_Driver/KEYPAD.o
 .debug_macro   0x0000000000000000       0x18 Stm32F103C6_Drivers/KEYPAD_Driver/KEYPAD.o
 .debug_macro   0x0000000000000000       0x22 Stm32F103C6_Drivers/KEYPAD_Driver/KEYPAD.o
 .debug_macro   0x0000000000000000       0x40 Stm32F103C6_Drivers/KEYPAD_Driver/KEYPAD.o
 .debug_macro   0x0000000000000000       0x94 Stm32F103C6_Drivers/KEYPAD_Driver/KEYPAD.o
 .debug_macro   0x0000000000000000       0x3c Stm32F103C6_Drivers/KEYPAD_Driver/KEYPAD.o
 .debug_macro   0x0000000000000000       0x34 Stm32F103C6_Drivers/KEYPAD_Driver/KEYPAD.o
 .debug_macro   0x0000000000000000       0x16 Stm32F103C6_Drivers/KEYPAD_Driver/KEYPAD.o
 .debug_macro   0x0000000000000000      0x10e Stm32F103C6_Drivers/KEYPAD_Driver/KEYPAD.o
 .debug_macro   0x0000000000000000       0x8d Stm32F103C6_Drivers/KEYPAD_Driver/KEYPAD.o
 .debug_macro   0x0000000000000000       0x57 Stm32F103C6_Drivers/KEYPAD_Driver/KEYPAD.o
 .debug_macro   0x0000000000000000       0x52 Stm32F103C6_Drivers/KEYPAD_Driver/KEYPAD.o
 .debug_macro   0x0000000000000000       0x1f Stm32F103C6_Drivers/KEYPAD_Driver/KEYPAD.o
 .debug_macro   0x0000000000000000       0x43 Stm32F103C6_Drivers/KEYPAD_Driver/KEYPAD.o
 .debug_macro   0x0000000000000000       0x20 Stm32F103C6_Drivers/KEYPAD_Driver/KEYPAD.o
 .debug_macro   0x0000000000000000      0x1a3 Stm32F103C6_Drivers/KEYPAD_Driver/KEYPAD.o
 .debug_macro   0x0000000000000000      0x330 Stm32F103C6_Drivers/KEYPAD_Driver/KEYPAD.o
 .debug_macro   0x0000000000000000       0x16 Stm32F103C6_Drivers/KEYPAD_Driver/KEYPAD.o
 .debug_macro   0x0000000000000000       0x29 Stm32F103C6_Drivers/KEYPAD_Driver/KEYPAD.o
 .debug_macro   0x0000000000000000       0xef Stm32F103C6_Drivers/KEYPAD_Driver/KEYPAD.o
 .debug_macro   0x0000000000000000       0x6a Stm32F103C6_Drivers/KEYPAD_Driver/KEYPAD.o
 .debug_macro   0x0000000000000000      0x1df Stm32F103C6_Drivers/KEYPAD_Driver/KEYPAD.o
 .debug_macro   0x0000000000000000       0xb4 Stm32F103C6_Drivers/KEYPAD_Driver/KEYPAD.o
 .debug_macro   0x0000000000000000       0xc4 Stm32F103C6_Drivers/KEYPAD_Driver/KEYPAD.o
 .group         0x0000000000000000        0xc Stm32F103C6_Drivers/LCD_Driver/LCD.o
 .group         0x0000000000000000        0xc Stm32F103C6_Drivers/LCD_Driver/LCD.o
 .group         0x0000000000000000        0xc Stm32F103C6_Drivers/LCD_Driver/LCD.o
 .group         0x0000000000000000        0xc Stm32F103C6_Drivers/LCD_Driver/LCD.o
 .group         0x0000000000000000        0xc Stm32F103C6_Drivers/LCD_Driver/LCD.o
 .group         0x0000000000000000        0xc Stm32F103C6_Drivers/LCD_Driver/LCD.o
 .group         0x0000000000000000        0xc Stm32F103C6_Drivers/LCD_Driver/LCD.o
 .group         0x0000000000000000        0xc Stm32F103C6_Drivers/LCD_Driver/LCD.o
 .group         0x0000000000000000        0xc Stm32F103C6_Drivers/LCD_Driver/LCD.o
 .group         0x0000000000000000        0xc Stm32F103C6_Drivers/LCD_Driver/LCD.o
 .group         0x0000000000000000        0xc Stm32F103C6_Drivers/LCD_Driver/LCD.o
 .group         0x0000000000000000        0xc Stm32F103C6_Drivers/LCD_Driver/LCD.o
 .group         0x0000000000000000        0xc Stm32F103C6_Drivers/LCD_Driver/LCD.o
 .group         0x0000000000000000        0xc Stm32F103C6_Drivers/LCD_Driver/LCD.o
 .group         0x0000000000000000        0xc Stm32F103C6_Drivers/LCD_Driver/LCD.o
 .group         0x0000000000000000        0xc Stm32F103C6_Drivers/LCD_Driver/LCD.o
 .group         0x0000000000000000        0xc Stm32F103C6_Drivers/LCD_Driver/LCD.o
 .group         0x0000000000000000        0xc Stm32F103C6_Drivers/LCD_Driver/LCD.o
 .group         0x0000000000000000        0xc Stm32F103C6_Drivers/LCD_Driver/LCD.o
 .group         0x0000000000000000        0xc Stm32F103C6_Drivers/LCD_Driver/LCD.o
 .group         0x0000000000000000        0xc Stm32F103C6_Drivers/LCD_Driver/LCD.o
 .group         0x0000000000000000        0xc Stm32F103C6_Drivers/LCD_Driver/LCD.o
 .group         0x0000000000000000        0xc Stm32F103C6_Drivers/LCD_Driver/LCD.o
 .group         0x0000000000000000        0xc Stm32F103C6_Drivers/LCD_Driver/LCD.o
 .group         0x0000000000000000        0xc Stm32F103C6_Drivers/LCD_Driver/LCD.o
 .group         0x0000000000000000        0xc Stm32F103C6_Drivers/LCD_Driver/LCD.o
 .text          0x0000000000000000        0x0 Stm32F103C6_Drivers/LCD_Driver/LCD.o
 .data          0x0000000000000000        0x0 Stm32F103C6_Drivers/LCD_Driver/LCD.o
 .bss           0x0000000000000000        0x0 Stm32F103C6_Drivers/LCD_Driver/LCD.o
 .debug_macro   0x0000000000000000      0xa60 Stm32F103C6_Drivers/LCD_Driver/LCD.o
 .debug_macro   0x0000000000000000       0x18 Stm32F103C6_Drivers/LCD_Driver/LCD.o
 .debug_macro   0x0000000000000000       0x22 Stm32F103C6_Drivers/LCD_Driver/LCD.o
 .debug_macro   0x0000000000000000       0x40 Stm32F103C6_Drivers/LCD_Driver/LCD.o
 .debug_macro   0x0000000000000000       0x94 Stm32F103C6_Drivers/LCD_Driver/LCD.o
 .debug_macro   0x0000000000000000       0x3c Stm32F103C6_Drivers/LCD_Driver/LCD.o
 .debug_macro   0x0000000000000000       0x34 Stm32F103C6_Drivers/LCD_Driver/LCD.o
 .debug_macro   0x0000000000000000       0x16 Stm32F103C6_Drivers/LCD_Driver/LCD.o
 .debug_macro   0x0000000000000000      0x10e Stm32F103C6_Drivers/LCD_Driver/LCD.o
 .debug_macro   0x0000000000000000       0x8d Stm32F103C6_Drivers/LCD_Driver/LCD.o
 .debug_macro   0x0000000000000000       0x57 Stm32F103C6_Drivers/LCD_Driver/LCD.o
 .debug_macro   0x0000000000000000       0x52 Stm32F103C6_Drivers/LCD_Driver/LCD.o
 .debug_macro   0x0000000000000000       0x1f Stm32F103C6_Drivers/LCD_Driver/LCD.o
 .debug_macro   0x0000000000000000       0x43 Stm32F103C6_Drivers/LCD_Driver/LCD.o
 .debug_macro   0x0000000000000000       0x20 Stm32F103C6_Drivers/LCD_Driver/LCD.o
 .debug_macro   0x0000000000000000      0x1a3 Stm32F103C6_Drivers/LCD_Driver/LCD.o
 .debug_macro   0x0000000000000000      0x330 Stm32F103C6_Drivers/LCD_Driver/LCD.o
 .debug_macro   0x0000000000000000       0x16 Stm32F103C6_Drivers/LCD_Driver/LCD.o
 .debug_macro   0x0000000000000000       0x29 Stm32F103C6_Drivers/LCD_Driver/LCD.o
 .debug_macro   0x0000000000000000       0xef Stm32F103C6_Drivers/LCD_Driver/LCD.o
 .debug_macro   0x0000000000000000       0x6a Stm32F103C6_Drivers/LCD_Driver/LCD.o
 .debug_macro   0x0000000000000000      0x1df Stm32F103C6_Drivers/LCD_Driver/LCD.o
 .debug_macro   0x0000000000000000       0xb4 Stm32F103C6_Drivers/LCD_Driver/LCD.o
 .debug_macro   0x0000000000000000       0xc4 Stm32F103C6_Drivers/LCD_Driver/LCD.o
 .group         0x0000000000000000        0xc Stm32F103C6_Drivers/Stm32F103C6_GPIO_Driver.o
 .group         0x0000000000000000        0xc Stm32F103C6_Drivers/Stm32F103C6_GPIO_Driver.o
 .group         0x0000000000000000        0xc Stm32F103C6_Drivers/Stm32F103C6_GPIO_Driver.o
 .group         0x0000000000000000        0xc Stm32F103C6_Drivers/Stm32F103C6_GPIO_Driver.o
 .group         0x0000000000000000        0xc Stm32F103C6_Drivers/Stm32F103C6_GPIO_Driver.o
 .group         0x0000000000000000        0xc Stm32F103C6_Drivers/Stm32F103C6_GPIO_Driver.o
 .group         0x0000000000000000        0xc Stm32F103C6_Drivers/Stm32F103C6_GPIO_Driver.o
 .group         0x0000000000000000        0xc Stm32F103C6_Drivers/Stm32F103C6_GPIO_Driver.o
 .group         0x0000000000000000        0xc Stm32F103C6_Drivers/Stm32F103C6_GPIO_Driver.o
 .group         0x0000000000000000        0xc Stm32F103C6_Drivers/Stm32F103C6_GPIO_Driver.o
 .group         0x0000000000000000        0xc Stm32F103C6_Drivers/Stm32F103C6_GPIO_Driver.o
 .group         0x0000000000000000        0xc Stm32F103C6_Drivers/Stm32F103C6_GPIO_Driver.o
 .group         0x0000000000000000        0xc Stm32F103C6_Drivers/Stm32F103C6_GPIO_Driver.o
 .group         0x0000000000000000        0xc Stm32F103C6_Drivers/Stm32F103C6_GPIO_Driver.o
 .group         0x0000000000000000        0xc Stm32F103C6_Drivers/Stm32F103C6_GPIO_Driver.o
 .group         0x0000000000000000        0xc Stm32F103C6_Drivers/Stm32F103C6_GPIO_Driver.o
 .group         0x0000000000000000        0xc Stm32F103C6_Drivers/Stm32F103C6_GPIO_Driver.o
 .group         0x0000000000000000        0xc Stm32F103C6_Drivers/Stm32F103C6_GPIO_Driver.o
 .group         0x0000000000000000        0xc Stm32F103C6_Drivers/Stm32F103C6_GPIO_Driver.o
 .group         0x0000000000000000        0xc Stm32F103C6_Drivers/Stm32F103C6_GPIO_Driver.o
 .group         0x0000000000000000        0xc Stm32F103C6_Drivers/Stm32F103C6_GPIO_Driver.o
 .group         0x0000000000000000        0xc Stm32F103C6_Drivers/Stm32F103C6_GPIO_Driver.o
 .group         0x0000000000000000        0xc Stm32F103C6_Drivers/Stm32F103C6_GPIO_Driver.o
 .group         0x0000000000000000        0xc Stm32F103C6_Drivers/Stm32F103C6_GPIO_Driver.o
 .text          0x0000000000000000        0x0 Stm32F103C6_Drivers/Stm32F103C6_GPIO_Driver.o
 .data          0x0000000000000000        0x0 Stm32F103C6_Drivers/Stm32F103C6_GPIO_Driver.o
 .bss           0x0000000000000000        0x0 Stm32F103C6_Drivers/Stm32F103C6_GPIO_Driver.o
 .text.GPIO_DeInit
                0x0000000000000000       0xd4 Stm32F103C6_Drivers/Stm32F103C6_GPIO_Driver.o
 .text.GPIO_ReadPort
                0x0000000000000000       0x18 Stm32F103C6_Drivers/Stm32F103C6_GPIO_Driver.o
 .text.GPIO_TogglePin
                0x0000000000000000       0x22 Stm32F103C6_Drivers/Stm32F103C6_GPIO_Driver.o
 .text.GPIO_LockPin
                0x0000000000000000       0x4e Stm32F103C6_Drivers/Stm32F103C6_GPIO_Driver.o
 .debug_macro   0x0000000000000000      0xa60 Stm32F103C6_Drivers/Stm32F103C6_GPIO_Driver.o
 .debug_macro   0x0000000000000000       0x18 Stm32F103C6_Drivers/Stm32F103C6_GPIO_Driver.o
 .debug_macro   0x0000000000000000       0x22 Stm32F103C6_Drivers/Stm32F103C6_GPIO_Driver.o
 .debug_macro   0x0000000000000000       0x40 Stm32F103C6_Drivers/Stm32F103C6_GPIO_Driver.o
 .debug_macro   0x0000000000000000       0x94 Stm32F103C6_Drivers/Stm32F103C6_GPIO_Driver.o
 .debug_macro   0x0000000000000000       0x3c Stm32F103C6_Drivers/Stm32F103C6_GPIO_Driver.o
 .debug_macro   0x0000000000000000       0x34 Stm32F103C6_Drivers/Stm32F103C6_GPIO_Driver.o
 .debug_macro   0x0000000000000000       0x16 Stm32F103C6_Drivers/Stm32F103C6_GPIO_Driver.o
 .debug_macro   0x0000000000000000      0x10e Stm32F103C6_Drivers/Stm32F103C6_GPIO_Driver.o
 .debug_macro   0x0000000000000000       0x8d Stm32F103C6_Drivers/Stm32F103C6_GPIO_Driver.o
 .debug_macro   0x0000000000000000       0x57 Stm32F103C6_Drivers/Stm32F103C6_GPIO_Driver.o
 .debug_macro   0x0000000000000000       0x52 Stm32F103C6_Drivers/Stm32F103C6_GPIO_Driver.o
 .debug_macro   0x0000000000000000       0x1f Stm32F103C6_Drivers/Stm32F103C6_GPIO_Driver.o
 .debug_macro   0x0000000000000000       0x43 Stm32F103C6_Drivers/Stm32F103C6_GPIO_Driver.o
 .debug_macro   0x0000000000000000       0x20 Stm32F103C6_Drivers/Stm32F103C6_GPIO_Driver.o
 .debug_macro   0x0000000000000000      0x1a3 Stm32F103C6_Drivers/Stm32F103C6_GPIO_Driver.o
 .debug_macro   0x0000000000000000      0x330 Stm32F103C6_Drivers/Stm32F103C6_GPIO_Driver.o
 .debug_macro   0x0000000000000000       0x16 Stm32F103C6_Drivers/Stm32F103C6_GPIO_Driver.o
 .debug_macro   0x0000000000000000       0x29 Stm32F103C6_Drivers/Stm32F103C6_GPIO_Driver.o
 .debug_macro   0x0000000000000000       0xef Stm32F103C6_Drivers/Stm32F103C6_GPIO_Driver.o
 .debug_macro   0x0000000000000000       0x6a Stm32F103C6_Drivers/Stm32F103C6_GPIO_Driver.o
 .debug_macro   0x0000000000000000      0x1df Stm32F103C6_Drivers/Stm32F103C6_GPIO_Driver.o
 .debug_macro   0x0000000000000000       0xb4 Stm32F103C6_Drivers/Stm32F103C6_GPIO_Driver.o
 .debug_macro   0x0000000000000000       0xc4 Stm32F103C6_Drivers/Stm32F103C6_GPIO_Driver.o
 .text          0x0000000000000000        0x0 c:/st/stm32cubeide_1.4.0/stm32cubeide/plugins/com.st.stm32cube.ide.mcu.externaltools.gnu-tools-for-stm32.7-2018-q2-update.win32_1.4.0.202007081208/tools/bin/../lib/gcc/arm-none-eabi/7.3.1/../../../../arm-none-eabi/lib/thumb/v7-m\libc_nano.a(lib_a-errno.o)
 .data          0x0000000000000000        0x0 c:/st/stm32cubeide_1.4.0/stm32cubeide/plugins/com.st.stm32cube.ide.mcu.externaltools.gnu-tools-for-stm32.7-2018-q2-update.win32_1.4.0.202007081208/tools/bin/../lib/gcc/arm-none-eabi/7.3.1/../../../../arm-none-eabi/lib/thumb/v7-m\libc_nano.a(lib_a-errno.o)
 .bss           0x0000000000000000        0x0 c:/st/stm32cubeide_1.4.0/stm32cubeide/plugins/com.st.stm32cube.ide.mcu.externaltools.gnu-tools-for-stm32.7-2018-q2-update.win32_1.4.0.202007081208/tools/bin/../lib/gcc/arm-none-eabi/7.3.1/../../../../arm-none-eabi/lib/thumb/v7-m\libc_nano.a(lib_a-errno.o)
 .text.__errno  0x0000000000000000        0xc c:/st/stm32cubeide_1.4.0/stm32cubeide/plugins/com.st.stm32cube.ide.mcu.externaltools.gnu-tools-for-stm32.7-2018-q2-update.win32_1.4.0.202007081208/tools/bin/../lib/gcc/arm-none-eabi/7.3.1/../../../../arm-none-eabi/lib/thumb/v7-m\libc_nano.a(lib_a-errno.o)
 .debug_frame   0x0000000000000000       0x20 c:/st/stm32cubeide_1.4.0/stm32cubeide/plugins/com.st.stm32cube.ide.mcu.externaltools.gnu-tools-for-stm32.7-2018-q2-update.win32_1.4.0.202007081208/tools/bin/../lib/gcc/arm-none-eabi/7.3.1/../../../../arm-none-eabi/lib/thumb/v7-m\libc_nano.a(lib_a-errno.o)
 .ARM.attributes
                0x0000000000000000       0x2d c:/st/stm32cubeide_1.4.0/stm32cubeide/plugins/com.st.stm32cube.ide.mcu.externaltools.gnu-tools-for-stm32.7-2018-q2-update.win32_1.4.0.202007081208/tools/bin/../lib/gcc/arm-none-eabi/7.3.1/../../../../arm-none-eabi/lib/thumb/v7-m\libc_nano.a(lib_a-errno.o)
 .text          0x0000000000000000        0x0 c:/st/stm32cubeide_1.4.0/stm32cubeide/plugins/com.st.stm32cube.ide.mcu.externaltools.gnu-tools-for-stm32.7-2018-q2-update.win32_1.4.0.202007081208/tools/bin/../lib/gcc/arm-none-eabi/7.3.1/../../../../arm-none-eabi/lib/thumb/v7-m\libc_nano.a(lib_a-exit.o)
 .data          0x0000000000000000        0x0 c:/st/stm32cubeide_1.4.0/stm32cubeide/plugins/com.st.stm32cube.ide.mcu.externaltools.gnu-tools-for-stm32.7-2018-q2-update.win32_1.4.0.202007081208/tools/bin/../lib/gcc/arm-none-eabi/7.3.1/../../../../arm-none-eabi/lib/thumb/v7-m\libc_nano.a(lib_a-exit.o)
 .bss           0x0000000000000000        0x0 c:/st/stm32cubeide_1.4.0/stm32cubeide/plugins/com.st.stm32cube.ide.mcu.externaltools.gnu-tools-for-stm32.7-2018-q2-update.win32_1.4.0.202007081208/tools/bin/../lib/gcc/arm-none-eabi/7.3.1/../../../../arm-none-eabi/lib/thumb/v7-m\libc_nano.a(lib_a-exit.o)
 .text.exit     0x0000000000000000       0x28 c:/st/stm32cubeide_1.4.0/stm32cubeide/plugins/com.st.stm32cube.ide.mcu.externaltools.gnu-tools-for-stm32.7-2018-q2-update.win32_1.4.0.202007081208/tools/bin/../lib/gcc/arm-none-eabi/7.3.1/../../../../arm-none-eabi/lib/thumb/v7-m\libc_nano.a(lib_a-exit.o)
 .debug_frame   0x0000000000000000       0x28 c:/st/stm32cubeide_1.4.0/stm32cubeide/plugins/com.st.stm32cube.ide.mcu.externaltools.gnu-tools-for-stm32.7-2018-q2-update.win32_1.4.0.202007081208/tools/bin/../lib/gcc/arm-none-eabi/7.3.1/../../../../arm-none-eabi/lib/thumb/v7-m\libc_nano.a(lib_a-exit.o)
 .ARM.attributes
                0x0000000000000000       0x2d c:/st/stm32cubeide_1.4.0/stm32cubeide/plugins/com.st.stm32cube.ide.mcu.externaltools.gnu-tools-for-stm32.7-2018-q2-update.win32_1.4.0.202007081208/tools/bin/../lib/gcc/arm-none-eabi/7.3.1/../../../../arm-none-eabi/lib/thumb/v7-m\libc_nano.a(lib_a-exit.o)
 .text          0x0000000000000000        0x0 c:/st/stm32cubeide_1.4.0/stm32cubeide/plugins/com.st.stm32cube.ide.mcu.externaltools.gnu-tools-for-stm32.7-2018-q2-update.win32_1.4.0.202007081208/tools/bin/../lib/gcc/arm-none-eabi/7.3.1/../../../../arm-none-eabi/lib/thumb/v7-m\libc_nano.a(lib_a-impure.o)
 .data          0x0000000000000000        0x0 c:/st/stm32cubeide_1.4.0/stm32cubeide/plugins/com.st.stm32cube.ide.mcu.externaltools.gnu-tools-for-stm32.7-2018-q2-update.win32_1.4.0.202007081208/tools/bin/../lib/gcc/arm-none-eabi/7.3.1/../../../../arm-none-eabi/lib/thumb/v7-m\libc_nano.a(lib_a-impure.o)
 .bss           0x0000000000000000        0x0 c:/st/stm32cubeide_1.4.0/stm32cubeide/plugins/com.st.stm32cube.ide.mcu.externaltools.gnu-tools-for-stm32.7-2018-q2-update.win32_1.4.0.202007081208/tools/bin/../lib/gcc/arm-none-eabi/7.3.1/../../../../arm-none-eabi/lib/thumb/v7-m\libc_nano.a(lib_a-impure.o)
 .data._impure_ptr
                0x0000000000000000        0x4 c:/st/stm32cubeide_1.4.0/stm32cubeide/plugins/com.st.stm32cube.ide.mcu.externaltools.gnu-tools-for-stm32.7-2018-q2-update.win32_1.4.0.202007081208/tools/bin/../lib/gcc/arm-none-eabi/7.3.1/../../../../arm-none-eabi/lib/thumb/v7-m\libc_nano.a(lib_a-impure.o)
 .data.impure_data
                0x0000000000000000       0x60 c:/st/stm32cubeide_1.4.0/stm32cubeide/plugins/com.st.stm32cube.ide.mcu.externaltools.gnu-tools-for-stm32.7-2018-q2-update.win32_1.4.0.202007081208/tools/bin/../lib/gcc/arm-none-eabi/7.3.1/../../../../arm-none-eabi/lib/thumb/v7-m\libc_nano.a(lib_a-impure.o)
 .rodata._global_impure_ptr
                0x0000000000000000        0x4 c:/st/stm32cubeide_1.4.0/stm32cubeide/plugins/com.st.stm32cube.ide.mcu.externaltools.gnu-tools-for-stm32.7-2018-q2-update.win32_1.4.0.202007081208/tools/bin/../lib/gcc/arm-none-eabi/7.3.1/../../../../arm-none-eabi/lib/thumb/v7-m\libc_nano.a(lib_a-impure.o)
 .ARM.attributes
                0x0000000000000000       0x2d c:/st/stm32cubeide_1.4.0/stm32cubeide/plugins/com.st.stm32cube.ide.mcu.externaltools.gnu-tools-for-stm32.7-2018-q2-update.win32_1.4.0.202007081208/tools/bin/../lib/gcc/arm-none-eabi/7.3.1/../../../../arm-none-eabi/lib/thumb/v7-m\libc_nano.a(lib_a-impure.o)
 .text          0x0000000000000000        0x0 c:/st/stm32cubeide_1.4.0/stm32cubeide/plugins/com.st.stm32cube.ide.mcu.externaltools.gnu-tools-for-stm32.7-2018-q2-update.win32_1.4.0.202007081208/tools/bin/../lib/gcc/arm-none-eabi/7.3.1/../../../../arm-none-eabi/lib/thumb/v7-m\libc_nano.a(lib_a-init.o)
 .data          0x0000000000000000        0x0 c:/st/stm32cubeide_1.4.0/stm32cubeide/plugins/com.st.stm32cube.ide.mcu.externaltools.gnu-tools-for-stm32.7-2018-q2-update.win32_1.4.0.202007081208/tools/bin/../lib/gcc/arm-none-eabi/7.3.1/../../../../arm-none-eabi/lib/thumb/v7-m\libc_nano.a(lib_a-init.o)
 .bss           0x0000000000000000        0x0 c:/st/stm32cubeide_1.4.0/stm32cubeide/plugins/com.st.stm32cube.ide.mcu.externaltools.gnu-tools-for-stm32.7-2018-q2-update.win32_1.4.0.202007081208/tools/bin/../lib/gcc/arm-none-eabi/7.3.1/../../../../arm-none-eabi/lib/thumb/v7-m\libc_nano.a(lib_a-init.o)
 .text          0x0000000000000000        0x0 c:/st/stm32cubeide_1.4.0/stm32cubeide/plugins/com.st.stm32cube.ide.mcu.externaltools.gnu-tools-for-stm32.7-2018-q2-update.win32_1.4.0.202007081208/tools/bin/../lib/gcc/arm-none-eabi/7.3.1/../../../../arm-none-eabi/lib/thumb/v7-m\libc_nano.a(lib_a-memset.o)
 .data          0x0000000000000000        0x0 c:/st/stm32cubeide_1.4.0/stm32cubeide/plugins/com.st.stm32cube.ide.mcu.externaltools.gnu-tools-for-stm32.7-2018-q2-update.win32_1.4.0.202007081208/tools/bin/../lib/gcc/arm-none-eabi/7.3.1/../../../../arm-none-eabi/lib/thumb/v7-m\libc_nano.a(lib_a-memset.o)
 .bss           0x0000000000000000        0x0 c:/st/stm32cubeide_1.4.0/stm32cubeide/plugins/com.st.stm32cube.ide.mcu.externaltools.gnu-tools-for-stm32.7-2018-q2-update.win32_1.4.0.202007081208/tools/bin/../lib/gcc/arm-none-eabi/7.3.1/../../../../arm-none-eabi/lib/thumb/v7-m\libc_nano.a(lib_a-memset.o)
 .text.memset   0x0000000000000000       0x10 c:/st/stm32cubeide_1.4.0/stm32cubeide/plugins/com.st.stm32cube.ide.mcu.externaltools.gnu-tools-for-stm32.7-2018-q2-update.win32_1.4.0.202007081208/tools/bin/../lib/gcc/arm-none-eabi/7.3.1/../../../../arm-none-eabi/lib/thumb/v7-m\libc_nano.a(lib_a-memset.o)
 .debug_frame   0x0000000000000000       0x20 c:/st/stm32cubeide_1.4.0/stm32cubeide/plugins/com.st.stm32cube.ide.mcu.externaltools.gnu-tools-for-stm32.7-2018-q2-update.win32_1.4.0.202007081208/tools/bin/../lib/gcc/arm-none-eabi/7.3.1/../../../../arm-none-eabi/lib/thumb/v7-m\libc_nano.a(lib_a-memset.o)
 .ARM.attributes
                0x0000000000000000       0x2d c:/st/stm32cubeide_1.4.0/stm32cubeide/plugins/com.st.stm32cube.ide.mcu.externaltools.gnu-tools-for-stm32.7-2018-q2-update.win32_1.4.0.202007081208/tools/bin/../lib/gcc/arm-none-eabi/7.3.1/../../../../arm-none-eabi/lib/thumb/v7-m\libc_nano.a(lib_a-memset.o)
 .text          0x0000000000000000        0x0 c:/st/stm32cubeide_1.4.0/stm32cubeide/plugins/com.st.stm32cube.ide.mcu.externaltools.gnu-tools-for-stm32.7-2018-q2-update.win32_1.4.0.202007081208/tools/bin/../lib/gcc/arm-none-eabi/7.3.1/thumb/v7-m/crtend.o
 .data          0x0000000000000000        0x0 c:/st/stm32cubeide_1.4.0/stm32cubeide/plugins/com.st.stm32cube.ide.mcu.externaltools.gnu-tools-for-stm32.7-2018-q2-update.win32_1.4.0.202007081208/tools/bin/../lib/gcc/arm-none-eabi/7.3.1/thumb/v7-m/crtend.o
 .bss           0x0000000000000000        0x0 c:/st/stm32cubeide_1.4.0/stm32cubeide/plugins/com.st.stm32cube.ide.mcu.externaltools.gnu-tools-for-stm32.7-2018-q2-update.win32_1.4.0.202007081208/tools/bin/../lib/gcc/arm-none-eabi/7.3.1/thumb/v7-m/crtend.o
 .eh_frame      0x0000000000000000        0x4 c:/st/stm32cubeide_1.4.0/stm32cubeide/plugins/com.st.stm32cube.ide.mcu.externaltools.gnu-tools-for-stm32.7-2018-q2-update.win32_1.4.0.202007081208/tools/bin/../lib/gcc/arm-none-eabi/7.3.1/thumb/v7-m/crtend.o
 .ARM.attributes
                0x0000000000000000       0x2d c:/st/stm32cubeide_1.4.0/stm32cubeide/plugins/com.st.stm32cube.ide.mcu.externaltools.gnu-tools-for-stm32.7-2018-q2-update.win32_1.4.0.202007081208/tools/bin/../lib/gcc/arm-none-eabi/7.3.1/thumb/v7-m/crtend.o
 .text          0x0000000000000000        0x0 c:/st/stm32cubeide_1.4.0/stm32cubeide/plugins/com.st.stm32cube.ide.mcu.externaltools.gnu-tools-for-stm32.7-2018-q2-update.win32_1.4.0.202007081208/tools/bin/../lib/gcc/arm-none-eabi/7.3.1/thumb/v7-m/crtn.o
 .data          0x0000000000000000        0x0 c:/st/stm32cubeide_1.4.0/stm32cubeide/plugins/com.st.stm32cube.ide.mcu.externaltools.gnu-tools-for-stm32.7-2018-q2-update.win32_1.4.0.202007081208/tools/bin/../lib/gcc/arm-none-eabi/7.3.1/thumb/v7-m/crtn.o
 .bss           0x0000000000000000        0x0 c:/st/stm32cubeide_1.4.0/stm32cubeide/plugins/com.st.stm32cube.ide.mcu.externaltools.gnu-tools-for-stm32.7-2018-q2-update.win32_1.4.0.202007081208/tools/bin/../lib/gcc/arm-none-eabi/7.3.1/thumb/v7-m/crtn.o

Memory Configuration

Name             Origin             Length             Attributes
RAM              0x0000000020000000 0x0000000000002800 xrw
ROM              0x0000000008000000 0x0000000000008000 xr
*default*        0x0000000000000000 0xffffffffffffffff

Linker script and memory map

LOAD c:/st/stm32cubeide_1.4.0/stm32cubeide/plugins/com.st.stm32cube.ide.mcu.externaltools.gnu-tools-for-stm32.7-2018-q2-update.win32_1.4.0.202007081208/tools/bin/../lib/gcc/arm-none-eabi/7.3.1/thumb/v7-m/crti.o
LOAD c:/st/stm32cubeide_1.4.0/stm32cubeide/plugins/com.st.stm32cube.ide.mcu.externaltools.gnu-tools-for-stm32.7-2018-q2-update.win32_1.4.0.202007081208/tools/bin/../lib/gcc/arm-none-eabi/7.3.1/thumb/v7-m/crtbegin.o
LOAD c:/st/stm32cubeide_1.4.0/stm32cubeide/plugins/com.st.stm32cube.ide.mcu.externaltools.gnu-tools-for-stm32.7-2018-q2-update.win32_1.4.0.202007081208/tools/bin/../lib/gcc/arm-none-eabi/7.3.1/../../../../arm-none-eabi/lib/thumb/v7-m/crt0.o
LOAD Src/main.o
LOAD Src/syscalls.o
LOAD Src/sysmem.o
LOAD Startup/startup_stm32f103c6tx.o
LOAD Stm32F103C6_Drivers/KEYPAD_Driver/KEYPAD.o
LOAD Stm32F103C6_Drivers/LCD_Driver/LCD.o
LOAD Stm32F103C6_Drivers/Stm32F103C6_GPIO_Driver.o
START GROUP
LOAD c:/st/stm32cubeide_1.4.0/stm32cubeide/plugins/com.st.stm32cube.ide.mcu.externaltools.gnu-tools-for-stm32.7-2018-q2-update.win32_1.4.0.202007081208/tools/bin/../lib/gcc/arm-none-eabi/7.3.1/../../../../arm-none-eabi/lib/thumb/v7-m\libc_nano.a
LOAD c:/st/stm32cubeide_1.4.0/stm32cubeide/plugins/com.st.stm32cube.ide.mcu.externaltools.gnu-tools-for-stm32.7-2018-q2-update.win32_1.4.0.202007081208/tools/bin/../lib/gcc/arm-none-eabi/7.3.1/../../../../arm-none-eabi/lib/thumb/v7-m\libm.a
END GROUP
START GROUP
LOAD c:/st/stm32cubeide_1.4.0/stm32cubeide/plugins/com.st.stm32cube.ide.mcu.externaltools.gnu-tools-for-stm32.7-2018-q2-update.win32_1.4.0.202007081208/tools/bin/../lib/gcc/arm-none-eabi/7.3.1/thumb/v7-m\libgcc.a
LOAD c:/st/stm32cubeide_1.4.0/stm32cubeide/plugins/com.st.stm32cube.ide.mcu.externaltools.gnu-tools-for-stm32.7-2018-q2-update.win32_1.4.0.202007081208/tools/bin/../lib/gcc/arm-none-eabi/7.3.1/../../../../arm-none-eabi/lib/thumb/v7-m\libg_nano.a
LOAD c:/st/stm32cubeide_1.4.0/stm32cubeide/plugins/com.st.stm32cube.ide.mcu.externaltools.gnu-tools-for-stm32.7-2018-q2-update.win32_1.4.0.202007081208/tools/bin/../lib/gcc/arm-none-eabi/7.3.1/../../../../arm-none-eabi/lib/thumb/v7-m\libc_nano.a
END GROUP
START GROUP
LOAD c:/st/stm32cubeide_1.4.0/stm32cubeide/plugins/com.st.stm32cube.ide.mcu.externaltools.gnu-tools-for-stm32.7-2018-q2-update.win32_1.4.0.202007081208/tools/bin/../lib/gcc/arm-none-eabi/7.3.1/thumb/v7-m\libgcc.a
LOAD c:/st/stm32cubeide_1.4.0/stm32cubeide/plugins/com.st.stm32cube.ide.mcu.externaltools.gnu-tools-for-stm32.7-2018-q2-update.win32_1.4.0.202007081208/tools/bin/../lib/gcc/arm-none-eabi/7.3.1/../../../../arm-none-eabi/lib/thumb/v7-m\libc_nano.a
LOAD c:/st/stm32cubeide_1.4.0/stm32cubeide/plugins/com.st.stm32cube.ide.mcu.externaltools.gnu-tools-for-stm32.7-2018-q2-update.win32_1.4.0.202007081208/tools/bin/../lib/gcc/arm-none-eabi/7.3.1/../../../../arm-none-eabi/lib/thumb/v7-m\libnosys.a
END GROUP
START GROUP
LOAD c:/st/stm32cubeide_1.4.0/stm32cubeide/plugins/com.st.stm32cube.ide.mcu.externaltools.gnu-tools-for-stm32.7-2018-q2-update.win32_1.4.0.202007081208/tools/bin/../lib/gcc/arm-none-eabi/7.3.1/thumb/v7-m\libgcc.a
LOAD c:/st/stm32cubeide_1.4.0/stm32cubeide/plugins/com.st.stm32cube.ide.mcu.externaltools.gnu-tools-for-stm32.7-2018-q2-update.win32_1.4.0.202007081208/tools/bin/../lib/gcc/arm-none-eabi/7.3.1/../../../../arm-none-eabi/lib/thumb/v7-m\libc_nano.a
LOAD c:/st/stm32cubeide_1.4.0/stm32cubeide/plugins/com.st.stm32cube.ide.mcu.externaltools.gnu-tools-for-stm32.7-2018-q2-update.win32_1.4.0.202007081208/tools/bin/../lib/gcc/arm-none-eabi/7.3.1/../../../../arm-none-eabi/lib/thumb/v7-m\libnosys.a
END GROUP
LOAD c:/st/stm32cubeide_1.4.0/stm32cubeide/plugins/com.st.stm32cube.ide.mcu.externaltools.gnu-tools-for-stm32.7-2018-q2-update.win32_1.4.0.202007081208/tools/bin/../lib/gcc/arm-none-eabi/7.3.1/thumb/v7-m/crtend.o
LOAD c:/st/stm32cubeide_1.4.0/stm32cubeide/plugins/com.st.stm32cube.ide.mcu.externaltools.gnu-tools-for-stm32.7-2018-q2-update.win32_1.4.0.202007081208/tools/bin/../lib/gcc/arm-none-eabi/7.3.1/thumb/v7-m/crtn.o
                0x0000000020002800                _estack = (ORIGIN (RAM) + LENGTH (RAM))
                0x0000000000000200                _Min_Heap_Size = 0x200
                0x0000000000000400                _Min_Stack_Size = 0x400

.isr_vector     0x0000000008000000      0x130
                0x0000000008000000                . = ALIGN (0x4)
 *(.isr_vector)
 .isr_vector    0x0000000008000000      0x130 Startup/startup_stm32f103c6tx.o
                0x0000000008000000                g_pfnVectors
                0x0000000008000130                . = ALIGN (0x4)

.text           0x0000000008000130      0xb4c
                0x0000000008000130                . = ALIGN (0x4)
 *(.text)
 .text          0x0000000008000130       0x40 c:/st/stm32cubeide_1.4.0/stm32cubeide/plugins/com.st.stm32cube.ide.mcu.externaltools.gnu-tools-for-stm32.7-2018-q2-update.win32_1.4.0.202007081208/tools/bin/../lib/gcc/arm-none-eabi/7.3.1/thumb/v7-m/crtbegin.o
 *(.text*)
 .text.main     0x0000000008000170       0xdc Src/main.o
                0x0000000008000170                main
 .text.clock_init
                0x000000000800024c       0x28 Src/main.o
                0x000000000800024c                clock_init
 .text.GPIO_init
                0x0000000008000274       0x8c Src/main.o
                0x0000000008000274                GPIO_init
 .text.Reset_Handler
                0x0000000008000300       0x50 Startup/startup_stm32f103c6tx.o
                0x0000000008000300                Reset_Handler
 .text.Default_Handler
                0x0000000008000350        0x2 Startup/startup_stm32f103c6tx.o
                0x0000000008000350                EXTI2_IRQHandler
                0x0000000008000350                TIM8_TRG_COM_IRQHandler
                0x0000000008000350                TIM8_CC_IRQHandler
                0x0000000008000350                DebugMon_Handler
                0x0000000008000350                TIM1_CC_IRQHandler
                0x0000000008000350                HardFault_Handler
                0x0000000008000350                TIM6_IRQHandler
                0x0000000008000350                SysTick_Handler
                0x0000000008000350                PVD_IRQHandler
                0x0000000008000350                SDIO_IRQHandler
                0x0000000008000350                PendSV_Handler
                0x0000000008000350                NMI_Handler
                0x0000000008000350                EXTI3_IRQHandler
                0x0000000008000350                USB_HP_CAN_TX_IRQHandler
                0x0000000008000350                EXTI0_IRQHandler
                0x0000000008000350                I2C2_EV_IRQHandler
                0x0000000008000350                UsageFault_Handler
                0x0000000008000350                ADC1_2_IRQHandler
                0x0000000008000350                SPI1_IRQHandler
                0x0000000008000350                CAN_SCE_IRQHandler
                0x0000000008000350                TAMPER_IRQHandler
                0x0000000008000350                TIM8_UP_IRQHandler
                0x0000000008000350                DMA2_Channel2_IRQHandler
                0x0000000008000350                DMA1_Channel4_IRQHandler
                0x0000000008000350                USART3_IRQHandler
                0x0000000008000350                RTC_IRQHandler
                0x0000000008000350                DMA1_Channel7_IRQHandler
                0x0000000008000350                UART5_IRQHandler
                0x0000000008000350                ADC3_IRQHandler
                0x0000000008000350                TIM4_IRQHandler
                0x0000000008000350                CAN_RX1_IRQHandler
                0x0000000008000350                DMA2_Channel1_IRQHandler
                0x0000000008000350                I2C1_EV_IRQHandler
                0x0000000008000350                DMA1_Channel6_IRQHandler
                0x0000000008000350                UART4_IRQHandler
                0x0000000008000350                TIM3_IRQHandler
                0x0000000008000350                RCC_IRQHandler
                0x0000000008000350                TIM1_TRG_COM_IRQHandler
                0x0000000008000350                DMA1_Channel1_IRQHandler
                0x0000000008000350                Default_Handler
                0x0000000008000350                EXTI15_10_IRQHandler
                0x0000000008000350                TIM7_IRQHandler
                0x0000000008000350                TIM5_IRQHandler
                0x0000000008000350                EXTI9_5_IRQHandler
                0x0000000008000350                SPI2_IRQHandler
                0x0000000008000350                USB_LP_CAN_RX0_IRQHandler
                0x0000000008000350                MemManage_Handler
                0x0000000008000350                SVC_Handler
                0x0000000008000350                DMA1_Channel5_IRQHandler
                0x0000000008000350                EXTI4_IRQHandler
                0x0000000008000350                DMA1_Channel3_IRQHandler
                0x0000000008000350                FSMC_IRQHandler
                0x0000000008000350                TIM1_UP_IRQHandler
                0x0000000008000350                WWDG_IRQHandler
                0x0000000008000350                TIM2_IRQHandler
                0x0000000008000350                TIM1_BRK_IRQHandler
                0x0000000008000350                EXTI1_IRQHandler
                0x0000000008000350                RTCAlarm_IRQHandler
                0x0000000008000350                DMA2_Channel4_5_IRQHandler
                0x0000000008000350                USART2_IRQHandler
                0x0000000008000350                I2C2_ER_IRQHandler
                0x0000000008000350                DMA1_Channel2_IRQHandler
                0x0000000008000350                TIM8_BRK_IRQHandler
                0x0000000008000350                FLASH_IRQHandler
                0x0000000008000350                BusFault_Handler
                0x0000000008000350                USART1_IRQHandler
                0x0000000008000350                SPI3_IRQHandler
                0x0000000008000350                I2C1_ER_IRQHandler
                0x0000000008000350                DMA2_Channel3_IRQHandler
 *fill*         0x0000000008000352        0x2 
 .text.Keypad_init
                0x0000000008000354       0x98 Stm32F103C6_Drivers/KEYPAD_Driver/KEYPAD.o
                0x0000000008000354                Keypad_init
 .text.Keypad_getkey
                0x00000000080003ec      0x194 Stm32F103C6_Drivers/KEYPAD_Driver/KEYPAD.o
                0x00000000080003ec                Keypad_getkey
 .text.wait_ms  0x0000000008000580       0x38 Stm32F103C6_Drivers/LCD_Driver/LCD.o
                0x0000000008000580                wait_ms
 .text.LCD_clear_screen
                0x00000000080005b8        0xe Stm32F103C6_Drivers/LCD_Driver/LCD.o
                0x00000000080005b8                LCD_clear_screen
 *fill*         0x00000000080005c6        0x2 
 .text.LCD_kick
                0x00000000080005c8       0x2c Stm32F103C6_Drivers/LCD_Driver/LCD.o
                0x00000000080005c8                LCD_kick
 .text.LCD_GPIO_init
                0x00000000080005f4      0x158 Stm32F103C6_Drivers/LCD_Driver/LCD.o
                0x00000000080005f4                LCD_GPIO_init
 .text.LCD_init
                0x000000000800074c       0x3c Stm32F103C6_Drivers/LCD_Driver/LCD.o
                0x000000000800074c                LCD_init
 .text.LCD_WRITE_COMMAND
                0x0000000008000788       0xe0 Stm32F103C6_Drivers/LCD_Driver/LCD.o
                0x0000000008000788                LCD_WRITE_COMMAND
 .text.LCD_WRITE_CHAR
                0x0000000008000868       0xe0 Stm32F103C6_Drivers/LCD_Driver/LCD.o
                0x0000000008000868                LCD_WRITE_CHAR
 .text.LCD_GOTO_XY
                0x0000000008000948       0x44 Stm32F103C6_Drivers/LCD_Driver/LCD.o
                0x0000000008000948                LCD_GOTO_XY
 .text.LCD_WRITE_STRING
                0x000000000800098c       0x58 Stm32F103C6_Drivers/LCD_Driver/LCD.o
                0x000000000800098c                LCD_WRITE_STRING
 .text.Get_CRLH_Position
                0x00000000080009e4       0xc6 Stm32F103C6_Drivers/Stm32F103C6_GPIO_Driver.o
                0x00000000080009e4                Get_CRLH_Position
 .text.GPIO_Init
                0x0000000008000aaa       0xf8 Stm32F103C6_Drivers/Stm32F103C6_GPIO_Driver.o
                0x0000000008000aaa                GPIO_Init
 .text.GPIO_ReadPin
                0x0000000008000ba2       0x2e Stm32F103C6_Drivers/Stm32F103C6_GPIO_Driver.o
                0x0000000008000ba2                GPIO_ReadPin
 .text.GPIO_WritePin
                0x0000000008000bd0       0x2e Stm32F103C6_Drivers/Stm32F103C6_GPIO_Driver.o
                0x0000000008000bd0                GPIO_WritePin
 .text.GPIO_WritePort
                0x0000000008000bfe       0x1c Stm32F103C6_Drivers/Stm32F103C6_GPIO_Driver.o
                0x0000000008000bfe                GPIO_WritePort
 *fill*         0x0000000008000c1a        0x2 
 .text.__libc_init_array
                0x0000000008000c1c       0x48 c:/st/stm32cubeide_1.4.0/stm32cubeide/plugins/com.st.stm32cube.ide.mcu.externaltools.gnu-tools-for-stm32.7-2018-q2-update.win32_1.4.0.202007081208/tools/bin/../lib/gcc/arm-none-eabi/7.3.1/../../../../arm-none-eabi/lib/thumb/v7-m\libc_nano.a(lib_a-init.o)
                0x0000000008000c1c                __libc_init_array
 *(.glue_7)
 .glue_7        0x0000000008000c64        0x0 linker stubs
 *(.glue_7t)
 .glue_7t       0x0000000008000c64        0x0 linker stubs
 *(.eh_frame)
 .eh_frame      0x0000000008000c64        0x0 c:/st/stm32cubeide_1.4.0/stm32cubeide/plugins/com.st.stm32cube.ide.mcu.externaltools.gnu-tools-for-stm32.7-2018-q2-update.win32_1.4.0.202007081208/tools/bin/../lib/gcc/arm-none-eabi/7.3.1/thumb/v7-m/crtbegin.o
 *(.init)
 .init          0x0000000008000c64        0x4 c:/st/stm32cubeide_1.4.0/stm32cubeide/plugins/com.st.stm32cube.ide.mcu.externaltools.gnu-tools-for-stm32.7-2018-q2-update.win32_1.4.0.202007081208/tools/bin/../lib/gcc/arm-none-eabi/7.3.1/thumb/v7-m/crti.o
                0x0000000008000c64                _init
 .init          0x0000000008000c68        0x8 c:/st/stm32cubeide_1.4.0/stm32cubeide/plugins/com.st.stm32cube.ide.mcu.externaltools.gnu-tools-for-stm32.7-2018-q2-update.win32_1.4.0.202007081208/tools/bin/../lib/gcc/arm-none-eabi/7.3.1/thumb/v7-m/crtn.o
 *(.fini)
 .fini          0x0000000008000c70        0x4 c:/st/stm32cubeide_1.4.0/stm32cubeide/plugins/com.st.stm32cube.ide.mcu.externaltools.gnu-tools-for-stm32.7-2018-q2-update.win32_1.4.0.202007081208/tools/bin/../lib/gcc/arm-none-eabi/7.3.1/thumb/v7-m/crti.o
                0x0000000008000c70                _fini
 .fini          0x0000000008000c74        0x8 c:/st/stm32cubeide_1.4.0/stm32cubeide/plugins/com.st.stm32cube.ide.mcu.externaltools.gnu-tools-for-stm32.7-2018-q2-update.win32_1.4.0.202007081208/tools/bin/../lib/gcc/arm-none-eabi/7.3.1/thumb/v7-m/crtn.o
                0x0000000008000c7c                . = ALIGN (0x4)
                0x0000000008000c7c                _etext = .

.vfp11_veneer   0x0000000008000c7c        0x0
 .vfp11_veneer  0x0000000008000c7c        0x0 linker stubs

.v4_bx          0x0000000008000c7c        0x0
 .v4_bx         0x0000000008000c7c        0x0 linker stubs

.iplt           0x0000000008000c7c        0x0
 .iplt          0x0000000008000c7c        0x0 c:/st/stm32cubeide_1.4.0/stm32cubeide/plugins/com.st.stm32cube.ide.mcu.externaltools.gnu-tools-for-stm32.7-2018-q2-update.win32_1.4.0.202007081208/tools/bin/../lib/gcc/arm-none-eabi/7.3.1/thumb/v7-m/crtbegin.o

.rodata         0x0000000008000c7c       0x34
                0x0000000008000c7c                . = ALIGN (0x4)
 *(.rodata)
 .rodata        0x0000000008000c7c       0x32 Src/main.o
 *(.rodata*)
                0x0000000008000cb0                . = ALIGN (0x4)
 *fill*         0x0000000008000cae        0x2 

.rel.dyn        0x0000000008000cb0        0x0
 .rel.iplt      0x0000000008000cb0        0x0 c:/st/stm32cubeide_1.4.0/stm32cubeide/plugins/com.st.stm32cube.ide.mcu.externaltools.gnu-tools-for-stm32.7-2018-q2-update.win32_1.4.0.202007081208/tools/bin/../lib/gcc/arm-none-eabi/7.3.1/thumb/v7-m/crtbegin.o

.ARM.extab      0x0000000008000cb0        0x0
                0x0000000008000cb0                . = ALIGN (0x4)
 *(.ARM.extab* .gnu.linkonce.armextab.*)
                0x0000000008000cb0                . = ALIGN (0x4)

.ARM            0x0000000008000cb0        0x0
                0x0000000008000cb0                . = ALIGN (0x4)
                0x0000000008000cb0                __exidx_start = .
 *(.ARM.exidx*)
                0x0000000008000cb0                __exidx_end = .
                0x0000000008000cb0                . = ALIGN (0x4)

.preinit_array  0x0000000008000cb0        0x0
                0x0000000008000cb0                . = ALIGN (0x4)
                0x0000000008000cb0                PROVIDE (__preinit_array_start = .)
 *(.preinit_array*)
                0x0000000008000cb0                PROVIDE (__preinit_array_end = .)
                0x0000000008000cb0                . = ALIGN (0x4)

.init_array     0x0000000008000cb0        0x4
                0x0000000008000cb0                . = ALIGN (0x4)
                0x0000000008000cb0                PROVIDE (__init_array_start = .)
 *(SORT_BY_NAME(.init_array.*))
 *(.init_array*)
 .init_array    0x0000000008000cb0        0x4 c:/st/stm32cubeide_1.4.0/stm32cubeide/plugins/com.st.stm32cube.ide.mcu.externaltools.gnu-tools-for-stm32.7-2018-q2-update.win32_1.4.0.202007081208/tools/bin/../lib/gcc/arm-none-eabi/7.3.1/thumb/v7-m/crtbegin.o
                0x0000000008000cb4                PROVIDE (__init_array_end = .)
                0x0000000008000cb4                . = ALIGN (0x4)

.fini_array     0x0000000008000cb4        0x4
                0x0000000008000cb4                . = ALIGN (0x4)
                [!provide]                        PROVIDE (__fini_array_start = .)
 *(SORT_BY_NAME(.fini_array.*))
 *(.fini_array*)
 .fini_array    0x0000000008000cb4        0x4 c:/st/stm32cubeide_1.4.0/stm32cubeide/plugins/com.st.stm32cube.ide.mcu.externaltools.gnu-tools-for-stm32.7-2018-q2-update.win32_1.4.0.202007081208/tools/bin/../lib/gcc/arm-none-eabi/7.3.1/thumb/v7-m/crtbegin.o
                [!provide]                        PROVIDE (__fini_array_end = .)
                0x0000000008000cb8                . = ALIGN (0x4)
                0x0000000008000cb8                _sidata = LOADADDR (.data)

.data           0x0000000020000000       0x20 load address 0x0000000008000cb8
                0x0000000020000000                . = ALIGN (0x4)
                0x0000000020000000                _sdata = .
 *(.data)
 *(.data*)
 .data.Keypad_Row
                0x0000000020000000       0x10 Stm32F103C6_Drivers/KEYPAD_Driver/KEYPAD.o
                0x0000000020000000                Keypad_Row
 .data.Keypad_Col
                0x0000000020000010       0x10 Stm32F103C6_Drivers/KEYPAD_Driver/KEYPAD.o
                0x0000000020000010                Keypad_Col
                0x0000000020000020                . = ALIGN (0x4)
                0x0000000020000020                _edata = .

.igot.plt       0x0000000020000020        0x0 load address 0x0000000008000cd8
 .igot.plt      0x0000000020000020        0x0 c:/st/stm32cubeide_1.4.0/stm32cubeide/plugins/com.st.stm32cube.ide.mcu.externaltools.gnu-tools-for-stm32.7-2018-q2-update.win32_1.4.0.202007081208/tools/bin/../lib/gcc/arm-none-eabi/7.3.1/thumb/v7-m/crtbegin.o
                0x0000000020000020                . = ALIGN (0x4)

.bss            0x0000000020000020       0x24 load address 0x0000000008000cd8
                0x0000000020000020                _sbss = .
                0x0000000020000020                __bss_start__ = _sbss
 *(.bss)
 .bss           0x0000000020000020       0x1c c:/st/stm32cubeide_1.4.0/stm32cubeide/plugins/com.st.stm32cube.ide.mcu.externaltools.gnu-tools-for-stm32.7-2018-q2-update.win32_1.4.0.202007081208/tools/bin/../lib/gcc/arm-none-eabi/7.3.1/thumb/v7-m/crtbegin.o
 *(.bss*)
 *(COMMON)
 COMMON         0x000000002000003c        0x6 Src/main.o
                0x000000002000003c                PINConf
                0x0000000020000044                . = ALIGN (0x4)
 *fill*         0x0000000020000042        0x2 
                0x0000000020000044                _ebss = .
                0x0000000020000044                __bss_end__ = _ebss

._user_heap_stack
                0x0000000020000044      0x604 load address 0x0000000008000cd8
                0x0000000020000048                . = ALIGN (0x8)
 *fill*         0x0000000020000044        0x4 
                [!provide]                        PROVIDE (end = .)
                0x0000000020000048                PROVIDE (_end = .)
                0x0000000020000248                . = (. + _Min_Heap_Size)
 *fill*         0x0000000020000048      0x200 
                0x0000000020000648                . = (. + _Min_Stack_Size)
 *fill*         0x0000000020000248      0x400 
                0x0000000020000648                . = ALIGN (0x8)

/DISCARD/
 libc.a(*)
 libm.a(*)
 libgcc.a(*)

.ARM.attributes
                0x0000000000000000       0x29
 *(.ARM.attributes)
 .ARM.attributes
                0x0000000000000000       0x1d c:/st/stm32cubeide_1.4.0/stm32cubeide/plugins/com.st.stm32cube.ide.mcu.externaltools.gnu-tools-for-stm32.7-2018-q2-update.win32_1.4.0.202007081208/tools/bin/../lib/gcc/arm-none-eabi/7.3.1/thumb/v7-m/crti.o
 .ARM.attributes
                0x000000000000001d       0x2d c:/st/stm32cubeide_1.4.0/stm32cubeide/plugins/com.st.stm32cube.ide.mcu.externaltools.gnu-tools-for-stm32.7-2018-q2-update.win32_1.4.0.202007081208/tools/bin/../lib/gcc/arm-none-eabi/7.3.1/thumb/v7-m/crtbegin.o
 .ARM.attributes
                0x000000000000004a       0x33 Src/main.o
 .ARM.attributes
                0x000000000000007d       0x21 Startup/startup_stm32f103c6tx.o
 .ARM.attributes
                0x000000000000009e       0x33 Stm32F103C6_Drivers/KEYPAD_Driver/KEYPAD.o
 .ARM.attributes
                0x00000000000000d1       0x33 Stm32F103C6_Drivers/LCD_Driver/LCD.o
 .ARM.attributes
                0x0000000000000104       0x33 Stm32F103C6_Drivers/Stm32F103C6_GPIO_Driver.o
 .ARM.attributes
                0x0000000000000137       0x2d c:/st/stm32cubeide_1.4.0/stm32cubeide/plugins/com.st.stm32cube.ide.mcu.externaltools.gnu-tools-for-stm32.7-2018-q2-update.win32_1.4.0.202007081208/tools/bin/../lib/gcc/arm-none-eabi/7.3.1/../../../../arm-none-eabi/lib/thumb/v7-m\libc_nano.a(lib_a-init.o)
 .ARM.attributes
                0x0000000000000164       0x1d c:/st/stm32cubeide_1.4.0/stm32cubeide/plugins/com.st.stm32cube.ide.mcu.externaltools.gnu-tools-for-stm32.7-2018-q2-update.win32_1.4.0.202007081208/tools/bin/../lib/gcc/arm-none-eabi/7.3.1/thumb/v7-m/crtn.o
OUTPUT(LCD_KEYBAD.elf elf32-littlearm)

.debug_info     0x0000000000000000     0x3007
 .debug_info    0x0000000000000000      0xbd2 Src/main.o
 .debug_info    0x0000000000000bd2       0x22 Startup/startup_stm32f103c6tx.o
 .debug_info    0x0000000000000bf4      0xaf6 Stm32F103C6_Drivers/KEYPAD_Driver/KEYPAD.o
 .debug_info    0x00000000000016ea      0xbc9 Stm32F103C6_Drivers/LCD_Driver/LCD.o
 .debug_info    0x00000000000022b3      0xd54 Stm32F103C6_Drivers/Stm32F103C6_GPIO_Driver.o

.debug_abbrev   0x0000000000000000      0x7c1
 .debug_abbrev  0x0000000000000000      0x1df Src/main.o
 .debug_abbrev  0x00000000000001df       0x12 Startup/startup_stm32f103c6tx.o
 .debug_abbrev  0x00000000000001f1      0x1aa Stm32F103C6_Drivers/KEYPAD_Driver/KEYPAD.o
 .debug_abbrev  0x000000000000039b      0x1f4 Stm32F103C6_Drivers/LCD_Driver/LCD.o
 .debug_abbrev  0x000000000000058f      0x232 Stm32F103C6_Drivers/Stm32F103C6_GPIO_Driver.o

.debug_loc      0x0000000000000000      0x6c4
 .debug_loc     0x0000000000000000       0xcc Src/main.o
 .debug_loc     0x00000000000000cc       0x7c Stm32F103C6_Drivers/KEYPAD_Driver/KEYPAD.o
 .debug_loc     0x0000000000000148      0x24c Stm32F103C6_Drivers/LCD_Driver/LCD.o
 .debug_loc     0x0000000000000394      0x330 Stm32F103C6_Drivers/Stm32F103C6_GPIO_Driver.o

.debug_aranges  0x0000000000000000      0x140
 .debug_aranges
                0x0000000000000000       0x30 Src/main.o
 .debug_aranges
                0x0000000000000030       0x28 Startup/startup_stm32f103c6tx.o
 .debug_aranges
                0x0000000000000058       0x28 Stm32F103C6_Drivers/KEYPAD_Driver/KEYPAD.o
 .debug_aranges
                0x0000000000000080       0x60 Stm32F103C6_Drivers/LCD_Driver/LCD.o
 .debug_aranges
                0x00000000000000e0       0x60 Stm32F103C6_Drivers/Stm32F103C6_GPIO_Driver.o

.debug_ranges   0x0000000000000000       0xf8
 .debug_ranges  0x0000000000000000       0x20 Src/main.o
 .debug_ranges  0x0000000000000020       0x20 Startup/startup_stm32f103c6tx.o
 .debug_ranges  0x0000000000000040       0x18 Stm32F103C6_Drivers/KEYPAD_Driver/KEYPAD.o
 .debug_ranges  0x0000000000000058       0x50 Stm32F103C6_Drivers/LCD_Driver/LCD.o
 .debug_ranges  0x00000000000000a8       0x50 Stm32F103C6_Drivers/Stm32F103C6_GPIO_Driver.o

.debug_macro    0x0000000000000000     0x1fb3
 .debug_macro   0x0000000000000000      0x191 Src/main.o
 .debug_macro   0x0000000000000191      0xa60 Src/main.o
 .debug_macro   0x0000000000000bf1       0x18 Src/main.o
 .debug_macro   0x0000000000000c09       0x22 Src/main.o
 .debug_macro   0x0000000000000c2b       0x40 Src/main.o
 .debug_macro   0x0000000000000c6b       0x94 Src/main.o
 .debug_macro   0x0000000000000cff       0x3c Src/main.o
 .debug_macro   0x0000000000000d3b       0x34 Src/main.o
 .debug_macro   0x0000000000000d6f       0x16 Src/main.o
 .debug_macro   0x0000000000000d85      0x10e Src/main.o
 .debug_macro   0x0000000000000e93       0x8d Src/main.o
 .debug_macro   0x0000000000000f20       0x57 Src/main.o
 .debug_macro   0x0000000000000f77       0x52 Src/main.o
 .debug_macro   0x0000000000000fc9       0x1f Src/main.o
 .debug_macro   0x0000000000000fe8       0x43 Src/main.o
 .debug_macro   0x000000000000102b       0x20 Src/main.o
 .debug_macro   0x000000000000104b      0x1a3 Src/main.o
 .debug_macro   0x00000000000011ee      0x330 Src/main.o
 .debug_macro   0x000000000000151e       0x16 Src/main.o
 .debug_macro   0x0000000000001534       0x29 Src/main.o
 .debug_macro   0x000000000000155d       0xef Src/main.o
 .debug_macro   0x000000000000164c       0x6a Src/main.o
 .debug_macro   0x00000000000016b6      0x1df Src/main.o
 .debug_macro   0x0000000000001895       0xb4 Src/main.o
 .debug_macro   0x0000000000001949       0xc4 Src/main.o
 .debug_macro   0x0000000000001a0d       0xa0 Src/main.o
 .debug_macro   0x0000000000001aad       0x40 Src/main.o
 .debug_macro   0x0000000000001aed      0x152 Stm32F103C6_Drivers/KEYPAD_Driver/KEYPAD.o
 .debug_macro   0x0000000000001c3f       0x3a Stm32F103C6_Drivers/KEYPAD_Driver/KEYPAD.o
 .debug_macro   0x0000000000001c79      0x157 Stm32F103C6_Drivers/LCD_Driver/LCD.o
 .debug_macro   0x0000000000001dd0       0x10 Stm32F103C6_Drivers/LCD_Driver/LCD.o
 .debug_macro   0x0000000000001de0       0x94 Stm32F103C6_Drivers/LCD_Driver/LCD.o
 .debug_macro   0x0000000000001e74      0x13f Stm32F103C6_Drivers/Stm32F103C6_GPIO_Driver.o

.debug_line     0x0000000000000000     0x1aa6
 .debug_line    0x0000000000000000      0x6a3 Src/main.o
 .debug_line    0x00000000000006a3       0x84 Startup/startup_stm32f103c6tx.o
 .debug_line    0x0000000000000727      0x666 Stm32F103C6_Drivers/KEYPAD_Driver/KEYPAD.o
 .debug_line    0x0000000000000d8d      0x68b Stm32F103C6_Drivers/LCD_Driver/LCD.o
 .debug_line    0x0000000000001418      0x68e Stm32F103C6_Drivers/Stm32F103C6_GPIO_Driver.o

.debug_str      0x0000000000000000     0x7b87
 .debug_str     0x0000000000000000     0x790a Src/main.o
                                       0x7b75 (size before relaxing)
 .debug_str     0x000000000000790a       0x31 Startup/startup_stm32f103c6tx.o
                                         0x7c (size before relaxing)
 .debug_str     0x000000000000793b       0x5e Stm32F103C6_Drivers/KEYPAD_Driver/KEYPAD.o
                                       0x7879 (size before relaxing)
 .debug_str     0x0000000000007999       0xf6 Stm32F103C6_Drivers/LCD_Driver/LCD.o
                                       0x7af1 (size before relaxing)
 .debug_str     0x0000000000007a8f       0xf8 Stm32F103C6_Drivers/Stm32F103C6_GPIO_Driver.o
                                       0x78c1 (size before relaxing)

.comment        0x0000000000000000       0x7b
 .comment       0x0000000000000000       0x7b Src/main.o
                                         0x7c (size before relaxing)
 .comment       0x000000000000007b       0x7c Stm32F103C6_Drivers/KEYPAD_Driver/KEYPAD.o
 .comment       0x000000000000007b       0x7c Stm32F103C6_Drivers/LCD_Driver/LCD.o
 .comment       0x000000000000007b       0x7c Stm32F103C6_Drivers/Stm32F103C6_GPIO_Driver.o

.debug_frame    0x0000000000000000      0x3a0
 .debug_frame   0x0000000000000000       0x74 Src/main.o
 .debug_frame   0x0000000000000074       0x50 Stm32F103C6_Drivers/KEYPAD_Driver/KEYPAD.o
 .debug_frame   0x00000000000000c4      0x138 Stm32F103C6_Drivers/LCD_Driver/LCD.o
 .debug_frame   0x00000000000001fc      0x178 Stm32F103C6_Drivers/Stm32F103C6_GPIO_Driver.o
 .debug_frame   0x0000000000000374       0x2c c:/st/stm32cubeide_1.4.0/stm32cubeide/plugins/com.st.stm32cube.ide.mcu.externaltools.gnu-tools-for-stm32.7-2018-q2-update.win32_1.4.0.202007081208/tools/bin/../lib/gcc/arm-none-eabi/7.3.1/../../../../arm-none-eabi/lib/thumb/v7-m\libc_nano.a(lib_a-init.o)
