02:40:41 **** Build of configuration Debug for project Lab1_stm32 ****
make -j12 all 
arm-none-eabi-gcc -gdwarf-2 -mcpu=cortex-m3 -g3 -c -x assembler-with-cpp -MMD -MP -MF"Startup/startup_stm32f103c6tx.d" -MT"Startup/startup_stm32f103c6tx.o" --specs=nano.specs -mfloat-abi=soft -mthumb -o "Startup/startup_stm32f103c6tx.o" "../Startup/startup_stm32f103c6tx.s"
arm-none-eabi-gcc -gdwarf-2 "../Src/main.c" -mcpu=cortex-m3 -std=gnu11 -g3 -DSTM32 -DSTM32F1 -DSTM32F103C6Tx -DDEBUG -c -I../Inc -O0 -ffunction-sections -fdata-sections -Wall -fstack-usage -MMD -MP -MF"Src/main.d" -MT"Src/main.o" --specs=nano.specs -mfloat-abi=soft -mthumb -o "Src/main.o"
arm-none-eabi-gcc -gdwarf-2 "../Src/syscalls.c" -mcpu=cortex-m3 -std=gnu11 -g3 -DSTM32 -DSTM32F1 -DSTM32F103C6Tx -DDEBUG -c -I../Inc -O0 -ffunction-sections -fdata-sections -Wall -fstack-usage -MMD -MP -MF"Src/syscalls.d" -MT"Src/syscalls.o" --specs=nano.specs -mfloat-abi=soft -mthumb -o "Src/syscalls.o"
arm-none-eabi-gcc -gdwarf-2 "../Src/sysmem.c" -mcpu=cortex-m3 -std=gnu11 -g3 -DSTM32 -DSTM32F1 -DSTM32F103C6Tx -DDEBUG -c -I../Inc -O0 -ffunction-sections -fdata-sections -Wall -fstack-usage -MMD -MP -MF"Src/sysmem.d" -MT"Src/sysmem.o" --specs=nano.specs -mfloat-abi=soft -mthumb -o "Src/sysmem.o"
arm-none-eabi-gcc -gdwarf-2 -o "Lab1_stm32.elf" @"objects.list"   -mcpu=cortex-m3 -T"D:\Embedded_System_Online_Diploma\Unit 7\Lesson 1\Lab1_stm32\STM32F103C6TX_FLASH.ld" --specs=nosys.specs -Wl,-Map="Lab1_stm32.map" -Wl,--gc-sections -static --specs=nano.specs -mfloat-abi=soft -mthumb -Wl,--start-group -lc -lm -Wl,--end-group
Finished building target: Lab1_stm32.elf
 
arm-none-eabi-size   Lab1_stm32.elf 
arm-none-eabi-objdump -h -S  Lab1_stm32.elf  > "Lab1_stm32.list"
arm-none-eabi-objcopy  -O binary  Lab1_stm32.elf  "Lab1_stm32.bin"
   text	   data	    bss	    dec	    hex	filename
    864	      8	   1568	   2440	    988	Lab1_stm32.elf
Finished building: default.size.stdout
 
Finished building: Lab1_stm32.bin
 
Finished building: Lab1_stm32.list
 
02:46:11 **** Incremental Build of configuration Debug for project Lab1_stm32 ****
make -j12 all 
arm-none-eabi-gcc -gdwarf-2 "../Src/main.c" -mcpu=cortex-m3 -std=gnu11 -g3 -DSTM32 -DSTM32F1 -DSTM32F103C6Tx -DDEBUG -c -I../Inc -O0 -ffunction-sections -fdata-sections -Wall -fstack-usage -MMD -MP -MF"Src/main.d" -MT"Src/main.o" --specs=nano.specs -mfloat-abi=soft -mthumb -o "Src/main.o"
arm-none-eabi-gcc -gdwarf-2 -o "Lab1_stm32.elf" @"objects.list"   -mcpu=cortex-m3 -T"D:\Embedded_System_Online_Diploma\Unit 7\Lesson 1\Lab1_stm32\STM32F103C6TX_FLASH.ld" --specs=nosys.specs -Wl,-Map="Lab1_stm32.map" -Wl,--gc-sections -static --specs=nano.specs -mfloat-abi=soft -mthumb -Wl,--start-group -lc -lm -Wl,--end-group
Finished building target: Lab1_stm32.elf
 
arm-none-eabi-objdump -h -S  Lab1_stm32.elf  > "Lab1_stm32.list"
arm-none-eabi-objcopy  -O binary  Lab1_stm32.elf  "Lab1_stm32.bin"
arm-none-eabi-size   Lab1_stm32.elf 
   text	   data	    bss	    dec	    hex	filename
    868	      8	   1568	   2444	    98c	Lab1_stm32.elf
Finished building: default.size.stdout
 
Finished building: Lab1_stm32.bin
Finished building: Lab1_stm32.list
 
 
02:47:51 **** Incremental Build of configuration Debug for project Lab1_stm32 ****
make -j12 all 
arm-none-eabi-gcc -gdwarf-2 "../Src/main.c" -mcpu=cortex-m3 -std=gnu11 -g3 -DSTM32 -DSTM32F1 -DSTM32F103C6Tx -DDEBUG -c -I../Inc -O0 -ffunction-sections -fdata-sections -Wall -fstack-usage -MMD -MP -MF"Src/main.d" -MT"Src/main.o" --specs=nano.specs -mfloat-abi=soft -mthumb -o "Src/main.o"
arm-none-eabi-gcc -gdwarf-2 -o "Lab1_stm32.elf" @"objects.list"   -mcpu=cortex-m3 -T"D:\Embedded_System_Online_Diploma\Unit 7\Lesson 1\Lab1_stm32\STM32F103C6TX_FLASH.ld" --specs=nosys.specs -Wl,-Map="Lab1_stm32.map" -Wl,--gc-sections -static --specs=nano.specs -mfloat-abi=soft -mthumb -Wl,--start-group -lc -lm -Wl,--end-group
Finished building target: Lab1_stm32.elf
 
arm-none-eabi-objdump -h -S  Lab1_stm32.elf  > "Lab1_stm32.list"
arm-none-eabi-objcopy  -O binary  Lab1_stm32.elf  "Lab1_stm32.bin"
arm-none-eabi-size   Lab1_stm32.elf 
   text	   data	    bss	    dec	    hex	filename
    868	      8	   1568	   2444	    98c	Lab1_stm32.elf
Finished building: default.size.stdout
 
Finished building: Lab1_stm32.list
Finished building: Lab1_stm32.bin
 
 
02:49:04 **** Incremental Build of configuration Debug for project Lab1_stm32 ****
make -j12 all 
arm-none-eabi-gcc -gdwarf-2 "../Src/main.c" -mcpu=cortex-m3 -std=gnu11 -g3 -DSTM32 -DSTM32F1 -DSTM32F103C6Tx -DDEBUG -c -I../Inc -O0 -ffunction-sections -fdata-sections -Wall -fstack-usage -MMD -MP -MF"Src/main.d" -MT"Src/main.o" --specs=nano.specs -mfloat-abi=soft -mthumb -o "Src/main.o"
arm-none-eabi-gcc -gdwarf-2 -o "Lab1_stm32.elf" @"objects.list"   -mcpu=cortex-m3 -T"D:\Embedded_System_Online_Diploma\Unit 7\Lesson 1\Lab1_stm32\STM32F103C6TX_FLASH.ld" --specs=nosys.specs -Wl,-Map="Lab1_stm32.map" -Wl,--gc-sections -static --specs=nano.specs -mfloat-abi=soft -mthumb -Wl,--start-group -lc -lm -Wl,--end-group
Finished building target: Lab1_stm32.elf
 
arm-none-eabi-objdump -h -S  Lab1_stm32.elf  > "Lab1_stm32.list"
arm-none-eabi-objcopy  -O binary  Lab1_stm32.elf  "Lab1_stm32.bin"
arm-none-eabi-size   Lab1_stm32.elf 
   text	   data	    bss	    dec	    hex	filename
    872	      8	   1568	   2448	    990	Lab1_stm32.elf
Finished building: default.size.stdout
 
Finished building: Lab1_stm32.bin
Finished building: Lab1_stm32.list
 
 
