16:11:36 **** Build of configuration Debug for project LCD_KEYBAD ****
make -j12 all 
arm-none-eabi-gcc -gdwarf-2 -mcpu=cortex-m3 -g3 -c -x assembler-with-cpp -MMD -MP -MF"Startup/startup_stm32f103c6tx.d" -MT"Startup/startup_stm32f103c6tx.o" --specs=nano.specs -mfloat-abi=soft -mthumb -o "Startup/startup_stm32f103c6tx.o" "../Startup/startup_stm32f103c6tx.s"
arm-none-eabi-gcc -gdwarf-2 "../Src/main.c" -mcpu=cortex-m3 -std=gnu11 -g3 -DSTM32 -DSTM32F1 -DSTM32F103C6Tx -DDEBUG -c -I"D:/Embedded_System_Online_Diploma/Unit 7/Lesson 3/Section/LCD_KEYBAD/Stm32F103C6_Drivers/LCD_Driver" -I../Inc -I"D:/Embedded_System_Online_Diploma/Unit 7/Lesson 3/Section/LCD_KEYBAD/Stm32F103C6_Drivers/Inc" -O0 -ffunction-sections -fdata-sections -Wall -fstack-usage -MMD -MP -MF"Src/main.d" -MT"Src/main.o" --specs=nano.specs -mfloat-abi=soft -mthumb -o "Src/main.o"
arm-none-eabi-gcc -gdwarf-2 "../Src/syscalls.c" -mcpu=cortex-m3 -std=gnu11 -g3 -DSTM32 -DSTM32F1 -DSTM32F103C6Tx -DDEBUG -c -I"D:/Embedded_System_Online_Diploma/Unit 7/Lesson 3/Section/LCD_KEYBAD/Stm32F103C6_Drivers/LCD_Driver" -I../Inc -I"D:/Embedded_System_Online_Diploma/Unit 7/Lesson 3/Section/LCD_KEYBAD/Stm32F103C6_Drivers/Inc" -O0 -ffunction-sections -fdata-sections -Wall -fstack-usage -MMD -MP -MF"Src/syscalls.d" -MT"Src/syscalls.o" --specs=nano.specs -mfloat-abi=soft -mthumb -o "Src/syscalls.o"
arm-none-eabi-gcc -gdwarf-2 "../Src/sysmem.c" -mcpu=cortex-m3 -std=gnu11 -g3 -DSTM32 -DSTM32F1 -DSTM32F103C6Tx -DDEBUG -c -I"D:/Embedded_System_Online_Diploma/Unit 7/Lesson 3/Section/LCD_KEYBAD/Stm32F103C6_Drivers/LCD_Driver" -I../Inc -I"D:/Embedded_System_Online_Diploma/Unit 7/Lesson 3/Section/LCD_KEYBAD/Stm32F103C6_Drivers/Inc" -O0 -ffunction-sections -fdata-sections -Wall -fstack-usage -MMD -MP -MF"Src/sysmem.d" -MT"Src/sysmem.o" --specs=nano.specs -mfloat-abi=soft -mthumb -o "Src/sysmem.o"
arm-none-eabi-gcc -gdwarf-2 -o "LCD_KEYBAD.elf" @"objects.list"   -mcpu=cortex-m3 -T"D:\Embedded_System_Online_Diploma\Unit 7\Lesson 3\Section\LCD_KEYBAD\STM32F103C6TX_FLASH.ld" --specs=nosys.specs -Wl,-Map="LCD_KEYBAD.map" -Wl,--gc-sections -static --specs=nano.specs -mfloat-abi=soft -mthumb -Wl,--start-group -lc -lm -Wl,--end-group
Finished building target: LCD_KEYBAD.elf
 
arm-none-eabi-size   LCD_KEYBAD.elf 
arm-none-eabi-objdump -h -S  LCD_KEYBAD.elf  > "LCD_KEYBAD.list"
arm-none-eabi-objcopy  -O ihex  LCD_KEYBAD.elf  "LCD_KEYBAD.hex"
arm-none-eabi-objcopy  -O binary  LCD_KEYBAD.elf  "LCD_KEYBAD.bin"
   text	   data	    bss	    dec	    hex	filename
    556	      8	   1568	   2132	    854	LCD_KEYBAD.elf
Finished building: default.size.stdout
 
Finished building: LCD_KEYBAD.list
Finished building: LCD_KEYBAD.hex
Finished building: LCD_KEYBAD.bin
 
 
 
16:12:01 **** Incremental Build of configuration Debug for project LCD_KEYBAD ****
make -j12 all 
arm-none-eabi-size   LCD_KEYBAD.elf 
   text	   data	    bss	    dec	    hex	filename
    556	      8	   1568	   2132	    854	LCD_KEYBAD.elf
Finished building: default.size.stdout
 
16:13:08 **** Incremental Build of configuration Debug for project LCD_KEYBAD ****
make -j12 all 
arm-none-eabi-gcc -gdwarf-2 "../Src/main.c" -mcpu=cortex-m3 -std=gnu11 -g3 -DSTM32 -DSTM32F1 -DSTM32F103C6Tx -DDEBUG -c -I"D:/Embedded_System_Online_Diploma/Unit 7/Lesson 3/Section/LCD_KEYBAD/Stm32F103C6_Drivers/LCD_Driver" -I../Inc -I"D:/Embedded_System_Online_Diploma/Unit 7/Lesson 3/Section/LCD_KEYBAD/Stm32F103C6_Drivers/Inc" -O0 -ffunction-sections -fdata-sections -Wall -fstack-usage -MMD -MP -MF"Src/main.d" -MT"Src/main.o" --specs=nano.specs -mfloat-abi=soft -mthumb -o "Src/main.o"
arm-none-eabi-gcc -gdwarf-2 -o "LCD_KEYBAD.elf" @"objects.list"   -mcpu=cortex-m3 -T"D:\Embedded_System_Online_Diploma\Unit 7\Lesson 3\Section\LCD_KEYBAD\STM32F103C6TX_FLASH.ld" --specs=nosys.specs -Wl,-Map="LCD_KEYBAD.map" -Wl,--gc-sections -static --specs=nano.specs -mfloat-abi=soft -mthumb -Wl,--start-group -lc -lm -Wl,--end-group
Src/main.o: In function `main':
D:/Embedded_System_Online_Diploma/Unit 7/Lesson 3/Section/LCD_KEYBAD/Debug/../Src/main.c:31: undefined reference to `LCD_init'
collect2.exe: error: ld returned 1 exit status
make: *** [makefile:52: LCD_KEYBAD.elf] Error 1
"make -j12 all" terminated with exit code 2. Build might be incomplete.
01:44:08 **** Incremental Build of configuration Debug for project LCD_KEYBAD ****
make -j12 all 
arm-none-eabi-gcc -gdwarf-2 "../Src/main.c" -mcpu=cortex-m3 -std=gnu11 -g3 -DSTM32 -DSTM32F1 -DSTM32F103C6Tx -DDEBUG -c -I"D:/Embedded_System_Online_Diploma/Unit 7/Lesson 3/Section/LCD_KEYBAD/Stm32F103C6_Drivers/LCD_Driver" -I../Inc -I"D:/Embedded_System_Online_Diploma/Unit 7/Lesson 3/Section/LCD_KEYBAD/Stm32F103C6_Drivers/Inc" -O0 -ffunction-sections -fdata-sections -Wall -fstack-usage -MMD -MP -MF"Src/main.d" -MT"Src/main.o" --specs=nano.specs -mfloat-abi=soft -mthumb -o "Src/main.o"
../Src/main.c: In function 'main':
../Src/main.c:35:3: warning: implicit declaration of function '_delay_ms' [-Wimplicit-function-declaration]
   _delay_ms(500);
   ^~~~~~~~~
arm-none-eabi-gcc -gdwarf-2 -o "LCD_KEYBAD.elf" @"objects.list"   -mcpu=cortex-m3 -T"D:\Embedded_System_Online_Diploma\Unit 7\Lesson 3\Section\LCD_KEYBAD\STM32F103C6TX_FLASH.ld" --specs=nosys.specs -Wl,-Map="LCD_KEYBAD.map" -Wl,--gc-sections -static --specs=nano.specs -mfloat-abi=soft -mthumb -Wl,--start-group -lc -lm -Wl,--end-group
Src/main.o: In function `main':
D:/Embedded_System_Online_Diploma/Unit 7/Lesson 3/Section/LCD_KEYBAD/Debug/../Src/main.c:31: undefined reference to `LCD_init'
D:/Embedded_System_Online_Diploma/Unit 7/Lesson 3/Section/LCD_KEYBAD/Debug/../Src/main.c:34: undefined reference to `LCD_WRITE_CHAR'
D:/Embedded_System_Online_Diploma/Unit 7/Lesson 3/Section/LCD_KEYBAD/Debug/../Src/main.c:35: undefined reference to `_delay_ms'
D:/Embedded_System_Online_Diploma/Unit 7/Lesson 3/Section/LCD_KEYBAD/Debug/../Src/main.c:36: undefined reference to `LCD_WRITE_CHAR'
D:/Embedded_System_Online_Diploma/Unit 7/Lesson 3/Section/LCD_KEYBAD/Debug/../Src/main.c:37: undefined reference to `_delay_ms'
D:/Embedded_System_Online_Diploma/Unit 7/Lesson 3/Section/LCD_KEYBAD/Debug/../Src/main.c:38: undefined reference to `LCD_clear_screen'
D:/Embedded_System_Online_Diploma/Unit 7/Lesson 3/Section/LCD_KEYBAD/Debug/../Src/main.c:39: undefined reference to `_delay_ms'
D:/Embedded_System_Online_Diploma/Unit 7/Lesson 3/Section/LCD_KEYBAD/Debug/../Src/main.c:40: undefined reference to `LCD_WRITE_STRING'
D:/Embedded_System_Online_Diploma/Unit 7/Lesson 3/Section/LCD_KEYBAD/Debug/../Src/main.c:41: undefined reference to `_delay_ms'
D:/Embedded_System_Online_Diploma/Unit 7/Lesson 3/Section/LCD_KEYBAD/Debug/../Src/main.c:42: undefined reference to `LCD_clear_screen'
D:/Embedded_System_Online_Diploma/Unit 7/Lesson 3/Section/LCD_KEYBAD/Debug/../Src/main.c:43: undefined reference to `_delay_ms'
collect2.exe: error: ld returned 1 exit status
make: *** [makefile:52: LCD_KEYBAD.elf] Error 1
"make -j12 all" terminated with exit code 2. Build might be incomplete.
01:46:27 **** Incremental Build of configuration Debug for project LCD_KEYBAD ****
make -j12 all 
arm-none-eabi-gcc -gdwarf-2 "../Src/main.c" -mcpu=cortex-m3 -std=gnu11 -g3 -DSTM32 -DSTM32F1 -DSTM32F103C6Tx -DDEBUG -c -I"D:/Embedded_System_Online_Diploma/Unit 7/Lesson 3/Section/LCD_KEYBAD/Stm32F103C6_Drivers/LCD_Driver/Inc" -I../Inc -I"D:/Embedded_System_Online_Diploma/Unit 7/Lesson 3/Section/LCD_KEYBAD/Stm32F103C6_Drivers/Inc" -O0 -ffunction-sections -fdata-sections -Wall -fstack-usage -MMD -MP -MF"Src/main.d" -MT"Src/main.o" --specs=nano.specs -mfloat-abi=soft -mthumb -o "Src/main.o"
arm-none-eabi-gcc -gdwarf-2 "../Src/syscalls.c" -mcpu=cortex-m3 -std=gnu11 -g3 -DSTM32 -DSTM32F1 -DSTM32F103C6Tx -DDEBUG -c -I"D:/Embedded_System_Online_Diploma/Unit 7/Lesson 3/Section/LCD_KEYBAD/Stm32F103C6_Drivers/LCD_Driver/Inc" -I../Inc -I"D:/Embedded_System_Online_Diploma/Unit 7/Lesson 3/Section/LCD_KEYBAD/Stm32F103C6_Drivers/Inc" -O0 -ffunction-sections -fdata-sections -Wall -fstack-usage -MMD -MP -MF"Src/syscalls.d" -MT"Src/syscalls.o" --specs=nano.specs -mfloat-abi=soft -mthumb -o "Src/syscalls.o"
arm-none-eabi-gcc -gdwarf-2 "../Src/sysmem.c" -mcpu=cortex-m3 -std=gnu11 -g3 -DSTM32 -DSTM32F1 -DSTM32F103C6Tx -DDEBUG -c -I"D:/Embedded_System_Online_Diploma/Unit 7/Lesson 3/Section/LCD_KEYBAD/Stm32F103C6_Drivers/LCD_Driver/Inc" -I../Inc -I"D:/Embedded_System_Online_Diploma/Unit 7/Lesson 3/Section/LCD_KEYBAD/Stm32F103C6_Drivers/Inc" -O0 -ffunction-sections -fdata-sections -Wall -fstack-usage -MMD -MP -MF"Src/sysmem.d" -MT"Src/sysmem.o" --specs=nano.specs -mfloat-abi=soft -mthumb -o "Src/sysmem.o"
../Src/main.c:26:10: fatal error: Inc/LCD.h: No such file or directory
 #include <Inc/LCD.h>
          ^~~~~~~~~~~
compilation terminated.
make: *** [Src/subdir.mk:24: Src/main.o] Error 1
make: *** Waiting for unfinished jobs....
"make -j12 all" terminated with exit code 2. Build might be incomplete.
01:46:34 **** Incremental Build of configuration Debug for project LCD_KEYBAD ****
make -j12 all 
arm-none-eabi-gcc -gdwarf-2 "../Src/main.c" -mcpu=cortex-m3 -std=gnu11 -g3 -DSTM32 -DSTM32F1 -DSTM32F103C6Tx -DDEBUG -c -I"D:/Embedded_System_Online_Diploma/Unit 7/Lesson 3/Section/LCD_KEYBAD/Stm32F103C6_Drivers/LCD_Driver/Inc" -I../Inc -I"D:/Embedded_System_Online_Diploma/Unit 7/Lesson 3/Section/LCD_KEYBAD/Stm32F103C6_Drivers/Inc" -O0 -ffunction-sections -fdata-sections -Wall -fstack-usage -MMD -MP -MF"Src/main.d" -MT"Src/main.o" --specs=nano.specs -mfloat-abi=soft -mthumb -o "Src/main.o"
../Src/main.c: In function 'main':
../Src/main.c:35:3: warning: implicit declaration of function '_delay_ms' [-Wimplicit-function-declaration]
   _delay_ms(500);
   ^~~~~~~~~
arm-none-eabi-gcc -gdwarf-2 -o "LCD_KEYBAD.elf" @"objects.list"   -mcpu=cortex-m3 -T"D:\Embedded_System_Online_Diploma\Unit 7\Lesson 3\Section\LCD_KEYBAD\STM32F103C6TX_FLASH.ld" --specs=nosys.specs -Wl,-Map="LCD_KEYBAD.map" -Wl,--gc-sections -static --specs=nano.specs -mfloat-abi=soft -mthumb -Wl,--start-group -lc -lm -Wl,--end-group
Src/main.o: In function `main':
D:/Embedded_System_Online_Diploma/Unit 7/Lesson 3/Section/LCD_KEYBAD/Debug/../Src/main.c:31: undefined reference to `LCD_init'
D:/Embedded_System_Online_Diploma/Unit 7/Lesson 3/Section/LCD_KEYBAD/Debug/../Src/main.c:34: undefined reference to `LCD_WRITE_CHAR'
D:/Embedded_System_Online_Diploma/Unit 7/Lesson 3/Section/LCD_KEYBAD/Debug/../Src/main.c:35: undefined reference to `_delay_ms'
D:/Embedded_System_Online_Diploma/Unit 7/Lesson 3/Section/LCD_KEYBAD/Debug/../Src/main.c:36: undefined reference to `LCD_WRITE_CHAR'
D:/Embedded_System_Online_Diploma/Unit 7/Lesson 3/Section/LCD_KEYBAD/Debug/../Src/main.c:37: undefined reference to `_delay_ms'
D:/Embedded_System_Online_Diploma/Unit 7/Lesson 3/Section/LCD_KEYBAD/Debug/../Src/main.c:38: undefined reference to `LCD_clear_screen'
D:/Embedded_System_Online_Diploma/Unit 7/Lesson 3/Section/LCD_KEYBAD/Debug/../Src/main.c:39: undefined reference to `_delay_ms'
D:/Embedded_System_Online_Diploma/Unit 7/Lesson 3/Section/LCD_KEYBAD/Debug/../Src/main.c:40: undefined reference to `LCD_WRITE_STRING'
D:/Embedded_System_Online_Diploma/Unit 7/Lesson 3/Section/LCD_KEYBAD/Debug/../Src/main.c:41: undefined reference to `_delay_ms'
D:/Embedded_System_Online_Diploma/Unit 7/Lesson 3/Section/LCD_KEYBAD/Debug/../Src/main.c:42: undefined reference to `LCD_clear_screen'
D:/Embedded_System_Online_Diploma/Unit 7/Lesson 3/Section/LCD_KEYBAD/Debug/../Src/main.c:43: undefined reference to `_delay_ms'
collect2.exe: error: ld returned 1 exit status
make: *** [makefile:52: LCD_KEYBAD.elf] Error 1
"make -j12 all" terminated with exit code 2. Build might be incomplete.
01:52:54 **** Incremental Build of configuration Debug for project LCD_KEYBAD ****
make -j12 all 
arm-none-eabi-gcc -gdwarf-2 -o "LCD_KEYBAD.elf" @"objects.list"   -mcpu=cortex-m3 -T"D:\Embedded_System_Online_Diploma\Unit 7\Lesson 3\Section\LCD_KEYBAD\STM32F103C6TX_FLASH.ld" --specs=nosys.specs -Wl,-Map="LCD_KEYBAD.map" -Wl,--gc-sections -static --specs=nano.specs -mfloat-abi=soft -mthumb -Wl,--start-group -lc -lm -Wl,--end-group
Src/main.o: In function `main':
D:/Embedded_System_Online_Diploma/Unit 7/Lesson 3/Section/LCD_KEYBAD/Debug/../Src/main.c:31: undefined reference to `LCD_init'
D:/Embedded_System_Online_Diploma/Unit 7/Lesson 3/Section/LCD_KEYBAD/Debug/../Src/main.c:34: undefined reference to `LCD_WRITE_CHAR'
D:/Embedded_System_Online_Diploma/Unit 7/Lesson 3/Section/LCD_KEYBAD/Debug/../Src/main.c:35: undefined reference to `_delay_ms'
D:/Embedded_System_Online_Diploma/Unit 7/Lesson 3/Section/LCD_KEYBAD/Debug/../Src/main.c:36: undefined reference to `LCD_WRITE_CHAR'
D:/Embedded_System_Online_Diploma/Unit 7/Lesson 3/Section/LCD_KEYBAD/Debug/../Src/main.c:37: undefined reference to `_delay_ms'
D:/Embedded_System_Online_Diploma/Unit 7/Lesson 3/Section/LCD_KEYBAD/Debug/../Src/main.c:38: undefined reference to `LCD_clear_screen'
D:/Embedded_System_Online_Diploma/Unit 7/Lesson 3/Section/LCD_KEYBAD/Debug/../Src/main.c:39: undefined reference to `_delay_ms'
D:/Embedded_System_Online_Diploma/Unit 7/Lesson 3/Section/LCD_KEYBAD/Debug/../Src/main.c:40: undefined reference to `LCD_WRITE_STRING'
D:/Embedded_System_Online_Diploma/Unit 7/Lesson 3/Section/LCD_KEYBAD/Debug/../Src/main.c:41: undefined reference to `_delay_ms'
D:/Embedded_System_Online_Diploma/Unit 7/Lesson 3/Section/LCD_KEYBAD/Debug/../Src/main.c:42: undefined reference to `LCD_clear_screen'
D:/Embedded_System_Online_Diploma/Unit 7/Lesson 3/Section/LCD_KEYBAD/Debug/../Src/main.c:43: undefined reference to `_delay_ms'
collect2.exe: error: ld returned 1 exit status
make: *** [makefile:52: LCD_KEYBAD.elf] Error 1
"make -j12 all" terminated with exit code 2. Build might be incomplete.
01:53:32 **** Incremental Build of configuration Debug for project LCD_KEYBAD ****
make -j12 all 
arm-none-eabi-gcc -gdwarf-2 "../Src/main.c" -mcpu=cortex-m3 -std=gnu11 -g3 -DSTM32 -DSTM32F1 -DSTM32F103C6Tx -DDEBUG -c -I"D:/Embedded_System_Online_Diploma/Unit 7/Lesson 3/Section/LCD_KEYBAD/Stm32F103C6_Drivers/LCD_Driver/Inc" -I"D:/Embedded_System_Online_Diploma/Unit 7/Lesson 3/Section/LCD_KEYBAD/Stm32F103C6_Drivers/LCD_Driver" -I../Inc -I"D:/Embedded_System_Online_Diploma/Unit 7/Lesson 3/Section/LCD_KEYBAD/Stm32F103C6_Drivers/Inc" -O0 -ffunction-sections -fdata-sections -Wall -fstack-usage -MMD -MP -MF"Src/main.d" -MT"Src/main.o" --specs=nano.specs -mfloat-abi=soft -mthumb -o "Src/main.o"
arm-none-eabi-gcc -gdwarf-2 "../Src/syscalls.c" -mcpu=cortex-m3 -std=gnu11 -g3 -DSTM32 -DSTM32F1 -DSTM32F103C6Tx -DDEBUG -c -I"D:/Embedded_System_Online_Diploma/Unit 7/Lesson 3/Section/LCD_KEYBAD/Stm32F103C6_Drivers/LCD_Driver/Inc" -I"D:/Embedded_System_Online_Diploma/Unit 7/Lesson 3/Section/LCD_KEYBAD/Stm32F103C6_Drivers/LCD_Driver" -I../Inc -I"D:/Embedded_System_Online_Diploma/Unit 7/Lesson 3/Section/LCD_KEYBAD/Stm32F103C6_Drivers/Inc" -O0 -ffunction-sections -fdata-sections -Wall -fstack-usage -MMD -MP -MF"Src/syscalls.d" -MT"Src/syscalls.o" --specs=nano.specs -mfloat-abi=soft -mthumb -o "Src/syscalls.o"
arm-none-eabi-gcc -gdwarf-2 "../Src/sysmem.c" -mcpu=cortex-m3 -std=gnu11 -g3 -DSTM32 -DSTM32F1 -DSTM32F103C6Tx -DDEBUG -c -I"D:/Embedded_System_Online_Diploma/Unit 7/Lesson 3/Section/LCD_KEYBAD/Stm32F103C6_Drivers/LCD_Driver/Inc" -I"D:/Embedded_System_Online_Diploma/Unit 7/Lesson 3/Section/LCD_KEYBAD/Stm32F103C6_Drivers/LCD_Driver" -I../Inc -I"D:/Embedded_System_Online_Diploma/Unit 7/Lesson 3/Section/LCD_KEYBAD/Stm32F103C6_Drivers/Inc" -O0 -ffunction-sections -fdata-sections -Wall -fstack-usage -MMD -MP -MF"Src/sysmem.d" -MT"Src/sysmem.o" --specs=nano.specs -mfloat-abi=soft -mthumb -o "Src/sysmem.o"
../Src/main.c: In function 'main':
../Src/main.c:35:3: warning: implicit declaration of function '_delay_ms' [-Wimplicit-function-declaration]
   _delay_ms(500);
   ^~~~~~~~~
arm-none-eabi-gcc -gdwarf-2 -o "LCD_KEYBAD.elf" @"objects.list"   -mcpu=cortex-m3 -T"D:\Embedded_System_Online_Diploma\Unit 7\Lesson 3\Section\LCD_KEYBAD\STM32F103C6TX_FLASH.ld" --specs=nosys.specs -Wl,-Map="LCD_KEYBAD.map" -Wl,--gc-sections -static --specs=nano.specs -mfloat-abi=soft -mthumb -Wl,--start-group -lc -lm -Wl,--end-group
Src/main.o: In function `main':
D:/Embedded_System_Online_Diploma/Unit 7/Lesson 3/Section/LCD_KEYBAD/Debug/../Src/main.c:31: undefined reference to `LCD_init'
D:/Embedded_System_Online_Diploma/Unit 7/Lesson 3/Section/LCD_KEYBAD/Debug/../Src/main.c:34: undefined reference to `LCD_WRITE_CHAR'
D:/Embedded_System_Online_Diploma/Unit 7/Lesson 3/Section/LCD_KEYBAD/Debug/../Src/main.c:35: undefined reference to `_delay_ms'
D:/Embedded_System_Online_Diploma/Unit 7/Lesson 3/Section/LCD_KEYBAD/Debug/../Src/main.c:36: undefined reference to `LCD_WRITE_CHAR'
D:/Embedded_System_Online_Diploma/Unit 7/Lesson 3/Section/LCD_KEYBAD/Debug/../Src/main.c:37: undefined reference to `_delay_ms'
D:/Embedded_System_Online_Diploma/Unit 7/Lesson 3/Section/LCD_KEYBAD/Debug/../Src/main.c:38: undefined reference to `LCD_clear_screen'
D:/Embedded_System_Online_Diploma/Unit 7/Lesson 3/Section/LCD_KEYBAD/Debug/../Src/main.c:39: undefined reference to `_delay_ms'
D:/Embedded_System_Online_Diploma/Unit 7/Lesson 3/Section/LCD_KEYBAD/Debug/../Src/main.c:40: undefined reference to `LCD_WRITE_STRING'
D:/Embedded_System_Online_Diploma/Unit 7/Lesson 3/Section/LCD_KEYBAD/Debug/../Src/main.c:41: undefined reference to `_delay_ms'
D:/Embedded_System_Online_Diploma/Unit 7/Lesson 3/Section/LCD_KEYBAD/Debug/../Src/main.c:42: undefined reference to `LCD_clear_screen'
D:/Embedded_System_Online_Diploma/Unit 7/Lesson 3/Section/LCD_KEYBAD/Debug/../Src/main.c:43: undefined reference to `_delay_ms'
collect2.exe: error: ld returned 1 exit status
make: *** [makefile:52: LCD_KEYBAD.elf] Error 1
"make -j12 all" terminated with exit code 2. Build might be incomplete.
01:54:35 **** Incremental Build of configuration Debug for project LCD_KEYBAD ****
make -j12 all 
arm-none-eabi-gcc -gdwarf-2 -o "LCD_KEYBAD.elf" @"objects.list"   -mcpu=cortex-m3 -T"D:\Embedded_System_Online_Diploma\Unit 7\Lesson 3\Section\LCD_KEYBAD\STM32F103C6TX_FLASH.ld" --specs=nosys.specs -Wl,-Map="LCD_KEYBAD.map" -Wl,--gc-sections -static --specs=nano.specs -mfloat-abi=soft -mthumb -Wl,--start-group -lc -lm -Wl,--end-group
Src/main.o: In function `main':
D:/Embedded_System_Online_Diploma/Unit 7/Lesson 3/Section/LCD_KEYBAD/Debug/../Src/main.c:31: undefined reference to `LCD_init'
D:/Embedded_System_Online_Diploma/Unit 7/Lesson 3/Section/LCD_KEYBAD/Debug/../Src/main.c:34: undefined reference to `LCD_WRITE_CHAR'
D:/Embedded_System_Online_Diploma/Unit 7/Lesson 3/Section/LCD_KEYBAD/Debug/../Src/main.c:35: undefined reference to `_delay_ms'
D:/Embedded_System_Online_Diploma/Unit 7/Lesson 3/Section/LCD_KEYBAD/Debug/../Src/main.c:36: undefined reference to `LCD_WRITE_CHAR'
D:/Embedded_System_Online_Diploma/Unit 7/Lesson 3/Section/LCD_KEYBAD/Debug/../Src/main.c:37: undefined reference to `_delay_ms'
D:/Embedded_System_Online_Diploma/Unit 7/Lesson 3/Section/LCD_KEYBAD/Debug/../Src/main.c:38: undefined reference to `LCD_clear_screen'
D:/Embedded_System_Online_Diploma/Unit 7/Lesson 3/Section/LCD_KEYBAD/Debug/../Src/main.c:39: undefined reference to `_delay_ms'
D:/Embedded_System_Online_Diploma/Unit 7/Lesson 3/Section/LCD_KEYBAD/Debug/../Src/main.c:40: undefined reference to `LCD_WRITE_STRING'
D:/Embedded_System_Online_Diploma/Unit 7/Lesson 3/Section/LCD_KEYBAD/Debug/../Src/main.c:41: undefined reference to `_delay_ms'
D:/Embedded_System_Online_Diploma/Unit 7/Lesson 3/Section/LCD_KEYBAD/Debug/../Src/main.c:42: undefined reference to `LCD_clear_screen'
D:/Embedded_System_Online_Diploma/Unit 7/Lesson 3/Section/LCD_KEYBAD/Debug/../Src/main.c:43: undefined reference to `_delay_ms'
collect2.exe: error: ld returned 1 exit status
make: *** [makefile:52: LCD_KEYBAD.elf] Error 1
"make -j12 all" terminated with exit code 2. Build might be incomplete.
01:55:02 **** Incremental Build of configuration Debug for project LCD_KEYBAD ****
make -j12 all 
arm-none-eabi-gcc -gdwarf-2 -o "LCD_KEYBAD.elf" @"objects.list"   -mcpu=cortex-m3 -T"D:\Embedded_System_Online_Diploma\Unit 7\Lesson 3\Section\LCD_KEYBAD\STM32F103C6TX_FLASH.ld" --specs=nosys.specs -Wl,-Map="LCD_KEYBAD.map" -Wl,--gc-sections -static --specs=nano.specs -mfloat-abi=soft -mthumb -Wl,--start-group -lc -lm -Wl,--end-group
Src/main.o: In function `main':
D:/Embedded_System_Online_Diploma/Unit 7/Lesson 3/Section/LCD_KEYBAD/Debug/../Src/main.c:31: undefined reference to `LCD_init'
D:/Embedded_System_Online_Diploma/Unit 7/Lesson 3/Section/LCD_KEYBAD/Debug/../Src/main.c:34: undefined reference to `LCD_WRITE_CHAR'
D:/Embedded_System_Online_Diploma/Unit 7/Lesson 3/Section/LCD_KEYBAD/Debug/../Src/main.c:35: undefined reference to `_delay_ms'
D:/Embedded_System_Online_Diploma/Unit 7/Lesson 3/Section/LCD_KEYBAD/Debug/../Src/main.c:36: undefined reference to `LCD_WRITE_CHAR'
D:/Embedded_System_Online_Diploma/Unit 7/Lesson 3/Section/LCD_KEYBAD/Debug/../Src/main.c:37: undefined reference to `_delay_ms'
D:/Embedded_System_Online_Diploma/Unit 7/Lesson 3/Section/LCD_KEYBAD/Debug/../Src/main.c:38: undefined reference to `LCD_clear_screen'
D:/Embedded_System_Online_Diploma/Unit 7/Lesson 3/Section/LCD_KEYBAD/Debug/../Src/main.c:39: undefined reference to `_delay_ms'
D:/Embedded_System_Online_Diploma/Unit 7/Lesson 3/Section/LCD_KEYBAD/Debug/../Src/main.c:40: undefined reference to `LCD_WRITE_STRING'
D:/Embedded_System_Online_Diploma/Unit 7/Lesson 3/Section/LCD_KEYBAD/Debug/../Src/main.c:41: undefined reference to `_delay_ms'
D:/Embedded_System_Online_Diploma/Unit 7/Lesson 3/Section/LCD_KEYBAD/Debug/../Src/main.c:42: undefined reference to `LCD_clear_screen'
D:/Embedded_System_Online_Diploma/Unit 7/Lesson 3/Section/LCD_KEYBAD/Debug/../Src/main.c:43: undefined reference to `_delay_ms'
collect2.exe: error: ld returned 1 exit status
make: *** [makefile:52: LCD_KEYBAD.elf] Error 1
"make -j12 all" terminated with exit code 2. Build might be incomplete.
01:56:21 **** Incremental Build of configuration Debug for project LCD_KEYBAD ****
make -j12 all 
arm-none-eabi-gcc -gdwarf-2 "../Src/main.c" -mcpu=cortex-m3 -std=gnu11 -g3 -DSTM32 -DSTM32F1 -DSTM32F103C6Tx -DDEBUG -c -I"D:/Embedded_System_Online_Diploma/Unit 7/Lesson 3/Section/LCD_KEYBAD/LCD_Driver/Inc" -I../Inc -I"D:/Embedded_System_Online_Diploma/Unit 7/Lesson 3/Section/LCD_KEYBAD/Stm32F103C6_Drivers/Inc" -O0 -ffunction-sections -fdata-sections -Wall -fstack-usage -MMD -MP -MF"Src/main.d" -MT"Src/main.o" --specs=nano.specs -mfloat-abi=soft -mthumb -o "Src/main.o"
arm-none-eabi-gcc -gdwarf-2 "../Src/syscalls.c" -mcpu=cortex-m3 -std=gnu11 -g3 -DSTM32 -DSTM32F1 -DSTM32F103C6Tx -DDEBUG -c -I"D:/Embedded_System_Online_Diploma/Unit 7/Lesson 3/Section/LCD_KEYBAD/LCD_Driver/Inc" -I../Inc -I"D:/Embedded_System_Online_Diploma/Unit 7/Lesson 3/Section/LCD_KEYBAD/Stm32F103C6_Drivers/Inc" -O0 -ffunction-sections -fdata-sections -Wall -fstack-usage -MMD -MP -MF"Src/syscalls.d" -MT"Src/syscalls.o" --specs=nano.specs -mfloat-abi=soft -mthumb -o "Src/syscalls.o"
arm-none-eabi-gcc -gdwarf-2 "../Src/sysmem.c" -mcpu=cortex-m3 -std=gnu11 -g3 -DSTM32 -DSTM32F1 -DSTM32F103C6Tx -DDEBUG -c -I"D:/Embedded_System_Online_Diploma/Unit 7/Lesson 3/Section/LCD_KEYBAD/LCD_Driver/Inc" -I../Inc -I"D:/Embedded_System_Online_Diploma/Unit 7/Lesson 3/Section/LCD_KEYBAD/Stm32F103C6_Drivers/Inc" -O0 -ffunction-sections -fdata-sections -Wall -fstack-usage -MMD -MP -MF"Src/sysmem.d" -MT"Src/sysmem.o" --specs=nano.specs -mfloat-abi=soft -mthumb -o "Src/sysmem.o"
../Src/main.c: In function 'main':
../Src/main.c:35:3: warning: implicit declaration of function '_delay_ms' [-Wimplicit-function-declaration]
   _delay_ms(500);
   ^~~~~~~~~
arm-none-eabi-gcc -gdwarf-2 -o "LCD_KEYBAD.elf" @"objects.list"   -mcpu=cortex-m3 -T"D:\Embedded_System_Online_Diploma\Unit 7\Lesson 3\Section\LCD_KEYBAD\STM32F103C6TX_FLASH.ld" --specs=nosys.specs -Wl,-Map="LCD_KEYBAD.map" -Wl,--gc-sections -static --specs=nano.specs -mfloat-abi=soft -mthumb -Wl,--start-group -lc -lm -Wl,--end-group
Src/main.o: In function `main':
D:/Embedded_System_Online_Diploma/Unit 7/Lesson 3/Section/LCD_KEYBAD/Debug/../Src/main.c:31: undefined reference to `LCD_init'
D:/Embedded_System_Online_Diploma/Unit 7/Lesson 3/Section/LCD_KEYBAD/Debug/../Src/main.c:34: undefined reference to `LCD_WRITE_CHAR'
D:/Embedded_System_Online_Diploma/Unit 7/Lesson 3/Section/LCD_KEYBAD/Debug/../Src/main.c:35: undefined reference to `_delay_ms'
D:/Embedded_System_Online_Diploma/Unit 7/Lesson 3/Section/LCD_KEYBAD/Debug/../Src/main.c:36: undefined reference to `LCD_WRITE_CHAR'
D:/Embedded_System_Online_Diploma/Unit 7/Lesson 3/Section/LCD_KEYBAD/Debug/../Src/main.c:37: undefined reference to `_delay_ms'
D:/Embedded_System_Online_Diploma/Unit 7/Lesson 3/Section/LCD_KEYBAD/Debug/../Src/main.c:38: undefined reference to `LCD_clear_screen'
D:/Embedded_System_Online_Diploma/Unit 7/Lesson 3/Section/LCD_KEYBAD/Debug/../Src/main.c:39: undefined reference to `_delay_ms'
D:/Embedded_System_Online_Diploma/Unit 7/Lesson 3/Section/LCD_KEYBAD/Debug/../Src/main.c:40: undefined reference to `LCD_WRITE_STRING'
D:/Embedded_System_Online_Diploma/Unit 7/Lesson 3/Section/LCD_KEYBAD/Debug/../Src/main.c:41: undefined reference to `_delay_ms'
D:/Embedded_System_Online_Diploma/Unit 7/Lesson 3/Section/LCD_KEYBAD/Debug/../Src/main.c:42: undefined reference to `LCD_clear_screen'
D:/Embedded_System_Online_Diploma/Unit 7/Lesson 3/Section/LCD_KEYBAD/Debug/../Src/main.c:43: undefined reference to `_delay_ms'
collect2.exe: error: ld returned 1 exit status
make: *** [makefile:52: LCD_KEYBAD.elf] Error 1
"make -j12 all" terminated with exit code 2. Build might be incomplete.
01:58:24 **** Incremental Build of configuration Debug for project LCD_KEYBAD ****
make -j12 all 
arm-none-eabi-gcc -gdwarf-2 -o "LCD_KEYBAD.elf" @"objects.list"   -mcpu=cortex-m3 -T"D:\Embedded_System_Online_Diploma\Unit 7\Lesson 3\Section\LCD_KEYBAD\STM32F103C6TX_FLASH.ld" --specs=nosys.specs -Wl,-Map="LCD_KEYBAD.map" -Wl,--gc-sections -static --specs=nano.specs -mfloat-abi=soft -mthumb -Wl,--start-group -lc -lm -Wl,--end-group
Src/main.o: In function `main':
D:/Embedded_System_Online_Diploma/Unit 7/Lesson 3/Section/LCD_KEYBAD/Debug/../Src/main.c:31: undefined reference to `LCD_init'
D:/Embedded_System_Online_Diploma/Unit 7/Lesson 3/Section/LCD_KEYBAD/Debug/../Src/main.c:34: undefined reference to `LCD_WRITE_CHAR'
D:/Embedded_System_Online_Diploma/Unit 7/Lesson 3/Section/LCD_KEYBAD/Debug/../Src/main.c:35: undefined reference to `_delay_ms'
D:/Embedded_System_Online_Diploma/Unit 7/Lesson 3/Section/LCD_KEYBAD/Debug/../Src/main.c:36: undefined reference to `LCD_WRITE_CHAR'
D:/Embedded_System_Online_Diploma/Unit 7/Lesson 3/Section/LCD_KEYBAD/Debug/../Src/main.c:37: undefined reference to `_delay_ms'
D:/Embedded_System_Online_Diploma/Unit 7/Lesson 3/Section/LCD_KEYBAD/Debug/../Src/main.c:38: undefined reference to `LCD_clear_screen'
D:/Embedded_System_Online_Diploma/Unit 7/Lesson 3/Section/LCD_KEYBAD/Debug/../Src/main.c:39: undefined reference to `_delay_ms'
D:/Embedded_System_Online_Diploma/Unit 7/Lesson 3/Section/LCD_KEYBAD/Debug/../Src/main.c:40: undefined reference to `LCD_WRITE_STRING'
D:/Embedded_System_Online_Diploma/Unit 7/Lesson 3/Section/LCD_KEYBAD/Debug/../Src/main.c:41: undefined reference to `_delay_ms'
D:/Embedded_System_Online_Diploma/Unit 7/Lesson 3/Section/LCD_KEYBAD/Debug/../Src/main.c:42: undefined reference to `LCD_clear_screen'
D:/Embedded_System_Online_Diploma/Unit 7/Lesson 3/Section/LCD_KEYBAD/Debug/../Src/main.c:43: undefined reference to `_delay_ms'
collect2.exe: error: ld returned 1 exit status
make: *** [makefile:52: LCD_KEYBAD.elf] Error 1
"make -j12 all" terminated with exit code 2. Build might be incomplete.
02:01:15 **** Clean-only build of configuration Debug for project LCD_KEYBAD ****
make -j12 clean 
rm -rf *
 
02:01:15 **** Incremental Build of configuration Debug for project LCD_KEYBAD ****
make -j12 all 
arm-none-eabi-gcc -gdwarf-2 -mcpu=cortex-m3 -g3 -c -x assembler-with-cpp -MMD -MP -MF"Startup/startup_stm32f103c6tx.d" -MT"Startup/startup_stm32f103c6tx.o" --specs=nano.specs -mfloat-abi=soft -mthumb -o "Startup/startup_stm32f103c6tx.o" "../Startup/startup_stm32f103c6tx.s"
arm-none-eabi-gcc -gdwarf-2 "../Src/main.c" -mcpu=cortex-m3 -std=gnu11 -g3 -DSTM32 -DSTM32F1 -DSTM32F103C6Tx -DDEBUG -c -I"D:/Embedded_System_Online_Diploma/Unit 7/Lesson 3/Section/LCD_KEYBAD/LCD_Driver/Inc" -I../Inc -I"D:/Embedded_System_Online_Diploma/Unit 7/Lesson 3/Section/LCD_KEYBAD/Stm32F103C6_Drivers/Inc" -O0 -ffunction-sections -fdata-sections -Wall -fstack-usage -MMD -MP -MF"Src/main.d" -MT"Src/main.o" --specs=nano.specs -mfloat-abi=soft -mthumb -o "Src/main.o"
arm-none-eabi-gcc -gdwarf-2 "../Src/syscalls.c" -mcpu=cortex-m3 -std=gnu11 -g3 -DSTM32 -DSTM32F1 -DSTM32F103C6Tx -DDEBUG -c -I"D:/Embedded_System_Online_Diploma/Unit 7/Lesson 3/Section/LCD_KEYBAD/LCD_Driver/Inc" -I../Inc -I"D:/Embedded_System_Online_Diploma/Unit 7/Lesson 3/Section/LCD_KEYBAD/Stm32F103C6_Drivers/Inc" -O0 -ffunction-sections -fdata-sections -Wall -fstack-usage -MMD -MP -MF"Src/syscalls.d" -MT"Src/syscalls.o" --specs=nano.specs -mfloat-abi=soft -mthumb -o "Src/syscalls.o"
arm-none-eabi-gcc -gdwarf-2 "../Src/sysmem.c" -mcpu=cortex-m3 -std=gnu11 -g3 -DSTM32 -DSTM32F1 -DSTM32F103C6Tx -DDEBUG -c -I"D:/Embedded_System_Online_Diploma/Unit 7/Lesson 3/Section/LCD_KEYBAD/LCD_Driver/Inc" -I../Inc -I"D:/Embedded_System_Online_Diploma/Unit 7/Lesson 3/Section/LCD_KEYBAD/Stm32F103C6_Drivers/Inc" -O0 -ffunction-sections -fdata-sections -Wall -fstack-usage -MMD -MP -MF"Src/sysmem.d" -MT"Src/sysmem.o" --specs=nano.specs -mfloat-abi=soft -mthumb -o "Src/sysmem.o"
arm-none-eabi-gcc -gdwarf-2 "../LCD_Driver/Src/LCD.c" -mcpu=cortex-m3 -std=gnu11 -g3 -DSTM32 -DSTM32F1 -DSTM32F103C6Tx -DDEBUG -c -I"D:/Embedded_System_Online_Diploma/Unit 7/Lesson 3/Section/LCD_KEYBAD/LCD_Driver/Inc" -I../Inc -I"D:/Embedded_System_Online_Diploma/Unit 7/Lesson 3/Section/LCD_KEYBAD/Stm32F103C6_Drivers/Inc" -O0 -ffunction-sections -fdata-sections -Wall -fstack-usage -MMD -MP -MF"LCD_Driver/Src/LCD.d" -MT"LCD_Driver/Src/LCD.o" --specs=nano.specs -mfloat-abi=soft -mthumb -o "LCD_Driver/Src/LCD.o"
../Src/main.c: In function 'main':
../Src/main.c:35:3: warning: implicit declaration of function '_delay_ms' [-Wimplicit-function-declaration]
   _delay_ms(500);
   ^~~~~~~~~
../LCD_Driver/Src/LCD.c: In function 'wait_ms':
../LCD_Driver/Src/LCD.c:14:28: error: 's' undeclared (first use in this function)
   for (j = 0; j < 255; j++)s;
                            ^
../LCD_Driver/Src/LCD.c:14:28: note: each undeclared identifier is reported only once for each function it appears in
In file included from ../LCD_Driver/Src/LCD.c:9:0:
../LCD_Driver/Src/LCD.c: In function 'LCD_kick':
D:/Embedded_System_Online_Diploma/Unit 7/Lesson 3/Section/LCD_KEYBAD/LCD_Driver/Inc/LCD.h:18:18: error: 'PORTA' undeclared (first use in this function)
 #define LCD_CTRL PORTA
                  ^
../LCD_Driver/Src/LCD.c:25:16: note: in expansion of macro 'LCD_CTRL'
  GPIO_WritePin(LCD_CTRL, EN_SWITCH, GPIO_PIN_SET) ;
                ^~~~~~~~
../LCD_Driver/Src/LCD.c: In function 'LCD_GPIOO_init':
D:/Embedded_System_Online_Diploma/Unit 7/Lesson 3/Section/LCD_KEYBAD/LCD_Driver/Inc/LCD.h:18:18: error: 'PORTA' undeclared (first use in this function)
 #define LCD_CTRL PORTA
                  ^
../LCD_Driver/Src/LCD.c:41:12: note: in expansion of macro 'LCD_CTRL'
  GPIO_Init(LCD_CTRL, &PINConf) ;
            ^~~~~~~~
../LCD_Driver/Src/LCD.c: In function 'LCD_isbusy':
D:/Embedded_System_Online_Diploma/Unit 7/Lesson 3/Section/LCD_KEYBAD/LCD_Driver/Inc/LCD.h:16:18: error: 'PORTA' undeclared (first use in this function)
 #define LCD_PORT PORTA
                  ^
../LCD_Driver/Src/LCD.c:127:12: note: in expansion of macro 'LCD_PORT'
  GPIO_Init(LCD_PORT, &PINConf) ;
            ^~~~~~~~
../LCD_Driver/Src/LCD.c: In function 'LCD_WRITE_COMMAND':
D:/Embedded_System_Online_Diploma/Unit 7/Lesson 3/Section/LCD_KEYBAD/LCD_Driver/Inc/LCD.h:16:18: error: 'PORTA' undeclared (first use in this function)
 #define LCD_PORT PORTA
                  ^
../LCD_Driver/Src/LCD.c:259:17: note: in expansion of macro 'LCD_PORT'
  GPIO_WritePort(LCD_PORT, command) ;
                 ^~~~~~~~
../LCD_Driver/Src/LCD.c: In function 'LCD_WRITE_CHAR':
D:/Embedded_System_Online_Diploma/Unit 7/Lesson 3/Section/LCD_KEYBAD/LCD_Driver/Inc/LCD.h:18:18: error: 'PORTA' undeclared (first use in this function)
 #define LCD_CTRL PORTA
                  ^
../LCD_Driver/Src/LCD.c:280:16: note: in expansion of macro 'LCD_CTRL'
  GPIO_WritePin(LCD_CTRL, RS_SWITCH, GPIO_PIN_SET);
                ^~~~~~~~
make: *** [LCD_Driver/Src/subdir.mk:18: LCD_Driver/Src/LCD.o] Error 1
make: *** Waiting for unfinished jobs....
"make -j12 all" terminated with exit code 2. Build might be incomplete.
02:01:53 **** Incremental Build of configuration Debug for project LCD_KEYBAD ****
make -j12 all 
arm-none-eabi-gcc -gdwarf-2 "../Src/main.c" -mcpu=cortex-m3 -std=gnu11 -g3 -DSTM32 -DSTM32F1 -DSTM32F103C6Tx -DDEBUG -c -I"D:/Embedded_System_Online_Diploma/Unit 7/Lesson 3/Section/LCD_KEYBAD/LCD_Driver/Inc" -I../Inc -I"D:/Embedded_System_Online_Diploma/Unit 7/Lesson 3/Section/LCD_KEYBAD/Stm32F103C6_Drivers/Inc" -O0 -ffunction-sections -fdata-sections -Wall -fstack-usage -MMD -MP -MF"Src/main.d" -MT"Src/main.o" --specs=nano.specs -mfloat-abi=soft -mthumb -o "Src/main.o"
arm-none-eabi-gcc -gdwarf-2 "../LCD_Driver/Src/LCD.c" -mcpu=cortex-m3 -std=gnu11 -g3 -DSTM32 -DSTM32F1 -DSTM32F103C6Tx -DDEBUG -c -I"D:/Embedded_System_Online_Diploma/Unit 7/Lesson 3/Section/LCD_KEYBAD/LCD_Driver/Inc" -I../Inc -I"D:/Embedded_System_Online_Diploma/Unit 7/Lesson 3/Section/LCD_KEYBAD/Stm32F103C6_Drivers/Inc" -O0 -ffunction-sections -fdata-sections -Wall -fstack-usage -MMD -MP -MF"LCD_Driver/Src/LCD.d" -MT"LCD_Driver/Src/LCD.o" --specs=nano.specs -mfloat-abi=soft -mthumb -o "LCD_Driver/Src/LCD.o"
In file included from ../LCD_Driver/Src/LCD.c:9:0:
D:/Embedded_System_Online_Diploma/Unit 7/Lesson 3/Section/LCD_KEYBAD/LCD_Driver/Inc/LCD.h:13:10: fatal error: ..\Stm32F103x6.h: No such file or directory
 #include "..\Stm32F103x6.h"
          ^~~~~~~~~~~~~~~~~~
compilation terminated.
make: *** [LCD_Driver/Src/subdir.mk:18: LCD_Driver/Src/LCD.o] Error 1
make: *** Waiting for unfinished jobs....
In file included from ../Src/main.c:26:0:
D:/Embedded_System_Online_Diploma/Unit 7/Lesson 3/Section/LCD_KEYBAD/LCD_Driver/Inc/LCD.h:13:10: fatal error: ..\Stm32F103x6.h: No such file or directory
 #include "..\Stm32F103x6.h"
          ^~~~~~~~~~~~~~~~~~
compilation terminated.
make: *** [Src/subdir.mk:24: Src/main.o] Error 1
"make -j12 all" terminated with exit code 2. Build might be incomplete.
02:02:00 **** Incremental Build of configuration Debug for project LCD_KEYBAD ****
make -j12 all 
arm-none-eabi-gcc -gdwarf-2 "../Src/main.c" -mcpu=cortex-m3 -std=gnu11 -g3 -DSTM32 -DSTM32F1 -DSTM32F103C6Tx -DDEBUG -c -I"D:/Embedded_System_Online_Diploma/Unit 7/Lesson 3/Section/LCD_KEYBAD/LCD_Driver/Inc" -I../Inc -I"D:/Embedded_System_Online_Diploma/Unit 7/Lesson 3/Section/LCD_KEYBAD/Stm32F103C6_Drivers/Inc" -O0 -ffunction-sections -fdata-sections -Wall -fstack-usage -MMD -MP -MF"Src/main.d" -MT"Src/main.o" --specs=nano.specs -mfloat-abi=soft -mthumb -o "Src/main.o"
arm-none-eabi-gcc -gdwarf-2 "../LCD_Driver/Src/LCD.c" -mcpu=cortex-m3 -std=gnu11 -g3 -DSTM32 -DSTM32F1 -DSTM32F103C6Tx -DDEBUG -c -I"D:/Embedded_System_Online_Diploma/Unit 7/Lesson 3/Section/LCD_KEYBAD/LCD_Driver/Inc" -I../Inc -I"D:/Embedded_System_Online_Diploma/Unit 7/Lesson 3/Section/LCD_KEYBAD/Stm32F103C6_Drivers/Inc" -O0 -ffunction-sections -fdata-sections -Wall -fstack-usage -MMD -MP -MF"LCD_Driver/Src/LCD.d" -MT"LCD_Driver/Src/LCD.o" --specs=nano.specs -mfloat-abi=soft -mthumb -o "LCD_Driver/Src/LCD.o"
In file included from ../LCD_Driver/Src/LCD.c:9:0:
D:/Embedded_System_Online_Diploma/Unit 7/Lesson 3/Section/LCD_KEYBAD/LCD_Driver/Inc/LCD.h:13:10: fatal error: ../Stm32F103x6.h: No such file or directory
 #include "../Stm32F103x6.h"
          ^~~~~~~~~~~~~~~~~~
compilation terminated.
make: *** [LCD_Driver/Src/subdir.mk:18: LCD_Driver/Src/LCD.o] Error 1
make: *** Waiting for unfinished jobs....
In file included from ../Src/main.c:26:0:
D:/Embedded_System_Online_Diploma/Unit 7/Lesson 3/Section/LCD_KEYBAD/LCD_Driver/Inc/LCD.h:13:10: fatal error: ../Stm32F103x6.h: No such file or directory
 #include "../Stm32F103x6.h"
          ^~~~~~~~~~~~~~~~~~
compilation terminated.
make: *** [Src/subdir.mk:24: Src/main.o] Error 1
"make -j12 all" terminated with exit code 2. Build might be incomplete.
02:02:20 **** Incremental Build of configuration Debug for project LCD_KEYBAD ****
make -j12 all 
arm-none-eabi-gcc -gdwarf-2 "../Src/main.c" -mcpu=cortex-m3 -std=gnu11 -g3 -DSTM32 -DSTM32F1 -DSTM32F103C6Tx -DDEBUG -c -I"D:/Embedded_System_Online_Diploma/Unit 7/Lesson 3/Section/LCD_KEYBAD/LCD_Driver/Inc" -I../Inc -I"D:/Embedded_System_Online_Diploma/Unit 7/Lesson 3/Section/LCD_KEYBAD/Stm32F103C6_Drivers/Inc" -O0 -ffunction-sections -fdata-sections -Wall -fstack-usage -MMD -MP -MF"Src/main.d" -MT"Src/main.o" --specs=nano.specs -mfloat-abi=soft -mthumb -o "Src/main.o"
arm-none-eabi-gcc -gdwarf-2 "../LCD_Driver/Src/LCD.c" -mcpu=cortex-m3 -std=gnu11 -g3 -DSTM32 -DSTM32F1 -DSTM32F103C6Tx -DDEBUG -c -I"D:/Embedded_System_Online_Diploma/Unit 7/Lesson 3/Section/LCD_KEYBAD/LCD_Driver/Inc" -I../Inc -I"D:/Embedded_System_Online_Diploma/Unit 7/Lesson 3/Section/LCD_KEYBAD/Stm32F103C6_Drivers/Inc" -O0 -ffunction-sections -fdata-sections -Wall -fstack-usage -MMD -MP -MF"LCD_Driver/Src/LCD.d" -MT"LCD_Driver/Src/LCD.o" --specs=nano.specs -mfloat-abi=soft -mthumb -o "LCD_Driver/Src/LCD.o"
In file included from ../Src/main.c:26:0:
D:/Embedded_System_Online_Diploma/Unit 7/Lesson 3/Section/LCD_KEYBAD/LCD_Driver/Inc/LCD.h:14:10: fatal error: ../Stm32F103C6_GPIO_Driver.h: No such file or directory
 #include "../Stm32F103C6_GPIO_Driver.h"
          ^~~~~~~~~~~~~~~~~~~~~~~~~~~~~~
compilation terminated.
In file included from ../LCD_Driver/Src/LCD.c:9:0:
D:/Embedded_System_Online_Diploma/Unit 7/Lesson 3/Section/LCD_KEYBAD/LCD_Driver/Inc/LCD.h:14:10: fatal error: ../Stm32F103C6_GPIO_Driver.h: No such file or directory
 #include "../Stm32F103C6_GPIO_Driver.h"
          ^~~~~~~~~~~~~~~~~~~~~~~~~~~~~~
compilation terminated.
make: *** [Src/subdir.mk:24: Src/main.o] Error 1
make: *** Waiting for unfinished jobs....
make: *** [LCD_Driver/Src/subdir.mk:18: LCD_Driver/Src/LCD.o] Error 1
"make -j12 all" terminated with exit code 2. Build might be incomplete.
02:02:27 **** Incremental Build of configuration Debug for project LCD_KEYBAD ****
make -j12 all 
arm-none-eabi-gcc -gdwarf-2 "../Src/main.c" -mcpu=cortex-m3 -std=gnu11 -g3 -DSTM32 -DSTM32F1 -DSTM32F103C6Tx -DDEBUG -c -I"D:/Embedded_System_Online_Diploma/Unit 7/Lesson 3/Section/LCD_KEYBAD/LCD_Driver/Inc" -I../Inc -I"D:/Embedded_System_Online_Diploma/Unit 7/Lesson 3/Section/LCD_KEYBAD/Stm32F103C6_Drivers/Inc" -O0 -ffunction-sections -fdata-sections -Wall -fstack-usage -MMD -MP -MF"Src/main.d" -MT"Src/main.o" --specs=nano.specs -mfloat-abi=soft -mthumb -o "Src/main.o"
arm-none-eabi-gcc -gdwarf-2 "../LCD_Driver/Src/LCD.c" -mcpu=cortex-m3 -std=gnu11 -g3 -DSTM32 -DSTM32F1 -DSTM32F103C6Tx -DDEBUG -c -I"D:/Embedded_System_Online_Diploma/Unit 7/Lesson 3/Section/LCD_KEYBAD/LCD_Driver/Inc" -I../Inc -I"D:/Embedded_System_Online_Diploma/Unit 7/Lesson 3/Section/LCD_KEYBAD/Stm32F103C6_Drivers/Inc" -O0 -ffunction-sections -fdata-sections -Wall -fstack-usage -MMD -MP -MF"LCD_Driver/Src/LCD.d" -MT"LCD_Driver/Src/LCD.o" --specs=nano.specs -mfloat-abi=soft -mthumb -o "LCD_Driver/Src/LCD.o"
../LCD_Driver/Src/LCD.c: In function 'wait_ms':
../LCD_Driver/Src/LCD.c:14:28: error: 's' undeclared (first use in this function)
   for (j = 0; j < 255; j++)s;
                            ^
../LCD_Driver/Src/LCD.c:14:28: note: each undeclared identifier is reported only once for each function it appears in
In file included from ../LCD_Driver/Src/LCD.c:9:0:
../LCD_Driver/Src/LCD.c: In function 'LCD_kick':
D:/Embedded_System_Online_Diploma/Unit 7/Lesson 3/Section/LCD_KEYBAD/LCD_Driver/Inc/LCD.h:18:18: error: 'PORTA' undeclared (first use in this function)
 #define LCD_CTRL PORTA
                  ^
../LCD_Driver/Src/LCD.c:25:16: note: in expansion of macro 'LCD_CTRL'
  GPIO_WritePin(LCD_CTRL, EN_SWITCH, GPIO_PIN_SET) ;
                ^~~~~~~~
../LCD_Driver/Src/LCD.c: In function 'LCD_GPIOO_init':
D:/Embedded_System_Online_Diploma/Unit 7/Lesson 3/Section/LCD_KEYBAD/LCD_Driver/Inc/LCD.h:18:18: error: 'PORTA' undeclared (first use in this function)
 #define LCD_CTRL PORTA
                  ^
../LCD_Driver/Src/LCD.c:41:12: note: in expansion of macro 'LCD_CTRL'
  GPIO_Init(LCD_CTRL, &PINConf) ;
            ^~~~~~~~
../Src/main.c: In function 'main':
../Src/main.c:35:3: warning: implicit declaration of function '_delay_ms' [-Wimplicit-function-declaration]
   _delay_ms(500);
   ^~~~~~~~~
../LCD_Driver/Src/LCD.c: In function 'LCD_isbusy':
D:/Embedded_System_Online_Diploma/Unit 7/Lesson 3/Section/LCD_KEYBAD/LCD_Driver/Inc/LCD.h:16:18: error: 'PORTA' undeclared (first use in this function)
 #define LCD_PORT PORTA
                  ^
../LCD_Driver/Src/LCD.c:127:12: note: in expansion of macro 'LCD_PORT'
  GPIO_Init(LCD_PORT, &PINConf) ;
            ^~~~~~~~
../LCD_Driver/Src/LCD.c: In function 'LCD_WRITE_COMMAND':
D:/Embedded_System_Online_Diploma/Unit 7/Lesson 3/Section/LCD_KEYBAD/LCD_Driver/Inc/LCD.h:16:18: error: 'PORTA' undeclared (first use in this function)
 #define LCD_PORT PORTA
                  ^
../LCD_Driver/Src/LCD.c:259:17: note: in expansion of macro 'LCD_PORT'
  GPIO_WritePort(LCD_PORT, command) ;
                 ^~~~~~~~
../LCD_Driver/Src/LCD.c: In function 'LCD_WRITE_CHAR':
D:/Embedded_System_Online_Diploma/Unit 7/Lesson 3/Section/LCD_KEYBAD/LCD_Driver/Inc/LCD.h:18:18: error: 'PORTA' undeclared (first use in this function)
 #define LCD_CTRL PORTA
                  ^
../LCD_Driver/Src/LCD.c:280:16: note: in expansion of macro 'LCD_CTRL'
  GPIO_WritePin(LCD_CTRL, RS_SWITCH, GPIO_PIN_SET);
                ^~~~~~~~
make: *** [LCD_Driver/Src/subdir.mk:18: LCD_Driver/Src/LCD.o] Error 1
make: *** Waiting for unfinished jobs....
"make -j12 all" terminated with exit code 2. Build might be incomplete.
02:02:38 **** Incremental Build of configuration Debug for project LCD_KEYBAD ****
make -j12 all 
arm-none-eabi-gcc -gdwarf-2 "../LCD_Driver/Src/LCD.c" -mcpu=cortex-m3 -std=gnu11 -g3 -DSTM32 -DSTM32F1 -DSTM32F103C6Tx -DDEBUG -c -I"D:/Embedded_System_Online_Diploma/Unit 7/Lesson 3/Section/LCD_KEYBAD/LCD_Driver/Inc" -I../Inc -I"D:/Embedded_System_Online_Diploma/Unit 7/Lesson 3/Section/LCD_KEYBAD/Stm32F103C6_Drivers/Inc" -O0 -ffunction-sections -fdata-sections -Wall -fstack-usage -MMD -MP -MF"LCD_Driver/Src/LCD.d" -MT"LCD_Driver/Src/LCD.o" --specs=nano.specs -mfloat-abi=soft -mthumb -o "LCD_Driver/Src/LCD.o"
In file included from ../LCD_Driver/Src/LCD.c:9:0:
../LCD_Driver/Src/LCD.c: In function 'LCD_kick':
D:/Embedded_System_Online_Diploma/Unit 7/Lesson 3/Section/LCD_KEYBAD/LCD_Driver/Inc/LCD.h:18:18: error: 'PORTA' undeclared (first use in this function)
 #define LCD_CTRL PORTA
                  ^
../LCD_Driver/Src/LCD.c:25:16: note: in expansion of macro 'LCD_CTRL'
  GPIO_WritePin(LCD_CTRL, EN_SWITCH, GPIO_PIN_SET) ;
                ^~~~~~~~
D:/Embedded_System_Online_Diploma/Unit 7/Lesson 3/Section/LCD_KEYBAD/LCD_Driver/Inc/LCD.h:18:18: note: each undeclared identifier is reported only once for each function it appears in
 #define LCD_CTRL PORTA
                  ^
../LCD_Driver/Src/LCD.c:25:16: note: in expansion of macro 'LCD_CTRL'
  GPIO_WritePin(LCD_CTRL, EN_SWITCH, GPIO_PIN_SET) ;
                ^~~~~~~~
../LCD_Driver/Src/LCD.c: In function 'LCD_GPIOO_init':
D:/Embedded_System_Online_Diploma/Unit 7/Lesson 3/Section/LCD_KEYBAD/LCD_Driver/Inc/LCD.h:18:18: error: 'PORTA' undeclared (first use in this function)
 #define LCD_CTRL PORTA
                  ^
../LCD_Driver/Src/LCD.c:41:12: note: in expansion of macro 'LCD_CTRL'
  GPIO_Init(LCD_CTRL, &PINConf) ;
            ^~~~~~~~
../LCD_Driver/Src/LCD.c: In function 'LCD_isbusy':
D:/Embedded_System_Online_Diploma/Unit 7/Lesson 3/Section/LCD_KEYBAD/LCD_Driver/Inc/LCD.h:16:18: error: 'PORTA' undeclared (first use in this function)
 #define LCD_PORT PORTA
                  ^
../LCD_Driver/Src/LCD.c:127:12: note: in expansion of macro 'LCD_PORT'
  GPIO_Init(LCD_PORT, &PINConf) ;
            ^~~~~~~~
../LCD_Driver/Src/LCD.c: In function 'LCD_WRITE_COMMAND':
D:/Embedded_System_Online_Diploma/Unit 7/Lesson 3/Section/LCD_KEYBAD/LCD_Driver/Inc/LCD.h:16:18: error: 'PORTA' undeclared (first use in this function)
 #define LCD_PORT PORTA
                  ^
../LCD_Driver/Src/LCD.c:259:17: note: in expansion of macro 'LCD_PORT'
  GPIO_WritePort(LCD_PORT, command) ;
                 ^~~~~~~~
../LCD_Driver/Src/LCD.c: In function 'LCD_WRITE_CHAR':
D:/Embedded_System_Online_Diploma/Unit 7/Lesson 3/Section/LCD_KEYBAD/LCD_Driver/Inc/LCD.h:18:18: error: 'PORTA' undeclared (first use in this function)
 #define LCD_CTRL PORTA
                  ^
../LCD_Driver/Src/LCD.c:280:16: note: in expansion of macro 'LCD_CTRL'
  GPIO_WritePin(LCD_CTRL, RS_SWITCH, GPIO_PIN_SET);
                ^~~~~~~~
make: *** [LCD_Driver/Src/subdir.mk:18: LCD_Driver/Src/LCD.o] Error 1
"make -j12 all" terminated with exit code 2. Build might be incomplete.
02:03:46 **** Incremental Build of configuration Debug for project LCD_KEYBAD ****
make -j12 all 
arm-none-eabi-gcc -gdwarf-2 "../LCD_Driver/Src/LCD.c" -mcpu=cortex-m3 -std=gnu11 -g3 -DSTM32 -DSTM32F1 -DSTM32F103C6Tx -DDEBUG -c -I"D:/Embedded_System_Online_Diploma/Unit 7/Lesson 3/Section/LCD_KEYBAD/LCD_Driver/Inc" -I../Inc -I"D:/Embedded_System_Online_Diploma/Unit 7/Lesson 3/Section/LCD_KEYBAD/Stm32F103C6_Drivers/Inc" -I"D:/Embedded_System_Online_Diploma/Unit 7/Lesson 3/Section/LCD_KEYBAD/Stm32F103C6_Drivers/Inc" -O0 -ffunction-sections -fdata-sections -Wall -fstack-usage -MMD -MP -MF"LCD_Driver/Src/LCD.d" -MT"LCD_Driver/Src/LCD.o" --specs=nano.specs -mfloat-abi=soft -mthumb -o "LCD_Driver/Src/LCD.o"
In file included from ../LCD_Driver/Src/LCD.c:9:0:
../LCD_Driver/Src/LCD.c: In function 'LCD_kick':
D:/Embedded_System_Online_Diploma/Unit 7/Lesson 3/Section/LCD_KEYBAD/LCD_Driver/Inc/LCD.h:18:18: error: 'PORTA' undeclared (first use in this function)
 #define LCD_CTRL PORTA
                  ^
../LCD_Driver/Src/LCD.c:25:16: note: in expansion of macro 'LCD_CTRL'
  GPIO_WritePin(LCD_CTRL, EN_SWITCH, GPIO_PIN_SET) ;
                ^~~~~~~~
D:/Embedded_System_Online_Diploma/Unit 7/Lesson 3/Section/LCD_KEYBAD/LCD_Driver/Inc/LCD.h:18:18: note: each undeclared identifier is reported only once for each function it appears in
 #define LCD_CTRL PORTA
                  ^
../LCD_Driver/Src/LCD.c:25:16: note: in expansion of macro 'LCD_CTRL'
  GPIO_WritePin(LCD_CTRL, EN_SWITCH, GPIO_PIN_SET) ;
                ^~~~~~~~
../LCD_Driver/Src/LCD.c: In function 'LCD_GPIOO_init':
D:/Embedded_System_Online_Diploma/Unit 7/Lesson 3/Section/LCD_KEYBAD/LCD_Driver/Inc/LCD.h:18:18: error: 'PORTA' undeclared (first use in this function)
 #define LCD_CTRL PORTA
                  ^
../LCD_Driver/Src/LCD.c:41:12: note: in expansion of macro 'LCD_CTRL'
  GPIO_Init(LCD_CTRL, &PINConf) ;
            ^~~~~~~~
../LCD_Driver/Src/LCD.c: In function 'LCD_isbusy':
D:/Embedded_System_Online_Diploma/Unit 7/Lesson 3/Section/LCD_KEYBAD/LCD_Driver/Inc/LCD.h:16:18: error: 'PORTA' undeclared (first use in this function)
 #define LCD_PORT PORTA
                  ^
../LCD_Driver/Src/LCD.c:127:12: note: in expansion of macro 'LCD_PORT'
  GPIO_Init(LCD_PORT, &PINConf) ;
            ^~~~~~~~
../LCD_Driver/Src/LCD.c: In function 'LCD_WRITE_COMMAND':
D:/Embedded_System_Online_Diploma/Unit 7/Lesson 3/Section/LCD_KEYBAD/LCD_Driver/Inc/LCD.h:16:18: error: 'PORTA' undeclared (first use in this function)
 #define LCD_PORT PORTA
                  ^
../LCD_Driver/Src/LCD.c:259:17: note: in expansion of macro 'LCD_PORT'
  GPIO_WritePort(LCD_PORT, command) ;
                 ^~~~~~~~
../LCD_Driver/Src/LCD.c: In function 'LCD_WRITE_CHAR':
D:/Embedded_System_Online_Diploma/Unit 7/Lesson 3/Section/LCD_KEYBAD/LCD_Driver/Inc/LCD.h:18:18: error: 'PORTA' undeclared (first use in this function)
 #define LCD_CTRL PORTA
                  ^
../LCD_Driver/Src/LCD.c:280:16: note: in expansion of macro 'LCD_CTRL'
  GPIO_WritePin(LCD_CTRL, RS_SWITCH, GPIO_PIN_SET);
                ^~~~~~~~
make: *** [LCD_Driver/Src/subdir.mk:18: LCD_Driver/Src/LCD.o] Error 1
"make -j12 all" terminated with exit code 2. Build might be incomplete.
02:04:05 **** Clean-only build of configuration Debug for project LCD_KEYBAD ****
make -j12 clean 
rm -rf *
 
02:04:06 **** Incremental Build of configuration Debug for project LCD_KEYBAD ****
make -j12 all 
arm-none-eabi-gcc -gdwarf-2 "../Stm32F103C6_Drivers/LCD_Driver/Src/LCD.c" -mcpu=cortex-m3 -std=gnu11 -g3 -DSTM32 -DSTM32F1 -DSTM32F103C6Tx -DDEBUG -c -I../Inc -I"D:/Embedded_System_Online_Diploma/Unit 7/Lesson 3/Section/LCD_KEYBAD/Stm32F103C6_Drivers/Inc" -I"D:/Embedded_System_Online_Diploma/Unit 7/Lesson 3/Section/LCD_KEYBAD/Stm32F103C6_Drivers/Inc" -O0 -ffunction-sections -fdata-sections -Wall -fstack-usage -MMD -MP -MF"Stm32F103C6_Drivers/LCD_Driver/Src/LCD.d" -MT"Stm32F103C6_Drivers/LCD_Driver/Src/LCD.o" --specs=nano.specs -mfloat-abi=soft -mthumb -o "Stm32F103C6_Drivers/LCD_Driver/Src/LCD.o"
arm-none-eabi-gcc -gdwarf-2 -mcpu=cortex-m3 -g3 -c -x assembler-with-cpp -MMD -MP -MF"Startup/startup_stm32f103c6tx.d" -MT"Startup/startup_stm32f103c6tx.o" --specs=nano.specs -mfloat-abi=soft -mthumb -o "Startup/startup_stm32f103c6tx.o" "../Startup/startup_stm32f103c6tx.s"
arm-none-eabi-gcc -gdwarf-2 "../Src/main.c" -mcpu=cortex-m3 -std=gnu11 -g3 -DSTM32 -DSTM32F1 -DSTM32F103C6Tx -DDEBUG -c -I../Inc -I"D:/Embedded_System_Online_Diploma/Unit 7/Lesson 3/Section/LCD_KEYBAD/Stm32F103C6_Drivers/Inc" -O0 -ffunction-sections -fdata-sections -Wall -fstack-usage -MMD -MP -MF"Src/main.d" -MT"Src/main.o" --specs=nano.specs -mfloat-abi=soft -mthumb -o "Src/main.o"
arm-none-eabi-gcc -gdwarf-2 "../Src/syscalls.c" -mcpu=cortex-m3 -std=gnu11 -g3 -DSTM32 -DSTM32F1 -DSTM32F103C6Tx -DDEBUG -c -I../Inc -I"D:/Embedded_System_Online_Diploma/Unit 7/Lesson 3/Section/LCD_KEYBAD/Stm32F103C6_Drivers/Inc" -O0 -ffunction-sections -fdata-sections -Wall -fstack-usage -MMD -MP -MF"Src/syscalls.d" -MT"Src/syscalls.o" --specs=nano.specs -mfloat-abi=soft -mthumb -o "Src/syscalls.o"
arm-none-eabi-gcc -gdwarf-2 "../Src/sysmem.c" -mcpu=cortex-m3 -std=gnu11 -g3 -DSTM32 -DSTM32F1 -DSTM32F103C6Tx -DDEBUG -c -I../Inc -I"D:/Embedded_System_Online_Diploma/Unit 7/Lesson 3/Section/LCD_KEYBAD/Stm32F103C6_Drivers/Inc" -O0 -ffunction-sections -fdata-sections -Wall -fstack-usage -MMD -MP -MF"Src/sysmem.d" -MT"Src/sysmem.o" --specs=nano.specs -mfloat-abi=soft -mthumb -o "Src/sysmem.o"
../Stm32F103C6_Drivers/LCD_Driver/Src/LCD.c:9:10: fatal error: LCD.h: No such file or directory
 #include "LCD.h"
          ^~~~~~~
compilation terminated.
make: *** [Stm32F103C6_Drivers/LCD_Driver/Src/subdir.mk:18: Stm32F103C6_Drivers/LCD_Driver/Src/LCD.o] Error 1
make: *** Waiting for unfinished jobs....
../Src/main.c:26:10: fatal error: LCD.h: No such file or directory
 #include "LCD.h"
          ^~~~~~~
compilation terminated.
make: *** [Src/subdir.mk:24: Src/main.o] Error 1
"make -j12 all" terminated with exit code 2. Build might be incomplete.
02:04:37 **** Incremental Build of configuration Debug for project LCD_KEYBAD ****
make -j12 all 
arm-none-eabi-gcc -gdwarf-2 "../Stm32F103C6_Drivers/LCD_Driver/Src/LCD.c" -mcpu=cortex-m3 -std=gnu11 -g3 -DSTM32 -DSTM32F1 -DSTM32F103C6Tx -DDEBUG -c -I../Inc -I"D:/Embedded_System_Online_Diploma/Unit 7/Lesson 3/Section/LCD_KEYBAD/Stm32F103C6_Drivers/Inc" -I"D:/Embedded_System_Online_Diploma/Unit 7/Lesson 3/Section/LCD_KEYBAD/Stm32F103C6_Drivers/Inc" -O0 -ffunction-sections -fdata-sections -Wall -fstack-usage -MMD -MP -MF"Stm32F103C6_Drivers/LCD_Driver/Src/LCD.d" -MT"Stm32F103C6_Drivers/LCD_Driver/Src/LCD.o" --specs=nano.specs -mfloat-abi=soft -mthumb -o "Stm32F103C6_Drivers/LCD_Driver/Src/LCD.o"
arm-none-eabi-gcc -gdwarf-2 "../Src/main.c" -mcpu=cortex-m3 -std=gnu11 -g3 -DSTM32 -DSTM32F1 -DSTM32F103C6Tx -DDEBUG -c -I"D:/Embedded_System_Online_Diploma/Unit 7/Lesson 3/Section/LCD_KEYBAD/Stm32F103C6_Drivers/LCD_Driver/Inc" -I../Inc -I"D:/Embedded_System_Online_Diploma/Unit 7/Lesson 3/Section/LCD_KEYBAD/Stm32F103C6_Drivers/Inc" -O0 -ffunction-sections -fdata-sections -Wall -fstack-usage -MMD -MP -MF"Src/main.d" -MT"Src/main.o" --specs=nano.specs -mfloat-abi=soft -mthumb -o "Src/main.o"
arm-none-eabi-gcc -gdwarf-2 "../Src/syscalls.c" -mcpu=cortex-m3 -std=gnu11 -g3 -DSTM32 -DSTM32F1 -DSTM32F103C6Tx -DDEBUG -c -I"D:/Embedded_System_Online_Diploma/Unit 7/Lesson 3/Section/LCD_KEYBAD/Stm32F103C6_Drivers/LCD_Driver/Inc" -I../Inc -I"D:/Embedded_System_Online_Diploma/Unit 7/Lesson 3/Section/LCD_KEYBAD/Stm32F103C6_Drivers/Inc" -O0 -ffunction-sections -fdata-sections -Wall -fstack-usage -MMD -MP -MF"Src/syscalls.d" -MT"Src/syscalls.o" --specs=nano.specs -mfloat-abi=soft -mthumb -o "Src/syscalls.o"
arm-none-eabi-gcc -gdwarf-2 "../Src/sysmem.c" -mcpu=cortex-m3 -std=gnu11 -g3 -DSTM32 -DSTM32F1 -DSTM32F103C6Tx -DDEBUG -c -I"D:/Embedded_System_Online_Diploma/Unit 7/Lesson 3/Section/LCD_KEYBAD/Stm32F103C6_Drivers/LCD_Driver/Inc" -I../Inc -I"D:/Embedded_System_Online_Diploma/Unit 7/Lesson 3/Section/LCD_KEYBAD/Stm32F103C6_Drivers/Inc" -O0 -ffunction-sections -fdata-sections -Wall -fstack-usage -MMD -MP -MF"Src/sysmem.d" -MT"Src/sysmem.o" --specs=nano.specs -mfloat-abi=soft -mthumb -o "Src/sysmem.o"
../Stm32F103C6_Drivers/LCD_Driver/Src/LCD.c:9:10: fatal error: LCD.h: No such file or directory
 #include "LCD.h"
          ^~~~~~~
compilation terminated.
make: *** [Stm32F103C6_Drivers/LCD_Driver/Src/subdir.mk:18: Stm32F103C6_Drivers/LCD_Driver/Src/LCD.o] Error 1
make: *** Waiting for unfinished jobs....
../Src/main.c: In function 'main':
../Src/main.c:35:3: warning: implicit declaration of function '_delay_ms' [-Wimplicit-function-declaration]
   _delay_ms(500);
   ^~~~~~~~~
"make -j12 all" terminated with exit code 2. Build might be incomplete.
02:06:17 **** Incremental Build of configuration Debug for project LCD_KEYBAD ****
make -j12 all 
arm-none-eabi-gcc -gdwarf-2 -o "LCD_KEYBAD.elf" @"objects.list"   -mcpu=cortex-m3 -T"D:\Embedded_System_Online_Diploma\Unit 7\Lesson 3\Section\LCD_KEYBAD\STM32F103C6TX_FLASH.ld" --specs=nosys.specs -Wl,-Map="LCD_KEYBAD.map" -Wl,--gc-sections -static --specs=nano.specs -mfloat-abi=soft -mthumb -Wl,--start-group -lc -lm -Wl,--end-group
Src/main.o: In function `main':
D:/Embedded_System_Online_Diploma/Unit 7/Lesson 3/Section/LCD_KEYBAD/Debug/../Src/main.c:31: undefined reference to `LCD_init'
D:/Embedded_System_Online_Diploma/Unit 7/Lesson 3/Section/LCD_KEYBAD/Debug/../Src/main.c:34: undefined reference to `LCD_WRITE_CHAR'
D:/Embedded_System_Online_Diploma/Unit 7/Lesson 3/Section/LCD_KEYBAD/Debug/../Src/main.c:35: undefined reference to `_delay_ms'
D:/Embedded_System_Online_Diploma/Unit 7/Lesson 3/Section/LCD_KEYBAD/Debug/../Src/main.c:36: undefined reference to `LCD_WRITE_CHAR'
D:/Embedded_System_Online_Diploma/Unit 7/Lesson 3/Section/LCD_KEYBAD/Debug/../Src/main.c:37: undefined reference to `_delay_ms'
D:/Embedded_System_Online_Diploma/Unit 7/Lesson 3/Section/LCD_KEYBAD/Debug/../Src/main.c:38: undefined reference to `LCD_clear_screen'
D:/Embedded_System_Online_Diploma/Unit 7/Lesson 3/Section/LCD_KEYBAD/Debug/../Src/main.c:39: undefined reference to `_delay_ms'
D:/Embedded_System_Online_Diploma/Unit 7/Lesson 3/Section/LCD_KEYBAD/Debug/../Src/main.c:40: undefined reference to `LCD_WRITE_STRING'
D:/Embedded_System_Online_Diploma/Unit 7/Lesson 3/Section/LCD_KEYBAD/Debug/../Src/main.c:41: undefined reference to `_delay_ms'
D:/Embedded_System_Online_Diploma/Unit 7/Lesson 3/Section/LCD_KEYBAD/Debug/../Src/main.c:42: undefined reference to `LCD_clear_screen'
D:/Embedded_System_Online_Diploma/Unit 7/Lesson 3/Section/LCD_KEYBAD/Debug/../Src/main.c:43: undefined reference to `_delay_ms'
collect2.exe: error: ld returned 1 exit status
make: *** [makefile:53: LCD_KEYBAD.elf] Error 1
"make -j12 all" terminated with exit code 2. Build might be incomplete.
02:07:33 **** Clean-only build of configuration Debug for project LCD_KEYBAD ****
make -j12 clean 
rm -rf *
 
02:07:33 **** Incremental Build of configuration Debug for project LCD_KEYBAD ****
make -j12 all 
arm-none-eabi-gcc -gdwarf-2 -mcpu=cortex-m3 -g3 -c -x assembler-with-cpp -MMD -MP -MF"Startup/startup_stm32f103c6tx.d" -MT"Startup/startup_stm32f103c6tx.o" --specs=nano.specs -mfloat-abi=soft -mthumb -o "Startup/startup_stm32f103c6tx.o" "../Startup/startup_stm32f103c6tx.s"
arm-none-eabi-gcc -gdwarf-2 "../Src/main.c" -mcpu=cortex-m3 -std=gnu11 -g3 -DSTM32 -DSTM32F1 -DSTM32F103C6Tx -DDEBUG -c -I../Inc -I"D:/Embedded_System_Online_Diploma/Unit 7/Lesson 3/Section/LCD_KEYBAD/Stm32F103C6_Drivers/Inc" -O0 -ffunction-sections -fdata-sections -Wall -fstack-usage -MMD -MP -MF"Src/main.d" -MT"Src/main.o" --specs=nano.specs -mfloat-abi=soft -mthumb -o "Src/main.o"
arm-none-eabi-gcc -gdwarf-2 "../Src/syscalls.c" -mcpu=cortex-m3 -std=gnu11 -g3 -DSTM32 -DSTM32F1 -DSTM32F103C6Tx -DDEBUG -c -I../Inc -I"D:/Embedded_System_Online_Diploma/Unit 7/Lesson 3/Section/LCD_KEYBAD/Stm32F103C6_Drivers/Inc" -O0 -ffunction-sections -fdata-sections -Wall -fstack-usage -MMD -MP -MF"Src/syscalls.d" -MT"Src/syscalls.o" --specs=nano.specs -mfloat-abi=soft -mthumb -o "Src/syscalls.o"
arm-none-eabi-gcc -gdwarf-2 "../Src/sysmem.c" -mcpu=cortex-m3 -std=gnu11 -g3 -DSTM32 -DSTM32F1 -DSTM32F103C6Tx -DDEBUG -c -I../Inc -I"D:/Embedded_System_Online_Diploma/Unit 7/Lesson 3/Section/LCD_KEYBAD/Stm32F103C6_Drivers/Inc" -O0 -ffunction-sections -fdata-sections -Wall -fstack-usage -MMD -MP -MF"Src/sysmem.d" -MT"Src/sysmem.o" --specs=nano.specs -mfloat-abi=soft -mthumb -o "Src/sysmem.o"
arm-none-eabi-gcc -gdwarf-2 "../LCD_Driver/Inc/LCD.c" -mcpu=cortex-m3 -std=gnu11 -g3 -DSTM32 -DSTM32F1 -DSTM32F103C6Tx -DDEBUG -c -I"D:/Embedded_System_Online_Diploma/Unit 7/Lesson 3/Section/LCD_KEYBAD/LCD_Driver/Inc" -I../Inc -I"D:/Embedded_System_Online_Diploma/Unit 7/Lesson 3/Section/LCD_KEYBAD/Stm32F103C6_Drivers/Inc" -I"D:/Embedded_System_Online_Diploma/Unit 7/Lesson 3/Section/LCD_KEYBAD/Stm32F103C6_Drivers/Inc" -O0 -ffunction-sections -fdata-sections -Wall -fstack-usage -MMD -MP -MF"LCD_Driver/Inc/LCD.d" -MT"LCD_Driver/Inc/LCD.o" --specs=nano.specs -mfloat-abi=soft -mthumb -o "LCD_Driver/Inc/LCD.o"
../Src/main.c: In function 'main':
../Src/main.c:35:3: warning: implicit declaration of function '_delay_ms' [-Wimplicit-function-declaration]
   _delay_ms(500);
   ^~~~~~~~~
../LCD_Driver/Inc/LCD.c: In function 'wait_ms':
../LCD_Driver/Inc/LCD.c:14:28: error: 's' undeclared (first use in this function)
   for (j = 0; j < 255; j++)s;
                            ^
../LCD_Driver/Inc/LCD.c:14:28: note: each undeclared identifier is reported only once for each function it appears in
In file included from ../LCD_Driver/Inc/LCD.c:9:0:
../LCD_Driver/Inc/LCD.c: In function 'LCD_kick':
../LCD_Driver/Inc/LCD.h:18:18: error: 'PORTA' undeclared (first use in this function)
 #define LCD_CTRL PORTA
                  ^
../LCD_Driver/Inc/LCD.c:25:16: note: in expansion of macro 'LCD_CTRL'
  GPIO_WritePin(LCD_CTRL, EN_SWITCH, GPIO_PIN_SET) ;
                ^~~~~~~~
../LCD_Driver/Inc/LCD.c: In function 'LCD_GPIOO_init':
../LCD_Driver/Inc/LCD.h:18:18: error: 'PORTA' undeclared (first use in this function)
 #define LCD_CTRL PORTA
                  ^
../LCD_Driver/Inc/LCD.c:41:12: note: in expansion of macro 'LCD_CTRL'
  GPIO_Init(LCD_CTRL, &PINConf) ;
            ^~~~~~~~
../LCD_Driver/Inc/LCD.c: In function 'LCD_isbusy':
../LCD_Driver/Inc/LCD.h:16:18: error: 'PORTA' undeclared (first use in this function)
 #define LCD_PORT PORTA
                  ^
../LCD_Driver/Inc/LCD.c:127:12: note: in expansion of macro 'LCD_PORT'
  GPIO_Init(LCD_PORT, &PINConf) ;
            ^~~~~~~~
../LCD_Driver/Inc/LCD.c: In function 'LCD_WRITE_COMMAND':
../LCD_Driver/Inc/LCD.h:16:18: error: 'PORTA' undeclared (first use in this function)
 #define LCD_PORT PORTA
                  ^
../LCD_Driver/Inc/LCD.c:259:17: note: in expansion of macro 'LCD_PORT'
  GPIO_WritePort(LCD_PORT, command) ;
                 ^~~~~~~~
../LCD_Driver/Inc/LCD.c: In function 'LCD_WRITE_CHAR':
../LCD_Driver/Inc/LCD.h:18:18: error: 'PORTA' undeclared (first use in this function)
 #define LCD_CTRL PORTA
                  ^
../LCD_Driver/Inc/LCD.c:280:16: note: in expansion of macro 'LCD_CTRL'
  GPIO_WritePin(LCD_CTRL, RS_SWITCH, GPIO_PIN_SET);
                ^~~~~~~~
make: *** [LCD_Driver/Inc/subdir.mk:18: LCD_Driver/Inc/LCD.o] Error 1
make: *** Waiting for unfinished jobs....
"make -j12 all" terminated with exit code 2. Build might be incomplete.
02:08:07 **** Incremental Build of configuration Debug for project LCD_KEYBAD ****
make -j12 all 
arm-none-eabi-gcc -gdwarf-2 "../Src/main.c" -mcpu=cortex-m3 -std=gnu11 -g3 -DSTM32 -DSTM32F1 -DSTM32F103C6Tx -DDEBUG -c -I../Inc -I"D:/Embedded_System_Online_Diploma/Unit 7/Lesson 3/Section/LCD_KEYBAD/Stm32F103C6_Drivers/Inc" -O0 -ffunction-sections -fdata-sections -Wall -fstack-usage -MMD -MP -MF"Src/main.d" -MT"Src/main.o" --specs=nano.specs -mfloat-abi=soft -mthumb -o "Src/main.o"
arm-none-eabi-gcc -gdwarf-2 "../LCD_Driver/Inc/LCD.c" -mcpu=cortex-m3 -std=gnu11 -g3 -DSTM32 -DSTM32F1 -DSTM32F103C6Tx -DDEBUG -c -I"D:/Embedded_System_Online_Diploma/Unit 7/Lesson 3/Section/LCD_KEYBAD/LCD_Driver/Inc" -I../Inc -I"D:/Embedded_System_Online_Diploma/Unit 7/Lesson 3/Section/LCD_KEYBAD/Stm32F103C6_Drivers/Inc" -I"D:/Embedded_System_Online_Diploma/Unit 7/Lesson 3/Section/LCD_KEYBAD/Stm32F103C6_Drivers/Inc" -O0 -ffunction-sections -fdata-sections -Wall -fstack-usage -MMD -MP -MF"LCD_Driver/Inc/LCD.d" -MT"LCD_Driver/Inc/LCD.o" --specs=nano.specs -mfloat-abi=soft -mthumb -o "LCD_Driver/Inc/LCD.o"
../Src/main.c: In function 'main':
../Src/main.c:35:3: warning: implicit declaration of function 'wait_ms'; did you mean 'wcstombs'? [-Wimplicit-function-declaration]
   wait_ms(500);
   ^~~~~~~
   wcstombs
../LCD_Driver/Inc/LCD.c: In function 'wait_ms':
../LCD_Driver/Inc/LCD.c:14:28: error: 's' undeclared (first use in this function)
   for (j = 0; j < 255; j++)s;
                            ^
../LCD_Driver/Inc/LCD.c:14:28: note: each undeclared identifier is reported only once for each function it appears in
In file included from ../LCD_Driver/Inc/LCD.c:9:0:
../LCD_Driver/Inc/LCD.c: In function 'LCD_kick':
../LCD_Driver/Inc/LCD.h:18:18: error: 'PORTA' undeclared (first use in this function)
 #define LCD_CTRL PORTA
                  ^
../LCD_Driver/Inc/LCD.c:25:16: note: in expansion of macro 'LCD_CTRL'
  GPIO_WritePin(LCD_CTRL, EN_SWITCH, GPIO_PIN_SET) ;
                ^~~~~~~~
../LCD_Driver/Inc/LCD.c: In function 'LCD_GPIOO_init':
../LCD_Driver/Inc/LCD.h:18:18: error: 'PORTA' undeclared (first use in this function)
 #define LCD_CTRL PORTA
                  ^
../LCD_Driver/Inc/LCD.c:41:12: note: in expansion of macro 'LCD_CTRL'
  GPIO_Init(LCD_CTRL, &PINConf) ;
            ^~~~~~~~
../LCD_Driver/Inc/LCD.c: In function 'LCD_isbusy':
../LCD_Driver/Inc/LCD.h:16:18: error: 'PORTA' undeclared (first use in this function)
 #define LCD_PORT PORTA
                  ^
../LCD_Driver/Inc/LCD.c:127:12: note: in expansion of macro 'LCD_PORT'
  GPIO_Init(LCD_PORT, &PINConf) ;
            ^~~~~~~~
../LCD_Driver/Inc/LCD.c: In function 'LCD_WRITE_COMMAND':
../LCD_Driver/Inc/LCD.h:16:18: error: 'PORTA' undeclared (first use in this function)
 #define LCD_PORT PORTA
                  ^
../LCD_Driver/Inc/LCD.c:259:17: note: in expansion of macro 'LCD_PORT'
  GPIO_WritePort(LCD_PORT, command) ;
                 ^~~~~~~~
../LCD_Driver/Inc/LCD.c: In function 'LCD_WRITE_CHAR':
../LCD_Driver/Inc/LCD.h:18:18: error: 'PORTA' undeclared (first use in this function)
 #define LCD_CTRL PORTA
                  ^
../LCD_Driver/Inc/LCD.c:280:16: note: in expansion of macro 'LCD_CTRL'
  GPIO_WritePin(LCD_CTRL, RS_SWITCH, GPIO_PIN_SET);
                ^~~~~~~~
make: *** [LCD_Driver/Inc/subdir.mk:18: LCD_Driver/Inc/LCD.o] Error 1
make: *** Waiting for unfinished jobs....
"make -j12 all" terminated with exit code 2. Build might be incomplete.
02:08:46 **** Incremental Build of configuration Debug for project LCD_KEYBAD ****
make -j12 all 
arm-none-eabi-gcc -gdwarf-2 "../Src/main.c" -mcpu=cortex-m3 -std=gnu11 -g3 -DSTM32 -DSTM32F1 -DSTM32F103C6Tx -DDEBUG -c -I../Inc -I"D:/Embedded_System_Online_Diploma/Unit 7/Lesson 3/Section/LCD_KEYBAD/Stm32F103C6_Drivers/Inc" -O0 -ffunction-sections -fdata-sections -Wall -fstack-usage -MMD -MP -MF"Src/main.d" -MT"Src/main.o" --specs=nano.specs -mfloat-abi=soft -mthumb -o "Src/main.o"
arm-none-eabi-gcc -gdwarf-2 "../LCD_Driver/Inc/LCD.c" -mcpu=cortex-m3 -std=gnu11 -g3 -DSTM32 -DSTM32F1 -DSTM32F103C6Tx -DDEBUG -c -I"D:/Embedded_System_Online_Diploma/Unit 7/Lesson 3/Section/LCD_KEYBAD/LCD_Driver/Inc" -I../Inc -I"D:/Embedded_System_Online_Diploma/Unit 7/Lesson 3/Section/LCD_KEYBAD/Stm32F103C6_Drivers/Inc" -I"D:/Embedded_System_Online_Diploma/Unit 7/Lesson 3/Section/LCD_KEYBAD/Stm32F103C6_Drivers/Inc" -O0 -ffunction-sections -fdata-sections -Wall -fstack-usage -MMD -MP -MF"LCD_Driver/Inc/LCD.d" -MT"LCD_Driver/Inc/LCD.o" --specs=nano.specs -mfloat-abi=soft -mthumb -o "LCD_Driver/Inc/LCD.o"
../LCD_Driver/Inc/LCD.c: In function 'wait_ms':
../LCD_Driver/Inc/LCD.c:14:28: error: 's' undeclared (first use in this function)
   for (j = 0; j < 255; j++)s;
                            ^
../LCD_Driver/Inc/LCD.c:14:28: note: each undeclared identifier is reported only once for each function it appears in
In file included from ../LCD_Driver/Inc/LCD.c:9:0:
../LCD_Driver/Inc/LCD.c: In function 'LCD_kick':
../LCD_Driver/Inc/LCD.h:18:18: error: 'PORTA' undeclared (first use in this function)
 #define LCD_CTRL PORTA
                  ^
../LCD_Driver/Inc/LCD.c:25:16: note: in expansion of macro 'LCD_CTRL'
  GPIO_WritePin(LCD_CTRL, EN_SWITCH, GPIO_PIN_SET) ;
                ^~~~~~~~
../LCD_Driver/Inc/LCD.c: In function 'LCD_GPIOO_init':
../LCD_Driver/Inc/LCD.h:18:18: error: 'PORTA' undeclared (first use in this function)
 #define LCD_CTRL PORTA
                  ^
../LCD_Driver/Inc/LCD.c:41:12: note: in expansion of macro 'LCD_CTRL'
  GPIO_Init(LCD_CTRL, &PINConf) ;
            ^~~~~~~~
../LCD_Driver/Inc/LCD.c: In function 'LCD_isbusy':
../LCD_Driver/Inc/LCD.h:16:18: error: 'PORTA' undeclared (first use in this function)
 #define LCD_PORT PORTA
                  ^
../LCD_Driver/Inc/LCD.c:127:12: note: in expansion of macro 'LCD_PORT'
  GPIO_Init(LCD_PORT, &PINConf) ;
            ^~~~~~~~
../LCD_Driver/Inc/LCD.c: In function 'LCD_WRITE_COMMAND':
../LCD_Driver/Inc/LCD.h:16:18: error: 'PORTA' undeclared (first use in this function)
 #define LCD_PORT PORTA
                  ^
../LCD_Driver/Inc/LCD.c:259:17: note: in expansion of macro 'LCD_PORT'
  GPIO_WritePort(LCD_PORT, command) ;
                 ^~~~~~~~
../LCD_Driver/Inc/LCD.c: In function 'LCD_WRITE_CHAR':
../LCD_Driver/Inc/LCD.h:18:18: error: 'PORTA' undeclared (first use in this function)
 #define LCD_CTRL PORTA
                  ^
../LCD_Driver/Inc/LCD.c:280:16: note: in expansion of macro 'LCD_CTRL'
  GPIO_WritePin(LCD_CTRL, RS_SWITCH, GPIO_PIN_SET);
                ^~~~~~~~
make: *** [LCD_Driver/Inc/subdir.mk:18: LCD_Driver/Inc/LCD.o] Error 1
make: *** Waiting for unfinished jobs....
"make -j12 all" terminated with exit code 2. Build might be incomplete.
02:08:56 **** Incremental Build of configuration Debug for project LCD_KEYBAD ****
make -j12 all 
arm-none-eabi-gcc -gdwarf-2 "../LCD_Driver/Inc/LCD.c" -mcpu=cortex-m3 -std=gnu11 -g3 -DSTM32 -DSTM32F1 -DSTM32F103C6Tx -DDEBUG -c -I"D:/Embedded_System_Online_Diploma/Unit 7/Lesson 3/Section/LCD_KEYBAD/LCD_Driver/Inc" -I../Inc -I"D:/Embedded_System_Online_Diploma/Unit 7/Lesson 3/Section/LCD_KEYBAD/Stm32F103C6_Drivers/Inc" -I"D:/Embedded_System_Online_Diploma/Unit 7/Lesson 3/Section/LCD_KEYBAD/Stm32F103C6_Drivers/Inc" -O0 -ffunction-sections -fdata-sections -Wall -fstack-usage -MMD -MP -MF"LCD_Driver/Inc/LCD.d" -MT"LCD_Driver/Inc/LCD.o" --specs=nano.specs -mfloat-abi=soft -mthumb -o "LCD_Driver/Inc/LCD.o"
In file included from ../LCD_Driver/Inc/LCD.c:9:0:
../LCD_Driver/Inc/LCD.c: In function 'LCD_kick':
../LCD_Driver/Inc/LCD.h:18:18: error: 'PORTA' undeclared (first use in this function)
 #define LCD_CTRL PORTA
                  ^
../LCD_Driver/Inc/LCD.c:25:16: note: in expansion of macro 'LCD_CTRL'
  GPIO_WritePin(LCD_CTRL, EN_SWITCH, GPIO_PIN_SET) ;
                ^~~~~~~~
../LCD_Driver/Inc/LCD.h:18:18: note: each undeclared identifier is reported only once for each function it appears in
 #define LCD_CTRL PORTA
                  ^
../LCD_Driver/Inc/LCD.c:25:16: note: in expansion of macro 'LCD_CTRL'
  GPIO_WritePin(LCD_CTRL, EN_SWITCH, GPIO_PIN_SET) ;
                ^~~~~~~~
../LCD_Driver/Inc/LCD.c: In function 'LCD_GPIOO_init':
../LCD_Driver/Inc/LCD.h:18:18: error: 'PORTA' undeclared (first use in this function)
 #define LCD_CTRL PORTA
                  ^
../LCD_Driver/Inc/LCD.c:41:12: note: in expansion of macro 'LCD_CTRL'
  GPIO_Init(LCD_CTRL, &PINConf) ;
            ^~~~~~~~
../LCD_Driver/Inc/LCD.c: In function 'LCD_isbusy':
../LCD_Driver/Inc/LCD.h:16:18: error: 'PORTA' undeclared (first use in this function)
 #define LCD_PORT PORTA
                  ^
../LCD_Driver/Inc/LCD.c:127:12: note: in expansion of macro 'LCD_PORT'
  GPIO_Init(LCD_PORT, &PINConf) ;
            ^~~~~~~~
../LCD_Driver/Inc/LCD.c: In function 'LCD_WRITE_COMMAND':
../LCD_Driver/Inc/LCD.h:16:18: error: 'PORTA' undeclared (first use in this function)
 #define LCD_PORT PORTA
                  ^
../LCD_Driver/Inc/LCD.c:259:17: note: in expansion of macro 'LCD_PORT'
  GPIO_WritePort(LCD_PORT, command) ;
                 ^~~~~~~~
../LCD_Driver/Inc/LCD.c: In function 'LCD_WRITE_CHAR':
../LCD_Driver/Inc/LCD.h:18:18: error: 'PORTA' undeclared (first use in this function)
 #define LCD_CTRL PORTA
                  ^
../LCD_Driver/Inc/LCD.c:280:16: note: in expansion of macro 'LCD_CTRL'
  GPIO_WritePin(LCD_CTRL, RS_SWITCH, GPIO_PIN_SET);
                ^~~~~~~~
make: *** [LCD_Driver/Inc/subdir.mk:18: LCD_Driver/Inc/LCD.o] Error 1
"make -j12 all" terminated with exit code 2. Build might be incomplete.
02:09:24 **** Clean-only build of configuration Debug for project LCD_KEYBAD ****
make -j12 clean 
rm -rf *
 
02:09:24 **** Incremental Build of configuration Debug for project LCD_KEYBAD ****
make -j12 all 
arm-none-eabi-gcc -gdwarf-2 "../Stm32F103C6_Drivers/LCD_Driver/Inc/LCD.c" -mcpu=cortex-m3 -std=gnu11 -g3 -DSTM32 -DSTM32F1 -DSTM32F103C6Tx -DDEBUG -c -I../Inc -I"D:/Embedded_System_Online_Diploma/Unit 7/Lesson 3/Section/LCD_KEYBAD/Stm32F103C6_Drivers/Inc" -I"D:/Embedded_System_Online_Diploma/Unit 7/Lesson 3/Section/LCD_KEYBAD/Stm32F103C6_Drivers/Inc" -O0 -ffunction-sections -fdata-sections -Wall -fstack-usage -MMD -MP -MF"Stm32F103C6_Drivers/LCD_Driver/Inc/LCD.d" -MT"Stm32F103C6_Drivers/LCD_Driver/Inc/LCD.o" --specs=nano.specs -mfloat-abi=soft -mthumb -o "Stm32F103C6_Drivers/LCD_Driver/Inc/LCD.o"
arm-none-eabi-gcc -gdwarf-2 -mcpu=cortex-m3 -g3 -c -x assembler-with-cpp -MMD -MP -MF"Startup/startup_stm32f103c6tx.d" -MT"Startup/startup_stm32f103c6tx.o" --specs=nano.specs -mfloat-abi=soft -mthumb -o "Startup/startup_stm32f103c6tx.o" "../Startup/startup_stm32f103c6tx.s"
arm-none-eabi-gcc -gdwarf-2 "../Src/main.c" -mcpu=cortex-m3 -std=gnu11 -g3 -DSTM32 -DSTM32F1 -DSTM32F103C6Tx -DDEBUG -c -I"D:/Embedded_System_Online_Diploma/Unit 7/Lesson 3/Section/LCD_KEYBAD/Stm32F103C6_Drivers/LCD_Driver/Inc" -I../Inc -I"D:/Embedded_System_Online_Diploma/Unit 7/Lesson 3/Section/LCD_KEYBAD/Stm32F103C6_Drivers/Inc" -O0 -ffunction-sections -fdata-sections -Wall -fstack-usage -MMD -MP -MF"Src/main.d" -MT"Src/main.o" --specs=nano.specs -mfloat-abi=soft -mthumb -o "Src/main.o"
arm-none-eabi-gcc -gdwarf-2 "../Src/syscalls.c" -mcpu=cortex-m3 -std=gnu11 -g3 -DSTM32 -DSTM32F1 -DSTM32F103C6Tx -DDEBUG -c -I"D:/Embedded_System_Online_Diploma/Unit 7/Lesson 3/Section/LCD_KEYBAD/Stm32F103C6_Drivers/LCD_Driver/Inc" -I../Inc -I"D:/Embedded_System_Online_Diploma/Unit 7/Lesson 3/Section/LCD_KEYBAD/Stm32F103C6_Drivers/Inc" -O0 -ffunction-sections -fdata-sections -Wall -fstack-usage -MMD -MP -MF"Src/syscalls.d" -MT"Src/syscalls.o" --specs=nano.specs -mfloat-abi=soft -mthumb -o "Src/syscalls.o"
arm-none-eabi-gcc -gdwarf-2 "../Src/sysmem.c" -mcpu=cortex-m3 -std=gnu11 -g3 -DSTM32 -DSTM32F1 -DSTM32F103C6Tx -DDEBUG -c -I"D:/Embedded_System_Online_Diploma/Unit 7/Lesson 3/Section/LCD_KEYBAD/Stm32F103C6_Drivers/LCD_Driver/Inc" -I../Inc -I"D:/Embedded_System_Online_Diploma/Unit 7/Lesson 3/Section/LCD_KEYBAD/Stm32F103C6_Drivers/Inc" -O0 -ffunction-sections -fdata-sections -Wall -fstack-usage -MMD -MP -MF"Src/sysmem.d" -MT"Src/sysmem.o" --specs=nano.specs -mfloat-abi=soft -mthumb -o "Src/sysmem.o"
In file included from ../Stm32F103C6_Drivers/LCD_Driver/Inc/LCD.c:9:0:
../Stm32F103C6_Drivers/LCD_Driver/Inc/LCD.c: In function 'LCD_kick':
../Stm32F103C6_Drivers/LCD_Driver/Inc/LCD.h:18:18: error: 'PORTA' undeclared (first use in this function)
 #define LCD_CTRL PORTA
                  ^
../Stm32F103C6_Drivers/LCD_Driver/Inc/LCD.c:25:16: note: in expansion of macro 'LCD_CTRL'
  GPIO_WritePin(LCD_CTRL, EN_SWITCH, GPIO_PIN_SET) ;
                ^~~~~~~~
../Stm32F103C6_Drivers/LCD_Driver/Inc/LCD.h:18:18: note: each undeclared identifier is reported only once for each function it appears in
 #define LCD_CTRL PORTA
                  ^
../Stm32F103C6_Drivers/LCD_Driver/Inc/LCD.c:25:16: note: in expansion of macro 'LCD_CTRL'
  GPIO_WritePin(LCD_CTRL, EN_SWITCH, GPIO_PIN_SET) ;
                ^~~~~~~~
../Stm32F103C6_Drivers/LCD_Driver/Inc/LCD.c: In function 'LCD_GPIOO_init':
../Stm32F103C6_Drivers/LCD_Driver/Inc/LCD.h:18:18: error: 'PORTA' undeclared (first use in this function)
 #define LCD_CTRL PORTA
                  ^
../Stm32F103C6_Drivers/LCD_Driver/Inc/LCD.c:41:12: note: in expansion of macro 'LCD_CTRL'
  GPIO_Init(LCD_CTRL, &PINConf) ;
            ^~~~~~~~
../Stm32F103C6_Drivers/LCD_Driver/Inc/LCD.c: In function 'LCD_isbusy':
../Stm32F103C6_Drivers/LCD_Driver/Inc/LCD.h:16:18: error: 'PORTA' undeclared (first use in this function)
 #define LCD_PORT PORTA
                  ^
../Stm32F103C6_Drivers/LCD_Driver/Inc/LCD.c:127:12: note: in expansion of macro 'LCD_PORT'
  GPIO_Init(LCD_PORT, &PINConf) ;
            ^~~~~~~~
../Stm32F103C6_Drivers/LCD_Driver/Inc/LCD.c: In function 'LCD_WRITE_COMMAND':
../Stm32F103C6_Drivers/LCD_Driver/Inc/LCD.h:16:18: error: 'PORTA' undeclared (first use in this function)
 #define LCD_PORT PORTA
                  ^
../Stm32F103C6_Drivers/LCD_Driver/Inc/LCD.c:259:17: note: in expansion of macro 'LCD_PORT'
  GPIO_WritePort(LCD_PORT, command) ;
                 ^~~~~~~~
../Stm32F103C6_Drivers/LCD_Driver/Inc/LCD.c: In function 'LCD_WRITE_CHAR':
../Stm32F103C6_Drivers/LCD_Driver/Inc/LCD.h:18:18: error: 'PORTA' undeclared (first use in this function)
 #define LCD_CTRL PORTA
                  ^
../Stm32F103C6_Drivers/LCD_Driver/Inc/LCD.c:280:16: note: in expansion of macro 'LCD_CTRL'
  GPIO_WritePin(LCD_CTRL, RS_SWITCH, GPIO_PIN_SET);
                ^~~~~~~~
make: *** [Stm32F103C6_Drivers/LCD_Driver/Inc/subdir.mk:18: Stm32F103C6_Drivers/LCD_Driver/Inc/LCD.o] Error 1
make: *** Waiting for unfinished jobs....
"make -j12 all" terminated with exit code 2. Build might be incomplete.
02:10:30 **** Incremental Build of configuration Debug for project LCD_KEYBAD ****
make -j12 all 
arm-none-eabi-gcc -gdwarf-2 "../Src/main.c" -mcpu=cortex-m3 -std=gnu11 -g3 -DSTM32 -DSTM32F1 -DSTM32F103C6Tx -DDEBUG -c -I"D:/Embedded_System_Online_Diploma/Unit 7/Lesson 3/Section/LCD_KEYBAD/Stm32F103C6_Drivers/LCD_Driver/Inc" -I../Inc -I"D:/Embedded_System_Online_Diploma/Unit 7/Lesson 3/Section/LCD_KEYBAD/Stm32F103C6_Drivers/Inc" -O0 -ffunction-sections -fdata-sections -Wall -fstack-usage -MMD -MP -MF"Src/main.d" -MT"Src/main.o" --specs=nano.specs -mfloat-abi=soft -mthumb -o "Src/main.o"
arm-none-eabi-gcc -gdwarf-2 "../Stm32F103C6_Drivers/LCD_Driver/Inc/LCD.c" -mcpu=cortex-m3 -std=gnu11 -g3 -DSTM32 -DSTM32F1 -DSTM32F103C6Tx -DDEBUG -c -I../Inc -I"D:/Embedded_System_Online_Diploma/Unit 7/Lesson 3/Section/LCD_KEYBAD/Stm32F103C6_Drivers/Inc" -I"D:/Embedded_System_Online_Diploma/Unit 7/Lesson 3/Section/LCD_KEYBAD/Stm32F103C6_Drivers/Inc" -O0 -ffunction-sections -fdata-sections -Wall -fstack-usage -MMD -MP -MF"Stm32F103C6_Drivers/LCD_Driver/Inc/LCD.d" -MT"Stm32F103C6_Drivers/LCD_Driver/Inc/LCD.o" --specs=nano.specs -mfloat-abi=soft -mthumb -o "Stm32F103C6_Drivers/LCD_Driver/Inc/LCD.o"
arm-none-eabi-gcc -gdwarf-2 -o "LCD_KEYBAD.elf" @"objects.list"   -mcpu=cortex-m3 -T"D:\Embedded_System_Online_Diploma\Unit 7\Lesson 3\Section\LCD_KEYBAD\STM32F103C6TX_FLASH.ld" --specs=nosys.specs -Wl,-Map="LCD_KEYBAD.map" -Wl,--gc-sections -static --specs=nano.specs -mfloat-abi=soft -mthumb -Wl,--start-group -lc -lm -Wl,--end-group
Stm32F103C6_Drivers/LCD_Driver/Inc/LCD.o: In function `LCD_kick':
D:/Embedded_System_Online_Diploma/Unit 7/Lesson 3/Section/LCD_KEYBAD/Debug/../Stm32F103C6_Drivers/LCD_Driver/Inc/LCD.c:25: undefined reference to `GPIO_WritePin'
D:/Embedded_System_Online_Diploma/Unit 7/Lesson 3/Section/LCD_KEYBAD/Debug/../Stm32F103C6_Drivers/LCD_Driver/Inc/LCD.c:29: undefined reference to `GPIO_WritePin'
Stm32F103C6_Drivers/LCD_Driver/Inc/LCD.o: In function `LCD_GPIOO_init':
D:/Embedded_System_Online_Diploma/Unit 7/Lesson 3/Section/LCD_KEYBAD/Debug/../Stm32F103C6_Drivers/LCD_Driver/Inc/LCD.c:41: undefined reference to `GPIO_Init'
D:/Embedded_System_Online_Diploma/Unit 7/Lesson 3/Section/LCD_KEYBAD/Debug/../Stm32F103C6_Drivers/LCD_Driver/Inc/LCD.c:46: undefined reference to `GPIO_Init'
D:/Embedded_System_Online_Diploma/Unit 7/Lesson 3/Section/LCD_KEYBAD/Debug/../Stm32F103C6_Drivers/LCD_Driver/Inc/LCD.c:51: undefined reference to `GPIO_Init'
D:/Embedded_System_Online_Diploma/Unit 7/Lesson 3/Section/LCD_KEYBAD/Debug/../Stm32F103C6_Drivers/LCD_Driver/Inc/LCD.c:54: undefined reference to `GPIO_WritePin'
D:/Embedded_System_Online_Diploma/Unit 7/Lesson 3/Section/LCD_KEYBAD/Debug/../Stm32F103C6_Drivers/LCD_Driver/Inc/LCD.c:55: undefined reference to `GPIO_WritePin'
D:/Embedded_System_Online_Diploma/Unit 7/Lesson 3/Section/LCD_KEYBAD/Debug/../Stm32F103C6_Drivers/LCD_Driver/Inc/LCD.c:56: undefined reference to `GPIO_WritePin'
D:/Embedded_System_Online_Diploma/Unit 7/Lesson 3/Section/LCD_KEYBAD/Debug/../Stm32F103C6_Drivers/LCD_Driver/Inc/LCD.c:63: undefined reference to `GPIO_Init'
D:/Embedded_System_Online_Diploma/Unit 7/Lesson 3/Section/LCD_KEYBAD/Debug/../Stm32F103C6_Drivers/LCD_Driver/Inc/LCD.c:68: undefined reference to `GPIO_Init'
D:/Embedded_System_Online_Diploma/Unit 7/Lesson 3/Section/LCD_KEYBAD/Debug/../Stm32F103C6_Drivers/LCD_Driver/Inc/LCD.c:73: undefined reference to `GPIO_Init'
D:/Embedded_System_Online_Diploma/Unit 7/Lesson 3/Section/LCD_KEYBAD/Debug/../Stm32F103C6_Drivers/LCD_Driver/Inc/LCD.c:78: undefined reference to `GPIO_Init'
D:/Embedded_System_Online_Diploma/Unit 7/Lesson 3/Section/LCD_KEYBAD/Debug/../Stm32F103C6_Drivers/LCD_Driver/Inc/LCD.c:83: undefined reference to `GPIO_Init'
Stm32F103C6_Drivers/LCD_Driver/Inc/LCD.o:D:/Embedded_System_Online_Diploma/Unit 7/Lesson 3/Section/LCD_KEYBAD/Debug/../Stm32F103C6_Drivers/LCD_Driver/Inc/LCD.c:88: more undefined references to `GPIO_Init' follow
Stm32F103C6_Drivers/LCD_Driver/Inc/LCD.o: In function `LCD_isbusy':
D:/Embedded_System_Online_Diploma/Unit 7/Lesson 3/Section/LCD_KEYBAD/Debug/../Stm32F103C6_Drivers/LCD_Driver/Inc/LCD.c:180: undefined reference to `GPIO_WritePin'
D:/Embedded_System_Online_Diploma/Unit 7/Lesson 3/Section/LCD_KEYBAD/Debug/../Stm32F103C6_Drivers/LCD_Driver/Inc/LCD.c:181: undefined reference to `GPIO_WritePin'
D:/Embedded_System_Online_Diploma/Unit 7/Lesson 3/Section/LCD_KEYBAD/Debug/../Stm32F103C6_Drivers/LCD_Driver/Inc/LCD.c:190: undefined reference to `GPIO_Init'
[...]
 
Finished building: LCD_KEYBAD.hex
Finished building: LCD_KEYBAD.bin
Finished building: LCD_KEYBAD.list
 
 
 
08:47:31 **** Incremental Build of configuration Debug for project LCD_KEYBAD ****
make -j12 all 
arm-none-eabi-gcc -gdwarf-2 "../Src/main.c" -mcpu=cortex-m3 -std=gnu11 -g3 -DSTM32 -DSTM32F1 -DSTM32F103C6Tx -DDEBUG -c -I../Inc -I"D:/Embedded_System_Online_Diploma/Unit 7/Lesson 3/Section/LCD_KEYBAD/Stm32F103C6_Drivers/KEYPAD_Driver" -I"D:/Embedded_System_Online_Diploma/Unit 7/Lesson 3/Section/LCD_KEYBAD/Stm32F103C6_Drivers/LCD_Driver" -I"D:/Embedded_System_Online_Diploma/Unit 7/Lesson 3/Section/LCD_KEYBAD/Stm32F103C6_Drivers/Inc" -O0 -ffunction-sections -fdata-sections -Wall -fstack-usage -MMD -MP -MF"Src/main.d" -MT"Src/main.o" --specs=nano.specs -mfloat-abi=soft -mthumb -o "Src/main.o"
../Src/main.c: In function 'main':
../Src/main.c:55:18: error: 'gpiob' undeclared (first use in this function)
   GPIO_WritePort(gpiob,seg[i]<<9);
                  ^~~~~
../Src/main.c:55:18: note: each undeclared identifier is reported only once for each function it appears in
make: *** [Src/subdir.mk:24: Src/main.o] Error 1
"make -j12 all" terminated with exit code 2. Build might be incomplete.
08:47:45 **** Incremental Build of configuration Debug for project LCD_KEYBAD ****
make -j12 all 
arm-none-eabi-gcc -gdwarf-2 "../Src/main.c" -mcpu=cortex-m3 -std=gnu11 -g3 -DSTM32 -DSTM32F1 -DSTM32F103C6Tx -DDEBUG -c -I../Inc -I"D:/Embedded_System_Online_Diploma/Unit 7/Lesson 3/Section/LCD_KEYBAD/Stm32F103C6_Drivers/KEYPAD_Driver" -I"D:/Embedded_System_Online_Diploma/Unit 7/Lesson 3/Section/LCD_KEYBAD/Stm32F103C6_Drivers/LCD_Driver" -I"D:/Embedded_System_Online_Diploma/Unit 7/Lesson 3/Section/LCD_KEYBAD/Stm32F103C6_Drivers/Inc" -O0 -ffunction-sections -fdata-sections -Wall -fstack-usage -MMD -MP -MF"Src/main.d" -MT"Src/main.o" --specs=nano.specs -mfloat-abi=soft -mthumb -o "Src/main.o"
arm-none-eabi-gcc -gdwarf-2 -o "LCD_KEYBAD.elf" @"objects.list"   -mcpu=cortex-m3 -T"D:\Embedded_System_Online_Diploma\Unit 7\Lesson 3\Section\LCD_KEYBAD\STM32F103C6TX_FLASH.ld" --specs=nosys.specs -Wl,-Map="LCD_KEYBAD.map" -Wl,--gc-sections -static --specs=nano.specs -mfloat-abi=soft -mthumb -Wl,--start-group -lc -lm -Wl,--end-group
Finished building target: LCD_KEYBAD.elf
 
arm-none-eabi-objdump -h -S  LCD_KEYBAD.elf  > "LCD_KEYBAD.list"
arm-none-eabi-objcopy  -O ihex  LCD_KEYBAD.elf  "LCD_KEYBAD.hex"
arm-none-eabi-objcopy  -O binary  LCD_KEYBAD.elf  "LCD_KEYBAD.bin"
arm-none-eabi-size   LCD_KEYBAD.elf 
   text	   data	    bss	    dec	    hex	filename
   3132	     40	   1576	   4748	   128c	LCD_KEYBAD.elf
Finished building: default.size.stdout
 
Finished building: LCD_KEYBAD.hex
Finished building: LCD_KEYBAD.bin
Finished building: LCD_KEYBAD.list
 
 
 
08:51:51 **** Incremental Build of configuration Debug for project LCD_KEYBAD ****
make -j12 all 
arm-none-eabi-gcc -gdwarf-2 "../Src/main.c" -mcpu=cortex-m3 -std=gnu11 -g3 -DSTM32 -DSTM32F1 -DSTM32F103C6Tx -DDEBUG -c -I../Inc -I"D:/Embedded_System_Online_Diploma/Unit 7/Lesson 3/Section/LCD_KEYBAD/Stm32F103C6_Drivers/KEYPAD_Driver" -I"D:/Embedded_System_Online_Diploma/Unit 7/Lesson 3/Section/LCD_KEYBAD/Stm32F103C6_Drivers/LCD_Driver" -I"D:/Embedded_System_Online_Diploma/Unit 7/Lesson 3/Section/LCD_KEYBAD/Stm32F103C6_Drivers/Inc" -O0 -ffunction-sections -fdata-sections -Wall -fstack-usage -MMD -MP -MF"Src/main.d" -MT"Src/main.o" --specs=nano.specs -mfloat-abi=soft -mthumb -o "Src/main.o"
arm-none-eabi-gcc -gdwarf-2 -o "LCD_KEYBAD.elf" @"objects.list"   -mcpu=cortex-m3 -T"D:\Embedded_System_Online_Diploma\Unit 7\Lesson 3\Section\LCD_KEYBAD\STM32F103C6TX_FLASH.ld" --specs=nosys.specs -Wl,-Map="LCD_KEYBAD.map" -Wl,--gc-sections -static --specs=nano.specs -mfloat-abi=soft -mthumb -Wl,--start-group -lc -lm -Wl,--end-group
Finished building target: LCD_KEYBAD.elf
 
arm-none-eabi-objdump -h -S  LCD_KEYBAD.elf  > "LCD_KEYBAD.list"
arm-none-eabi-objcopy  -O ihex  LCD_KEYBAD.elf  "LCD_KEYBAD.hex"
arm-none-eabi-objcopy  -O binary  LCD_KEYBAD.elf  "LCD_KEYBAD.bin"
arm-none-eabi-size   LCD_KEYBAD.elf 
   text	   data	    bss	    dec	    hex	filename
   3132	     40	   1576	   4748	   128c	LCD_KEYBAD.elf
Finished building: default.size.stdout
 
Finished building: LCD_KEYBAD.hex
Finished building: LCD_KEYBAD.bin
Finished building: LCD_KEYBAD.list
 
 
 
08:52:02 **** Incremental Build of configuration Debug for project LCD_KEYBAD ****
make -j12 all 
arm-none-eabi-gcc -gdwarf-2 "../Src/main.c" -mcpu=cortex-m3 -std=gnu11 -g3 -DSTM32 -DSTM32F1 -DSTM32F103C6Tx -DDEBUG -c -I../Inc -I"D:/Embedded_System_Online_Diploma/Unit 7/Lesson 3/Section/LCD_KEYBAD/Stm32F103C6_Drivers/KEYPAD_Driver" -I"D:/Embedded_System_Online_Diploma/Unit 7/Lesson 3/Section/LCD_KEYBAD/Stm32F103C6_Drivers/LCD_Driver" -I"D:/Embedded_System_Online_Diploma/Unit 7/Lesson 3/Section/LCD_KEYBAD/Stm32F103C6_Drivers/Inc" -O0 -ffunction-sections -fdata-sections -Wall -fstack-usage -MMD -MP -MF"Src/main.d" -MT"Src/main.o" --specs=nano.specs -mfloat-abi=soft -mthumb -o "Src/main.o"
arm-none-eabi-gcc -gdwarf-2 -o "LCD_KEYBAD.elf" @"objects.list"   -mcpu=cortex-m3 -T"D:\Embedded_System_Online_Diploma\Unit 7\Lesson 3\Section\LCD_KEYBAD\STM32F103C6TX_FLASH.ld" --specs=nosys.specs -Wl,-Map="LCD_KEYBAD.map" -Wl,--gc-sections -static --specs=nano.specs -mfloat-abi=soft -mthumb -Wl,--start-group -lc -lm -Wl,--end-group
Finished building target: LCD_KEYBAD.elf
 
arm-none-eabi-objdump -h -S  LCD_KEYBAD.elf  > "LCD_KEYBAD.list"
arm-none-eabi-objcopy  -O ihex  LCD_KEYBAD.elf  "LCD_KEYBAD.hex"
arm-none-eabi-objcopy  -O binary  LCD_KEYBAD.elf  "LCD_KEYBAD.bin"
arm-none-eabi-size   LCD_KEYBAD.elf 
   text	   data	    bss	    dec	    hex	filename
   3260	     40	   1576	   4876	   130c	LCD_KEYBAD.elf
Finished building: default.size.stdout
 
Finished building: LCD_KEYBAD.hex
Finished building: LCD_KEYBAD.bin
Finished building: LCD_KEYBAD.list
 
 
 
08:54:06 **** Incremental Build of configuration Debug for project LCD_KEYBAD ****
make -j12 all 
arm-none-eabi-gcc -gdwarf-2 "../Src/main.c" -mcpu=cortex-m3 -std=gnu11 -g3 -DSTM32 -DSTM32F1 -DSTM32F103C6Tx -DDEBUG -c -I../Inc -I"D:/Embedded_System_Online_Diploma/Unit 7/Lesson 3/Section/LCD_KEYBAD/Stm32F103C6_Drivers/KEYPAD_Driver" -I"D:/Embedded_System_Online_Diploma/Unit 7/Lesson 3/Section/LCD_KEYBAD/Stm32F103C6_Drivers/LCD_Driver" -I"D:/Embedded_System_Online_Diploma/Unit 7/Lesson 3/Section/LCD_KEYBAD/Stm32F103C6_Drivers/Inc" -O0 -ffunction-sections -fdata-sections -Wall -fstack-usage -MMD -MP -MF"Src/main.d" -MT"Src/main.o" --specs=nano.specs -mfloat-abi=soft -mthumb -o "Src/main.o"
arm-none-eabi-gcc -gdwarf-2 -o "LCD_KEYBAD.elf" @"objects.list"   -mcpu=cortex-m3 -T"D:\Embedded_System_Online_Diploma\Unit 7\Lesson 3\Section\LCD_KEYBAD\STM32F103C6TX_FLASH.ld" --specs=nosys.specs -Wl,-Map="LCD_KEYBAD.map" -Wl,--gc-sections -static --specs=nano.specs -mfloat-abi=soft -mthumb -Wl,--start-group -lc -lm -Wl,--end-group
Finished building target: LCD_KEYBAD.elf
 
arm-none-eabi-objdump -h -S  LCD_KEYBAD.elf  > "LCD_KEYBAD.list"
arm-none-eabi-objcopy  -O ihex  LCD_KEYBAD.elf  "LCD_KEYBAD.hex"
arm-none-eabi-objcopy  -O binary  LCD_KEYBAD.elf  "LCD_KEYBAD.bin"
arm-none-eabi-size   LCD_KEYBAD.elf 
   text	   data	    bss	    dec	    hex	filename
   3208	     40	   1576	   4824	   12d8	LCD_KEYBAD.elf
Finished building: default.size.stdout
 
Finished building: LCD_KEYBAD.hex
Finished building: LCD_KEYBAD.bin
Finished building: LCD_KEYBAD.list
 
 
 
08:56:06 **** Incremental Build of configuration Debug for project LCD_KEYBAD ****
make -j12 all 
arm-none-eabi-gcc -gdwarf-2 "../Src/main.c" -mcpu=cortex-m3 -std=gnu11 -g3 -DSTM32 -DSTM32F1 -DSTM32F103C6Tx -DDEBUG -c -I../Inc -I"D:/Embedded_System_Online_Diploma/Unit 7/Lesson 3/Section/LCD_KEYBAD/Stm32F103C6_Drivers/KEYPAD_Driver" -I"D:/Embedded_System_Online_Diploma/Unit 7/Lesson 3/Section/LCD_KEYBAD/Stm32F103C6_Drivers/LCD_Driver" -I"D:/Embedded_System_Online_Diploma/Unit 7/Lesson 3/Section/LCD_KEYBAD/Stm32F103C6_Drivers/Inc" -O0 -ffunction-sections -fdata-sections -Wall -fstack-usage -MMD -MP -MF"Src/main.d" -MT"Src/main.o" --specs=nano.specs -mfloat-abi=soft -mthumb -o "Src/main.o"
arm-none-eabi-gcc -gdwarf-2 -o "LCD_KEYBAD.elf" @"objects.list"   -mcpu=cortex-m3 -T"D:\Embedded_System_Online_Diploma\Unit 7\Lesson 3\Section\LCD_KEYBAD\STM32F103C6TX_FLASH.ld" --specs=nosys.specs -Wl,-Map="LCD_KEYBAD.map" -Wl,--gc-sections -static --specs=nano.specs -mfloat-abi=soft -mthumb -Wl,--start-group -lc -lm -Wl,--end-group
Finished building target: LCD_KEYBAD.elf
 
arm-none-eabi-objdump -h -S  LCD_KEYBAD.elf  > "LCD_KEYBAD.list"
arm-none-eabi-objcopy  -O ihex  LCD_KEYBAD.elf  "LCD_KEYBAD.hex"
arm-none-eabi-objcopy  -O binary  LCD_KEYBAD.elf  "LCD_KEYBAD.bin"
arm-none-eabi-size   LCD_KEYBAD.elf 
   text	   data	    bss	    dec	    hex	filename
   3244	     40	   1576	   4860	   12fc	LCD_KEYBAD.elf
Finished building: default.size.stdout
 
Finished building: LCD_KEYBAD.hex
Finished building: LCD_KEYBAD.bin
Finished building: LCD_KEYBAD.list
 
 
 
14:19:36 **** Incremental Build of configuration Debug for project LCD_KEYBAD ****
make -j12 all 
arm-none-eabi-gcc -gdwarf-2 "../Src/main.c" -mcpu=cortex-m3 -std=gnu11 -g3 -DSTM32 -DSTM32F1 -DSTM32F103C6Tx -DDEBUG -c -I../Inc -I"D:/Embedded_System_Online_Diploma/Unit 7/Lesson 3/Section/LCD_KEYBAD/Stm32F103C6_Drivers/KEYPAD_Driver" -I"D:/Embedded_System_Online_Diploma/Unit 7/Lesson 3/Section/LCD_KEYBAD/Stm32F103C6_Drivers/LCD_Driver" -I"D:/Embedded_System_Online_Diploma/Unit 7/Lesson 3/Section/LCD_KEYBAD/Stm32F103C6_Drivers/Inc" -O0 -ffunction-sections -fdata-sections -Wall -fstack-usage -MMD -MP -MF"Src/main.d" -MT"Src/main.o" --specs=nano.specs -mfloat-abi=soft -mthumb -o "Src/main.o"
arm-none-eabi-gcc -gdwarf-2 -o "LCD_KEYBAD.elf" @"objects.list"   -mcpu=cortex-m3 -T"D:\Embedded_System_Online_Diploma\Unit 7\Lesson 3\Section\LCD_KEYBAD\STM32F103C6TX_FLASH.ld" --specs=nosys.specs -Wl,-Map="LCD_KEYBAD.map" -Wl,--gc-sections -static --specs=nano.specs -mfloat-abi=soft -mthumb -Wl,--start-group -lc -lm -Wl,--end-group
Finished building target: LCD_KEYBAD.elf
 
arm-none-eabi-objdump -h -S  LCD_KEYBAD.elf  > "LCD_KEYBAD.list"
arm-none-eabi-objcopy  -O ihex  LCD_KEYBAD.elf  "LCD_KEYBAD.hex"
arm-none-eabi-objcopy  -O binary  LCD_KEYBAD.elf  "LCD_KEYBAD.bin"
arm-none-eabi-size   LCD_KEYBAD.elf 
   text	   data	    bss	    dec	    hex	filename
   3248	     40	   1576	   4864	   1300	LCD_KEYBAD.elf
Finished building: default.size.stdout
 
Finished building: LCD_KEYBAD.hex
Finished building: LCD_KEYBAD.list
Finished building: LCD_KEYBAD.bin
 
 
 
14:20:35 **** Incremental Build of configuration Debug for project LCD_KEYBAD ****
make -j12 all 
arm-none-eabi-gcc -gdwarf-2 "../Src/main.c" -mcpu=cortex-m3 -std=gnu11 -g3 -DSTM32 -DSTM32F1 -DSTM32F103C6Tx -DDEBUG -c -I../Inc -I"D:/Embedded_System_Online_Diploma/Unit 7/Lesson 3/Section/LCD_KEYBAD/Stm32F103C6_Drivers/KEYPAD_Driver" -I"D:/Embedded_System_Online_Diploma/Unit 7/Lesson 3/Section/LCD_KEYBAD/Stm32F103C6_Drivers/LCD_Driver" -I"D:/Embedded_System_Online_Diploma/Unit 7/Lesson 3/Section/LCD_KEYBAD/Stm32F103C6_Drivers/Inc" -O0 -ffunction-sections -fdata-sections -Wall -fstack-usage -MMD -MP -MF"Src/main.d" -MT"Src/main.o" --specs=nano.specs -mfloat-abi=soft -mthumb -o "Src/main.o"
arm-none-eabi-gcc -gdwarf-2 -o "LCD_KEYBAD.elf" @"objects.list"   -mcpu=cortex-m3 -T"D:\Embedded_System_Online_Diploma\Unit 7\Lesson 3\Section\LCD_KEYBAD\STM32F103C6TX_FLASH.ld" --specs=nosys.specs -Wl,-Map="LCD_KEYBAD.map" -Wl,--gc-sections -static --specs=nano.specs -mfloat-abi=soft -mthumb -Wl,--start-group -lc -lm -Wl,--end-group
Finished building target: LCD_KEYBAD.elf
 
arm-none-eabi-objdump -h -S  LCD_KEYBAD.elf  > "LCD_KEYBAD.list"
arm-none-eabi-objcopy  -O ihex  LCD_KEYBAD.elf  "LCD_KEYBAD.hex"
arm-none-eabi-objcopy  -O binary  LCD_KEYBAD.elf  "LCD_KEYBAD.bin"
arm-none-eabi-size   LCD_KEYBAD.elf 
   text	   data	    bss	    dec	    hex	filename
   3248	     40	   1576	   4864	   1300	LCD_KEYBAD.elf
Finished building: default.size.stdout
Finished building: LCD_KEYBAD.list
Finished building: LCD_KEYBAD.hex
 
Finished building: LCD_KEYBAD.bin
 
 
 
14:21:01 **** Incremental Build of configuration Debug for project LCD_KEYBAD ****
make -j12 all 
arm-none-eabi-gcc -gdwarf-2 "../Src/main.c" -mcpu=cortex-m3 -std=gnu11 -g3 -DSTM32 -DSTM32F1 -DSTM32F103C6Tx -DDEBUG -c -I../Inc -I"D:/Embedded_System_Online_Diploma/Unit 7/Lesson 3/Section/LCD_KEYBAD/Stm32F103C6_Drivers/KEYPAD_Driver" -I"D:/Embedded_System_Online_Diploma/Unit 7/Lesson 3/Section/LCD_KEYBAD/Stm32F103C6_Drivers/LCD_Driver" -I"D:/Embedded_System_Online_Diploma/Unit 7/Lesson 3/Section/LCD_KEYBAD/Stm32F103C6_Drivers/Inc" -O0 -ffunction-sections -fdata-sections -Wall -fstack-usage -MMD -MP -MF"Src/main.d" -MT"Src/main.o" --specs=nano.specs -mfloat-abi=soft -mthumb -o "Src/main.o"
arm-none-eabi-gcc -gdwarf-2 -o "LCD_KEYBAD.elf" @"objects.list"   -mcpu=cortex-m3 -T"D:\Embedded_System_Online_Diploma\Unit 7\Lesson 3\Section\LCD_KEYBAD\STM32F103C6TX_FLASH.ld" --specs=nosys.specs -Wl,-Map="LCD_KEYBAD.map" -Wl,--gc-sections -static --specs=nano.specs -mfloat-abi=soft -mthumb -Wl,--start-group -lc -lm -Wl,--end-group
Finished building target: LCD_KEYBAD.elf
 
arm-none-eabi-objdump -h -S  LCD_KEYBAD.elf  > "LCD_KEYBAD.list"
arm-none-eabi-objcopy  -O ihex  LCD_KEYBAD.elf  "LCD_KEYBAD.hex"
arm-none-eabi-objcopy  -O binary  LCD_KEYBAD.elf  "LCD_KEYBAD.bin"
arm-none-eabi-size   LCD_KEYBAD.elf 
   text	   data	    bss	    dec	    hex	filename
   3248	     40	   1576	   4864	   1300	LCD_KEYBAD.elf
Finished building: default.size.stdout
 
Finished building: LCD_KEYBAD.hex
Finished building: LCD_KEYBAD.bin
Finished building: LCD_KEYBAD.list
 
 
 
14:21:26 **** Incremental Build of configuration Debug for project LCD_KEYBAD ****
make -j12 all 
arm-none-eabi-gcc -gdwarf-2 "../Src/main.c" -mcpu=cortex-m3 -std=gnu11 -g3 -DSTM32 -DSTM32F1 -DSTM32F103C6Tx -DDEBUG -c -I../Inc -I"D:/Embedded_System_Online_Diploma/Unit 7/Lesson 3/Section/LCD_KEYBAD/Stm32F103C6_Drivers/KEYPAD_Driver" -I"D:/Embedded_System_Online_Diploma/Unit 7/Lesson 3/Section/LCD_KEYBAD/Stm32F103C6_Drivers/LCD_Driver" -I"D:/Embedded_System_Online_Diploma/Unit 7/Lesson 3/Section/LCD_KEYBAD/Stm32F103C6_Drivers/Inc" -O0 -ffunction-sections -fdata-sections -Wall -fstack-usage -MMD -MP -MF"Src/main.d" -MT"Src/main.o" --specs=nano.specs -mfloat-abi=soft -mthumb -o "Src/main.o"
arm-none-eabi-gcc -gdwarf-2 -o "LCD_KEYBAD.elf" @"objects.list"   -mcpu=cortex-m3 -T"D:\Embedded_System_Online_Diploma\Unit 7\Lesson 3\Section\LCD_KEYBAD\STM32F103C6TX_FLASH.ld" --specs=nosys.specs -Wl,-Map="LCD_KEYBAD.map" -Wl,--gc-sections -static --specs=nano.specs -mfloat-abi=soft -mthumb -Wl,--start-group -lc -lm -Wl,--end-group
Finished building target: LCD_KEYBAD.elf
 
arm-none-eabi-objdump -h -S  LCD_KEYBAD.elf  > "LCD_KEYBAD.list"
arm-none-eabi-objcopy  -O ihex  LCD_KEYBAD.elf  "LCD_KEYBAD.hex"
arm-none-eabi-objcopy  -O binary  LCD_KEYBAD.elf  "LCD_KEYBAD.bin"
arm-none-eabi-size   LCD_KEYBAD.elf 
   text	   data	    bss	    dec	    hex	filename
   3248	     40	   1576	   4864	   1300	LCD_KEYBAD.elf
Finished building: default.size.stdout
 
Finished building: LCD_KEYBAD.hex
Finished building: LCD_KEYBAD.bin
Finished building: LCD_KEYBAD.list
 
 
 
14:21:55 **** Incremental Build of configuration Debug for project LCD_KEYBAD ****
make -j12 all 
arm-none-eabi-gcc -gdwarf-2 "../Src/main.c" -mcpu=cortex-m3 -std=gnu11 -g3 -DSTM32 -DSTM32F1 -DSTM32F103C6Tx -DDEBUG -c -I../Inc -I"D:/Embedded_System_Online_Diploma/Unit 7/Lesson 3/Section/LCD_KEYBAD/Stm32F103C6_Drivers/KEYPAD_Driver" -I"D:/Embedded_System_Online_Diploma/Unit 7/Lesson 3/Section/LCD_KEYBAD/Stm32F103C6_Drivers/LCD_Driver" -I"D:/Embedded_System_Online_Diploma/Unit 7/Lesson 3/Section/LCD_KEYBAD/Stm32F103C6_Drivers/Inc" -O0 -ffunction-sections -fdata-sections -Wall -fstack-usage -MMD -MP -MF"Src/main.d" -MT"Src/main.o" --specs=nano.specs -mfloat-abi=soft -mthumb -o "Src/main.o"
arm-none-eabi-gcc -gdwarf-2 -o "LCD_KEYBAD.elf" @"objects.list"   -mcpu=cortex-m3 -T"D:\Embedded_System_Online_Diploma\Unit 7\Lesson 3\Section\LCD_KEYBAD\STM32F103C6TX_FLASH.ld" --specs=nosys.specs -Wl,-Map="LCD_KEYBAD.map" -Wl,--gc-sections -static --specs=nano.specs -mfloat-abi=soft -mthumb -Wl,--start-group -lc -lm -Wl,--end-group
Finished building target: LCD_KEYBAD.elf
 
arm-none-eabi-objdump -h -S  LCD_KEYBAD.elf  > "LCD_KEYBAD.list"
arm-none-eabi-objcopy  -O ihex  LCD_KEYBAD.elf  "LCD_KEYBAD.hex"
arm-none-eabi-objcopy  -O binary  LCD_KEYBAD.elf  "LCD_KEYBAD.bin"
arm-none-eabi-size   LCD_KEYBAD.elf 
   text	   data	    bss	    dec	    hex	filename
   3248	     40	   1576	   4864	   1300	LCD_KEYBAD.elf
Finished building: default.size.stdout
 
Finished building: LCD_KEYBAD.hex
Finished building: LCD_KEYBAD.bin
Finished building: LCD_KEYBAD.list
 
 
 
14:22:27 **** Incremental Build of configuration Debug for project LCD_KEYBAD ****
make -j12 all 
arm-none-eabi-gcc -gdwarf-2 "../Src/main.c" -mcpu=cortex-m3 -std=gnu11 -g3 -DSTM32 -DSTM32F1 -DSTM32F103C6Tx -DDEBUG -c -I../Inc -I"D:/Embedded_System_Online_Diploma/Unit 7/Lesson 3/Section/LCD_KEYBAD/Stm32F103C6_Drivers/KEYPAD_Driver" -I"D:/Embedded_System_Online_Diploma/Unit 7/Lesson 3/Section/LCD_KEYBAD/Stm32F103C6_Drivers/LCD_Driver" -I"D:/Embedded_System_Online_Diploma/Unit 7/Lesson 3/Section/LCD_KEYBAD/Stm32F103C6_Drivers/Inc" -O0 -ffunction-sections -fdata-sections -Wall -fstack-usage -MMD -MP -MF"Src/main.d" -MT"Src/main.o" --specs=nano.specs -mfloat-abi=soft -mthumb -o "Src/main.o"
arm-none-eabi-gcc -gdwarf-2 -o "LCD_KEYBAD.elf" @"objects.list"   -mcpu=cortex-m3 -T"D:\Embedded_System_Online_Diploma\Unit 7\Lesson 3\Section\LCD_KEYBAD\STM32F103C6TX_FLASH.ld" --specs=nosys.specs -Wl,-Map="LCD_KEYBAD.map" -Wl,--gc-sections -static --specs=nano.specs -mfloat-abi=soft -mthumb -Wl,--start-group -lc -lm -Wl,--end-group
Finished building target: LCD_KEYBAD.elf
 
arm-none-eabi-objdump -h -S  LCD_KEYBAD.elf  > "LCD_KEYBAD.list"
arm-none-eabi-objcopy  -O ihex  LCD_KEYBAD.elf  "LCD_KEYBAD.hex"
arm-none-eabi-objcopy  -O binary  LCD_KEYBAD.elf  "LCD_KEYBAD.bin"
arm-none-eabi-size   LCD_KEYBAD.elf 
   text	   data	    bss	    dec	    hex	filename
   3248	     40	   1576	   4864	   1300	LCD_KEYBAD.elf
Finished building: default.size.stdout
 
Finished building: LCD_KEYBAD.hex
Finished building: LCD_KEYBAD.bin
Finished building: LCD_KEYBAD.list
 
 
 
14:22:49 **** Incremental Build of configuration Debug for project LCD_KEYBAD ****
make -j12 all 
arm-none-eabi-gcc -gdwarf-2 "../Src/main.c" -mcpu=cortex-m3 -std=gnu11 -g3 -DSTM32 -DSTM32F1 -DSTM32F103C6Tx -DDEBUG -c -I../Inc -I"D:/Embedded_System_Online_Diploma/Unit 7/Lesson 3/Section/LCD_KEYBAD/Stm32F103C6_Drivers/KEYPAD_Driver" -I"D:/Embedded_System_Online_Diploma/Unit 7/Lesson 3/Section/LCD_KEYBAD/Stm32F103C6_Drivers/LCD_Driver" -I"D:/Embedded_System_Online_Diploma/Unit 7/Lesson 3/Section/LCD_KEYBAD/Stm32F103C6_Drivers/Inc" -O0 -ffunction-sections -fdata-sections -Wall -fstack-usage -MMD -MP -MF"Src/main.d" -MT"Src/main.o" --specs=nano.specs -mfloat-abi=soft -mthumb -o "Src/main.o"
arm-none-eabi-gcc -gdwarf-2 -o "LCD_KEYBAD.elf" @"objects.list"   -mcpu=cortex-m3 -T"D:\Embedded_System_Online_Diploma\Unit 7\Lesson 3\Section\LCD_KEYBAD\STM32F103C6TX_FLASH.ld" --specs=nosys.specs -Wl,-Map="LCD_KEYBAD.map" -Wl,--gc-sections -static --specs=nano.specs -mfloat-abi=soft -mthumb -Wl,--start-group -lc -lm -Wl,--end-group
Finished building target: LCD_KEYBAD.elf
 
arm-none-eabi-objdump -h -S  LCD_KEYBAD.elf  > "LCD_KEYBAD.list"
arm-none-eabi-objcopy  -O ihex  LCD_KEYBAD.elf  "LCD_KEYBAD.hex"
arm-none-eabi-objcopy  -O binary  LCD_KEYBAD.elf  "LCD_KEYBAD.bin"
arm-none-eabi-size   LCD_KEYBAD.elf 
   text	   data	    bss	    dec	    hex	filename
   3248	     40	   1576	   4864	   1300	LCD_KEYBAD.elf
Finished building: default.size.stdout
 
Finished building: LCD_KEYBAD.hex
Finished building: LCD_KEYBAD.list
Finished building: LCD_KEYBAD.bin
 
 
 
